matrix: 20 benchmark(s), 400 runs, 4 concurrent, tool=genus
  [1/400] r01_reset_backward_barrier       orig      off       p=10.4   MET
  [2/400] r01_reset_backward_barrier       orig      off       p=8.0    MET
  [3/400] r01_reset_backward_barrier       orig      off       p=6.4    MET
  [4/400] r01_reset_backward_barrier       orig      off       p=4.8    VIOLATED
  [5/400] r01_reset_backward_barrier       orig      off       p=3.6    VIOLATED
  [6/400] r01_reset_backward_barrier       orig      on        p=10.4   MET
  [7/400] r01_reset_backward_barrier       orig      on        p=8.0    MET
  [8/400] r01_reset_backward_barrier       orig      on        p=6.4    MET
  [9/400] r01_reset_backward_barrier       orig      on        p=4.8    MET
  [10/400] r01_reset_backward_barrier       orig      on        p=3.6    MET
  [11/400] r01_reset_backward_barrier       directive off       p=10.4   MET
  [12/400] r01_reset_backward_barrier       directive off       p=8.0    MET
  [13/400] r01_reset_backward_barrier       directive off       p=6.4    MET
  [14/400] r01_reset_backward_barrier       directive off       p=4.8    MET
  [15/400] r01_reset_backward_barrier       directive off       p=3.6    MET
  [16/400] r01_reset_backward_barrier       retimed   off       p=10.4   MET
  [17/400] r01_reset_backward_barrier       retimed   off       p=8.0    MET
  [18/400] r01_reset_backward_barrier       retimed   off       p=6.4    MET
  [19/400] r01_reset_backward_barrier       retimed   off       p=4.8    MET
  [20/400] r01_reset_backward_barrier       retimed   off       p=3.6    VIOLATED
  [21/400] r02_reset_no_valid_init          orig      off       p=6.5    MET
  [22/400] r02_reset_no_valid_init          orig      off       p=5.0    VIOLATED
  [23/400] r02_reset_no_valid_init          orig      off       p=4.0    VIOLATED
  [24/400] r02_reset_no_valid_init          orig      off       p=3.0    VIOLATED
  [25/400] r02_reset_no_valid_init          orig      off       p=2.25   VIOLATED
  [26/400] r02_reset_no_valid_init          orig      on        p=6.5    MET
  [27/400] r02_reset_no_valid_init          orig      on        p=5.0    MET
  [28/400] r02_reset_no_valid_init          orig      on        p=4.0    MET
  [29/400] r02_reset_no_valid_init          orig      on        p=3.0    MET
  [30/400] r02_reset_no_valid_init          orig      on        p=2.25   VIOLATED
  [31/400] r02_reset_no_valid_init          directive off       p=6.5    MET
  [32/400] r02_reset_no_valid_init          directive off       p=5.0    MET
  [33/400] r02_reset_no_valid_init          directive off       p=4.0    MET
  [34/400] r02_reset_no_valid_init          directive off       p=3.0    MET
  [35/400] r02_reset_no_valid_init          directive off       p=2.25   VIOLATED
  [36/400] r02_reset_no_valid_init          retimed   off       p=6.5    MET
  [37/400] r02_reset_no_valid_init          retimed   off       p=5.0    MET
  [38/400] r02_reset_no_valid_init          retimed   off       p=4.0    VIOLATED
  [39/400] r02_reset_no_valid_init          retimed   off       p=3.0    VIOLATED
  [40/400] r02_reset_no_valid_init          retimed   off       p=2.25   VIOLATED
  [41/400] r03_async_reset_blocker          orig      off       p=6.5    MET
  [42/400] r03_async_reset_blocker          orig      off       p=5.0    VIOLATED
  [43/400] r03_async_reset_blocker          orig      off       p=4.0    VIOLATED
  [44/400] r03_async_reset_blocker          orig      off       p=3.0    VIOLATED
  [45/400] r03_async_reset_blocker          orig      off       p=2.25   VIOLATED
  [46/400] r03_async_reset_blocker          orig      on        p=6.5    MET
  [47/400] r03_async_reset_blocker          orig      on        p=5.0    MET
  [48/400] r03_async_reset_blocker          orig      on        p=4.0    MET
  [49/400] r03_async_reset_blocker          orig      on        p=3.0    VIOLATED
  [50/400] r03_async_reset_blocker          orig      on        p=2.25   VIOLATED
  [51/400] r03_async_reset_blocker          directive off       p=6.5    MET
  [52/400] r03_async_reset_blocker          directive off       p=5.0    MET
  [53/400] r03_async_reset_blocker          directive off       p=4.0    MET
  [54/400] r03_async_reset_blocker          directive off       p=3.0    VIOLATED
  [55/400] r03_async_reset_blocker          directive off       p=2.25   VIOLATED
  [56/400] r03_async_reset_blocker          retimed   off       p=6.5    MET
  [57/400] r03_async_reset_blocker          retimed   off       p=5.0    MET
  [58/400] r03_async_reset_blocker          retimed   off       p=4.0    no metrics
  [59/400] r03_async_reset_blocker          retimed   off       p=3.0    no metrics
  [60/400] r03_async_reset_blocker          retimed   off       p=2.25   no metrics
  [61/400] r04_init_only_no_reset           orig      off       p=6.5    MET
  [62/400] r04_init_only_no_reset           orig      off       p=5.0    no metrics
  [63/400] r04_init_only_no_reset           orig      off       p=4.0    VIOLATED
  [64/400] r04_init_only_no_reset           orig      off       p=3.0    VIOLATED
  [65/400] r04_init_only_no_reset           orig      off       p=2.25   VIOLATED
  [66/400] r04_init_only_no_reset           orig      on        p=6.5    MET
  [67/400] r04_init_only_no_reset           orig      on        p=5.0    MET
  [68/400] r04_init_only_no_reset           orig      on        p=4.0    MET
  [69/400] r04_init_only_no_reset           orig      on        p=3.0    MET
  [70/400] r04_init_only_no_reset           orig      on        p=2.25   VIOLATED
  [71/400] r04_init_only_no_reset           directive off       p=6.5    MET
  [72/400] r04_init_only_no_reset           directive off       p=5.0    MET
  [73/400] r04_init_only_no_reset           directive off       p=4.0    MET
  [74/400] r04_init_only_no_reset           directive off       p=3.0    MET
  [75/400] r04_init_only_no_reset           directive off       p=2.25   VIOLATED
  [76/400] r04_init_only_no_reset           retimed   off       p=6.5    MET
  [77/400] r04_init_only_no_reset           retimed   off       p=5.0    MET
  [78/400] r04_init_only_no_reset           retimed   off       p=4.0    VIOLATED
  [79/400] r04_init_only_no_reset           retimed   off       p=3.0    VIOLATED
  [80/400] r04_init_only_no_reset           retimed   off       p=2.25   VIOLATED
  [81/400] r05_fsm_high_fanout              orig      off       p=9.1    MET
  [82/400] r05_fsm_high_fanout              orig      off       p=7.0    MET
  [83/400] r05_fsm_high_fanout              orig      off       p=5.6    MET
  [84/400] r05_fsm_high_fanout              orig      off       p=4.2    MET
  [85/400] r05_fsm_high_fanout              orig      off       p=3.15   MET
  [86/400] r05_fsm_high_fanout              orig      on        p=9.1    MET
  [87/400] r05_fsm_high_fanout              orig      on        p=7.0    MET
  [88/400] r05_fsm_high_fanout              orig      on        p=5.6    MET
  [89/400] r05_fsm_high_fanout              orig      on        p=4.2    MET
  [90/400] r05_fsm_high_fanout              orig      on        p=3.15   MET
  [91/400] r05_fsm_high_fanout              directive off       p=9.1    MET
  [92/400] r05_fsm_high_fanout              directive off       p=7.0    MET
  [93/400] r05_fsm_high_fanout              directive off       p=5.6    MET
  [94/400] r05_fsm_high_fanout              directive off       p=4.2    MET
  [95/400] r05_fsm_high_fanout              directive off       p=3.15   MET
  [96/400] r05_fsm_high_fanout              retimed   off       p=9.1    MET
  [97/400] r05_fsm_high_fanout              retimed   off       p=7.0    MET
  [98/400] r05_fsm_high_fanout              retimed   off       p=5.6    MET
  [99/400] r05_fsm_high_fanout              retimed   off       p=4.2    MET
  [100/400] r05_fsm_high_fanout              retimed   off       p=3.15   MET
  [101/400] r06_fsm_high_fanin               orig      off       p=7.8    MET
  [102/400] r06_fsm_high_fanin               orig      off       p=6.0    VIOLATED
  [103/400] r06_fsm_high_fanin               orig      off       p=4.8    VIOLATED
  [104/400] r06_fsm_high_fanin               orig      off       p=3.6    VIOLATED
  [105/400] r06_fsm_high_fanin               orig      off       p=2.7    VIOLATED
  [106/400] r06_fsm_high_fanin               orig      on        p=7.8    MET
  [107/400] r06_fsm_high_fanin               orig      on        p=6.0    MET
  [108/400] r06_fsm_high_fanin               orig      on        p=4.8    MET
  [109/400] r06_fsm_high_fanin               orig      on        p=3.6    VIOLATED
  [110/400] r06_fsm_high_fanin               orig      on        p=2.7    VIOLATED
  [111/400] r06_fsm_high_fanin               directive off       p=7.8    MET
  [112/400] r06_fsm_high_fanin               directive off       p=6.0    MET
  [113/400] r06_fsm_high_fanin               directive off       p=4.8    MET
  [114/400] r06_fsm_high_fanin               directive off       p=3.6    VIOLATED
  [115/400] r06_fsm_high_fanin               directive off       p=2.7    VIOLATED
  [116/400] r06_fsm_high_fanin               retimed   off       p=7.8    MET
  [117/400] r06_fsm_high_fanin               retimed   off       p=6.0    VIOLATED
  [118/400] r06_fsm_high_fanin               retimed   off       p=4.8    VIOLATED
  [119/400] r06_fsm_high_fanin               retimed   off       p=3.6    VIOLATED
  [120/400] r06_fsm_high_fanin               retimed   off       p=2.7    VIOLATED
  [121/400] r08_fsm_output_decode            orig      off       p=7.8    MET
  [122/400] r08_fsm_output_decode            orig      off       p=6.0    VIOLATED
  [123/400] r08_fsm_output_decode            orig      off       p=4.8    VIOLATED
  [124/400] r08_fsm_output_decode            orig      off       p=3.6    VIOLATED
  [125/400] r08_fsm_output_decode            orig      off       p=2.7    VIOLATED
  [126/400] r08_fsm_output_decode            orig      on        p=7.8    MET
  [127/400] r08_fsm_output_decode            orig      on        p=6.0    MET
  [128/400] r08_fsm_output_decode            orig      on        p=4.8    MET
  [129/400] r08_fsm_output_decode            orig      on        p=3.6    VIOLATED
  [130/400] r08_fsm_output_decode            orig      on        p=2.7    VIOLATED
  [131/400] r08_fsm_output_decode            directive off       p=7.8    MET
  [132/400] r08_fsm_output_decode            directive off       p=6.0    MET
  [133/400] r08_fsm_output_decode            directive off       p=4.8    MET
  [134/400] r08_fsm_output_decode            directive off       p=3.6    VIOLATED
  [135/400] r08_fsm_output_decode            directive off       p=2.7    VIOLATED
  [136/400] r08_fsm_output_decode            retimed   off       p=7.8    MET
  [137/400] r08_fsm_output_decode            retimed   off       p=6.0    MET
  [138/400] r08_fsm_output_decode            retimed   off       p=4.8    MET
  [139/400] r08_fsm_output_decode            retimed   off       p=3.6    VIOLATED
  [140/400] r08_fsm_output_decode            retimed   off       p=2.7    VIOLATED
  [141/400] r09_unbalanced_mult_pipe         orig      off       p=7.8    MET
  [142/400] r09_unbalanced_mult_pipe         orig      off       p=6.0    MET
  [143/400] r09_unbalanced_mult_pipe         orig      off       p=4.8    VIOLATED
  [144/400] r09_unbalanced_mult_pipe         orig      off       p=3.6    VIOLATED
  [145/400] r09_unbalanced_mult_pipe         orig      off       p=2.7    VIOLATED
  [146/400] r09_unbalanced_mult_pipe         orig      on        p=7.8    MET
  [147/400] r09_unbalanced_mult_pipe         orig      on        p=6.0    MET
  [148/400] r09_unbalanced_mult_pipe         orig      on        p=4.8    MET
  [149/400] r09_unbalanced_mult_pipe         orig      on        p=3.6    MET
  [150/400] r09_unbalanced_mult_pipe         orig      on        p=2.7    VIOLATED
  [151/400] r09_unbalanced_mult_pipe         directive off       p=7.8    MET
  [152/400] r09_unbalanced_mult_pipe         directive off       p=6.0    MET
  [153/400] r09_unbalanced_mult_pipe         directive off       p=4.8    MET
  [154/400] r09_unbalanced_mult_pipe         directive off       p=3.6    MET
  [155/400] r09_unbalanced_mult_pipe         directive off       p=2.7    VIOLATED
  [156/400] r09_unbalanced_mult_pipe         retimed   off       p=7.8    MET
  [157/400] r09_unbalanced_mult_pipe         retimed   off       p=6.0    MET
  [158/400] r09_unbalanced_mult_pipe         retimed   off       p=4.8    MET
  [159/400] r09_unbalanced_mult_pipe         retimed   off       p=3.6    VIOLATED
  [160/400] r09_unbalanced_mult_pipe         retimed   off       p=2.7    VIOLATED
  [161/400] r10_long_carry_chain             orig      off       p=7.8    MET
  [162/400] r10_long_carry_chain             orig      off       p=6.0    MET
  [163/400] r10_long_carry_chain             orig      off       p=4.8    MET
  [164/400] r10_long_carry_chain             orig      off       p=3.6    VIOLATED
  [165/400] r10_long_carry_chain             orig      off       p=2.7    VIOLATED
  [166/400] r10_long_carry_chain             orig      on        p=7.8    MET
  [167/400] r10_long_carry_chain             orig      on        p=6.0    MET
  [168/400] r10_long_carry_chain             orig      on        p=4.8    MET
  [169/400] r10_long_carry_chain             orig      on        p=3.6    MET
  [170/400] r10_long_carry_chain             orig      on        p=2.7    MET
  [171/400] r10_long_carry_chain             directive off       p=7.8    MET
  [172/400] r10_long_carry_chain             directive off       p=6.0    MET
  [173/400] r10_long_carry_chain             directive off       p=4.8    MET
  [174/400] r10_long_carry_chain             directive off       p=3.6    MET
  [175/400] r10_long_carry_chain             directive off       p=2.7    MET
  [176/400] r10_long_carry_chain             retimed   off       p=7.8    MET
  [177/400] r10_long_carry_chain             retimed   off       p=6.0    MET
  [178/400] r10_long_carry_chain             retimed   off       p=4.8    MET
  [179/400] r10_long_carry_chain             retimed   off       p=3.6    MET
  [180/400] r10_long_carry_chain             retimed   off       p=2.7    VIOLATED
  [181/400] r11_deep_retime_distance         orig      off       p=6.5    VIOLATED
  [182/400] r11_deep_retime_distance         orig      off       p=5.0    VIOLATED
  [183/400] r11_deep_retime_distance         orig      off       p=4.0    VIOLATED
  [184/400] r11_deep_retime_distance         orig      off       p=3.0    VIOLATED
  [185/400] r11_deep_retime_distance         orig      off       p=2.25   VIOLATED
  [186/400] r11_deep_retime_distance         orig      on        p=6.5    VIOLATED
  [187/400] r11_deep_retime_distance         orig      on        p=5.0    VIOLATED
  [188/400] r11_deep_retime_distance         orig      on        p=4.0    VIOLATED
  [189/400] r11_deep_retime_distance         orig      on        p=3.0    VIOLATED
  [190/400] r11_deep_retime_distance         orig      on        p=2.25   VIOLATED
  [191/400] r11_deep_retime_distance         directive off       p=6.5    VIOLATED
  [192/400] r11_deep_retime_distance         directive off       p=5.0    VIOLATED
  [193/400] r11_deep_retime_distance         directive off       p=4.0    VIOLATED
  [194/400] r11_deep_retime_distance         directive off       p=3.0    VIOLATED
  [195/400] r11_deep_retime_distance         directive off       p=2.25   VIOLATED
  [196/400] r11_deep_retime_distance         retimed   off       p=6.5    VIOLATED
  [197/400] r11_deep_retime_distance         retimed   off       p=5.0    VIOLATED
  [198/400] r11_deep_retime_distance         retimed   off       p=4.0    VIOLATED
  [199/400] r11_deep_retime_distance         retimed   off       p=3.0    VIOLATED
  [200/400] r11_deep_retime_distance         retimed   off       p=2.25   VIOLATED
  [201/400] r12_wide_reduction_tree          orig      off       p=7.8    MET
  [202/400] r12_wide_reduction_tree          orig      off       p=6.0    MET
  [203/400] r12_wide_reduction_tree          orig      off       p=4.8    MET
  [204/400] r12_wide_reduction_tree          orig      off       p=3.6    MET
  [205/400] r12_wide_reduction_tree          orig      off       p=2.7    MET
  [206/400] r12_wide_reduction_tree          orig      on        p=7.8    MET
  [207/400] r12_wide_reduction_tree          orig      on        p=6.0    MET
  [208/400] r12_wide_reduction_tree          orig      on        p=4.8    MET
  [209/400] r12_wide_reduction_tree          orig      on        p=3.6    MET
  [210/400] r12_wide_reduction_tree          orig      on        p=2.7    MET
  [211/400] r12_wide_reduction_tree          directive off       p=7.8    MET
  [212/400] r12_wide_reduction_tree          directive off       p=6.0    MET
  [213/400] r12_wide_reduction_tree          directive off       p=4.8    MET
  [214/400] r12_wide_reduction_tree          directive off       p=3.6    MET
  [215/400] r12_wide_reduction_tree          directive off       p=2.7    MET
  [216/400] r12_wide_reduction_tree          retimed   off       p=7.8    MET
  [217/400] r12_wide_reduction_tree          retimed   off       p=6.0    MET
  [218/400] r12_wide_reduction_tree          retimed   off       p=4.8    MET
  [219/400] r12_wide_reduction_tree          retimed   off       p=3.6    MET
  [220/400] r12_wide_reduction_tree          retimed   off       p=2.7    MET
  [221/400] r13_retime_around_sram           orig      off       p=7.8    MET
  [222/400] r13_retime_around_sram           orig      off       p=6.0    MET
  [223/400] r13_retime_around_sram           orig      off       p=4.8    VIOLATED
  [224/400] r13_retime_around_sram           orig      off       p=3.6    VIOLATED
  [225/400] r13_retime_around_sram           orig      off       p=2.7    VIOLATED
  [226/400] r13_retime_around_sram           orig      on        p=7.8    MET
  [227/400] r13_retime_around_sram           orig      on        p=6.0    MET
  [228/400] r13_retime_around_sram           orig      on        p=4.8    MET
  [229/400] r13_retime_around_sram           orig      on        p=3.6    MET
  [230/400] r13_retime_around_sram           orig      on        p=2.7    VIOLATED
  [231/400] r13_retime_around_sram           directive off       p=7.8    MET
  [232/400] r13_retime_around_sram           directive off       p=6.0    MET
  [233/400] r13_retime_around_sram           directive off       p=4.8    MET
  [234/400] r13_retime_around_sram           directive off       p=3.6    MET
  [235/400] r13_retime_around_sram           directive off       p=2.7    VIOLATED
  [236/400] r13_retime_around_sram           retimed   off       p=7.8    MET
  [237/400] r13_retime_around_sram           retimed   off       p=6.0    MET
  [238/400] r13_retime_around_sram           retimed   off       p=4.8    MET
  [239/400] r13_retime_around_sram           retimed   off       p=3.6    VIOLATED
  [240/400] r13_retime_around_sram           retimed   off       p=2.7    VIOLATED
  [241/400] r15_hier_boundary_block          orig      off       p=6.5    ?
  [242/400] r15_hier_boundary_block          orig      off       p=5.0    ?
  [243/400] r15_hier_boundary_block          orig      off       p=4.0    ?
  [244/400] r15_hier_boundary_block          orig      off       p=3.0    ?
  [245/400] r15_hier_boundary_block          orig      off       p=2.25   ?
  [246/400] r15_hier_boundary_block          orig      on        p=6.5    ?
  [247/400] r15_hier_boundary_block          orig      on        p=5.0    ?
  [248/400] r15_hier_boundary_block          orig      on        p=4.0    ?
  [249/400] r15_hier_boundary_block          orig      on        p=3.0    ?
  [250/400] r15_hier_boundary_block          orig      on        p=2.25   ?
  [251/400] r15_hier_boundary_block          directive off       p=6.5    ?
  [252/400] r15_hier_boundary_block          directive off       p=5.0    ?
  [253/400] r15_hier_boundary_block          directive off       p=4.0    ?
  [254/400] r15_hier_boundary_block          directive off       p=3.0    ?
  [255/400] r15_hier_boundary_block          directive off       p=2.25   ?
  [256/400] r15_hier_boundary_block          retimed   off       p=6.5    MET
  [257/400] r15_hier_boundary_block          retimed   off       p=5.0    MET
  [258/400] r15_hier_boundary_block          retimed   off       p=4.0    MET
  [259/400] r15_hier_boundary_block          retimed   off       p=3.0    VIOLATED
  [260/400] r15_hier_boundary_block          retimed   off       p=2.25   VIOLATED
  [261/400] r16_dont_touch_conflict          orig      off       p=6.5    MET
  [262/400] r16_dont_touch_conflict          orig      off       p=5.0    VIOLATED
  [263/400] r16_dont_touch_conflict          orig      off       p=4.0    VIOLATED
  [264/400] r16_dont_touch_conflict          orig      off       p=3.0    VIOLATED
  [265/400] r16_dont_touch_conflict          orig      off       p=2.25   VIOLATED
  [266/400] r16_dont_touch_conflict          orig      on        p=6.5    MET
  [267/400] r16_dont_touch_conflict          orig      on        p=5.0    MET
  [268/400] r16_dont_touch_conflict          orig      on        p=4.0    MET
  [269/400] r16_dont_touch_conflict          orig      on        p=3.0    MET
  [270/400] r16_dont_touch_conflict          orig      on        p=2.25   VIOLATED
  [271/400] r16_dont_touch_conflict          directive off       p=6.5    MET
  [272/400] r16_dont_touch_conflict          directive off       p=5.0    MET
  [273/400] r16_dont_touch_conflict          directive off       p=4.0    MET
  [274/400] r16_dont_touch_conflict          directive off       p=3.0    MET
  [275/400] r16_dont_touch_conflict          directive off       p=2.25   VIOLATED
  [276/400] r16_dont_touch_conflict          retimed   off       p=6.5    MET
  [277/400] r16_dont_touch_conflict          retimed   off       p=5.0    MET
  [278/400] r16_dont_touch_conflict          retimed   off       p=4.0    VIOLATED
  [279/400] r16_dont_touch_conflict          retimed   off       p=3.0    VIOLATED
  [280/400] r16_dont_touch_conflict          retimed   off       p=2.25   VIOLATED
  [281/400] r17_clock_enable_barrier         orig      off       p=7.8    MET
  [282/400] r17_clock_enable_barrier         orig      off       p=6.0    MET
  [283/400] r17_clock_enable_barrier         orig      off       p=4.8    VIOLATED
  [284/400] r17_clock_enable_barrier         orig      off       p=3.6    VIOLATED
  [285/400] r17_clock_enable_barrier         orig      off       p=2.7    VIOLATED
  [286/400] r17_clock_enable_barrier         orig      on        p=7.8    MET
  [287/400] r17_clock_enable_barrier         orig      on        p=6.0    MET
  [288/400] r17_clock_enable_barrier         orig      on        p=4.8    MET
  [289/400] r17_clock_enable_barrier         orig      on        p=3.6    MET
  [290/400] r17_clock_enable_barrier         orig      on        p=2.7    VIOLATED
  [291/400] r17_clock_enable_barrier         directive off       p=7.8    MET
  [292/400] r17_clock_enable_barrier         directive off       p=6.0    MET
  [293/400] r17_clock_enable_barrier         directive off       p=4.8    MET
  [294/400] r17_clock_enable_barrier         directive off       p=3.6    MET
  [295/400] r17_clock_enable_barrier         directive off       p=2.7    VIOLATED
  [296/400] r17_clock_enable_barrier         retimed   off       p=7.8    MET
  [297/400] r17_clock_enable_barrier         retimed   off       p=6.0    MET
  [298/400] r17_clock_enable_barrier         retimed   off       p=4.8    MET
  [299/400] r17_clock_enable_barrier         retimed   off       p=3.6    VIOLATED
  [300/400] r17_clock_enable_barrier         retimed   off       p=2.7    VIOLATED
  [301/400] r18_clock_gated_region           orig      off       p=7.8    MET
  [302/400] r18_clock_gated_region           orig      off       p=6.0    MET
  [303/400] r18_clock_gated_region           orig      off       p=4.8    VIOLATED
  [304/400] r18_clock_gated_region           orig      off       p=3.6    VIOLATED
  [305/400] r18_clock_gated_region           orig      off       p=2.7    VIOLATED
  [306/400] r18_clock_gated_region           orig      on        p=7.8    MET
  [307/400] r18_clock_gated_region           orig      on        p=6.0    MET
  [308/400] r18_clock_gated_region           orig      on        p=4.8    MET
  [309/400] r18_clock_gated_region           orig      on        p=3.6    VIOLATED
  [310/400] r18_clock_gated_region           orig      on        p=2.7    VIOLATED
  [311/400] r18_clock_gated_region           directive off       p=7.8    MET
  [312/400] r18_clock_gated_region           directive off       p=6.0    MET
  [313/400] r18_clock_gated_region           directive off       p=4.8    MET
  [314/400] r18_clock_gated_region           directive off       p=3.6    VIOLATED
  [315/400] r18_clock_gated_region           directive off       p=2.7    VIOLATED
  [316/400] r18_clock_gated_region           retimed   off       p=7.8    MET
  [317/400] r18_clock_gated_region           retimed   off       p=6.0    MET
  [318/400] r18_clock_gated_region           retimed   off       p=4.8    MET
  [319/400] r18_clock_gated_region           retimed   off       p=3.6    VIOLATED
  [320/400] r18_clock_gated_region           retimed   off       p=2.7    VIOLATED
  [321/400] r19_power_activity_retime        orig      off       p=7.8    MET
  [322/400] r19_power_activity_retime        orig      off       p=6.0    MET
  [323/400] r19_power_activity_retime        orig      off       p=4.8    MET
  [324/400] r19_power_activity_retime        orig      off       p=3.6    VIOLATED
  [325/400] r19_power_activity_retime        orig      off       p=2.7    VIOLATED
  [326/400] r19_power_activity_retime        orig      on        p=7.8    MET
  [327/400] r19_power_activity_retime        orig      on        p=6.0    MET
  [328/400] r19_power_activity_retime        orig      on        p=4.8    MET
  [329/400] r19_power_activity_retime        orig      on        p=3.6    MET
  [330/400] r19_power_activity_retime        orig      on        p=2.7    MET
  [331/400] r19_power_activity_retime        directive off       p=7.8    MET
  [332/400] r19_power_activity_retime        directive off       p=6.0    MET
  [333/400] r19_power_activity_retime        directive off       p=4.8    MET
  [334/400] r19_power_activity_retime        directive off       p=3.6    MET
  [335/400] r19_power_activity_retime        directive off       p=2.7    MET
  [336/400] r19_power_activity_retime        retimed   off       p=7.8    MET
  [337/400] r19_power_activity_retime        retimed   off       p=6.0    MET
  [338/400] r19_power_activity_retime        retimed   off       p=4.8    MET
  [339/400] r19_power_activity_retime        retimed   off       p=3.6    VIOLATED
  [340/400] r19_power_activity_retime        retimed   off       p=2.7    VIOLATED
  [341/400] r20_glitch_absorb                orig      off       p=7.8    MET
  [342/400] r20_glitch_absorb                orig      off       p=6.0    MET
  [343/400] r20_glitch_absorb                orig      off       p=4.8    MET
  [344/400] r20_glitch_absorb                orig      off       p=3.6    VIOLATED
  [345/400] r20_glitch_absorb                orig      off       p=2.7    VIOLATED
  [346/400] r20_glitch_absorb                orig      on        p=7.8    MET
  [347/400] r20_glitch_absorb                orig      on        p=6.0    MET
  [348/400] r20_glitch_absorb                orig      on        p=4.8    MET
  [349/400] r20_glitch_absorb                orig      on        p=3.6    MET
  [350/400] r20_glitch_absorb                orig      on        p=2.7    MET
  [351/400] r20_glitch_absorb                directive off       p=7.8    MET
  [352/400] r20_glitch_absorb                directive off       p=6.0    MET
  [353/400] r20_glitch_absorb                directive off       p=4.8    MET
  [354/400] r20_glitch_absorb                directive off       p=3.6    MET
  [355/400] r20_glitch_absorb                directive off       p=2.7    MET
  [356/400] r20_glitch_absorb                retimed   off       p=7.8    MET
  [357/400] r20_glitch_absorb                retimed   off       p=6.0    MET
  [358/400] r20_glitch_absorb                retimed   off       p=4.8    MET
  [359/400] r20_glitch_absorb                retimed   off       p=3.6    MET
  [360/400] r20_glitch_absorb                retimed   off       p=2.7    MET
  [361/400] r21_wire_pipeline_cross_die      orig      off       p=6.5    MET
  [362/400] r21_wire_pipeline_cross_die      orig      off       p=5.0    MET
  [363/400] r21_wire_pipeline_cross_die      orig      off       p=4.0    MET
  [364/400] r21_wire_pipeline_cross_die      orig      off       p=3.0    VIOLATED
  [365/400] r21_wire_pipeline_cross_die      orig      off       p=2.25   VIOLATED
  [366/400] r21_wire_pipeline_cross_die      orig      on        p=6.5    MET
  [367/400] r21_wire_pipeline_cross_die      orig      on        p=5.0    MET
  [368/400] r21_wire_pipeline_cross_die      orig      on        p=4.0    MET
  [369/400] r21_wire_pipeline_cross_die      orig      on        p=3.0    VIOLATED
  [370/400] r21_wire_pipeline_cross_die      orig      on        p=2.25   VIOLATED
  [371/400] r21_wire_pipeline_cross_die      directive off       p=6.5    MET
  [372/400] r21_wire_pipeline_cross_die      directive off       p=5.0    MET
  [373/400] r21_wire_pipeline_cross_die      directive off       p=4.0    MET
  [374/400] r21_wire_pipeline_cross_die      directive off       p=3.0    VIOLATED
  [375/400] r21_wire_pipeline_cross_die      directive off       p=2.25   VIOLATED
  [376/400] r21_wire_pipeline_cross_die      retimed   off       p=6.5    MET
  [377/400] r21_wire_pipeline_cross_die      retimed   off       p=5.0    MET
  [378/400] r21_wire_pipeline_cross_die      retimed   off       p=4.0    MET
  [379/400] r21_wire_pipeline_cross_die      retimed   off       p=3.0    VIOLATED
  [380/400] r21_wire_pipeline_cross_die      retimed   off       p=2.25   VIOLATED
  [381/400] r24_loop_bound_control           orig      off       p=7.8    VIOLATED
  [382/400] r24_loop_bound_control           orig      off       p=6.0    VIOLATED
  [383/400] r24_loop_bound_control           orig      off       p=4.8    VIOLATED
  [384/400] r24_loop_bound_control           orig      off       p=3.6    VIOLATED
  [385/400] r24_loop_bound_control           orig      off       p=2.7    VIOLATED
  [386/400] r24_loop_bound_control           orig      on        p=7.8    VIOLATED
  [387/400] r24_loop_bound_control           orig      on        p=6.0    VIOLATED
  [388/400] r24_loop_bound_control           orig      on        p=4.8    VIOLATED
  [389/400] r24_loop_bound_control           orig      on        p=3.6    VIOLATED
  [390/400] r24_loop_bound_control           orig      on        p=2.7    VIOLATED
  [391/400] r24_loop_bound_control           directive off       p=7.8    VIOLATED
  [392/400] r24_loop_bound_control           directive off       p=6.0    VIOLATED
  [393/400] r24_loop_bound_control           directive off       p=4.8    VIOLATED
  [394/400] r24_loop_bound_control           directive off       p=3.6    VIOLATED
  [395/400] r24_loop_bound_control           directive off       p=2.7    VIOLATED
  [396/400] r24_loop_bound_control           retimed   off       p=7.8    VIOLATED
  [397/400] r24_loop_bound_control           retimed   off       p=6.0    VIOLATED
  [398/400] r24_loop_bound_control           retimed   off       p=4.8    VIOLATED
  [399/400] r24_loop_bound_control           retimed   off       p=3.6    VIOLATED
  [400/400] r24_loop_bound_control           retimed   off       p=2.7    VIOLATED
wrote results/matrix_genus.json (400 rows)
