matrix: 24 benchmark(s), 576 runs, 4 concurrent, tool=genus
  [1/576] r01_reset_backward_barrier       orig      off       p=1.312  MET
  [2/576] r01_reset_backward_barrier       orig      off       p=1.089  MET
  [3/576] r01_reset_backward_barrier       orig      off       p=0.9    VIOLATED
  [4/576] r01_reset_backward_barrier       orig      off       p=0.739  VIOLATED
  [5/576] r01_reset_backward_barrier       orig      off       p=0.602  VIOLATED
  [6/576] r01_reset_backward_barrier       orig      off       p=0.493  VIOLATED
  [7/576] r01_reset_backward_barrier       orig      on        p=1.312  MET
  [8/576] r01_reset_backward_barrier       orig      on        p=1.089  MET
  [9/576] r01_reset_backward_barrier       orig      on        p=0.9    MET
  [10/576] r01_reset_backward_barrier       orig      on        p=0.739  MET
  [11/576] r01_reset_backward_barrier       orig      on        p=0.602  VIOLATED
  [12/576] r01_reset_backward_barrier       orig      on        p=0.493  VIOLATED
  [13/576] r01_reset_backward_barrier       directive off       p=1.312  MET
  [14/576] r01_reset_backward_barrier       directive off       p=1.089  MET
  [15/576] r01_reset_backward_barrier       directive off       p=0.9    MET
  [16/576] r01_reset_backward_barrier       directive off       p=0.739  MET
  [17/576] r01_reset_backward_barrier       directive off       p=0.602  VIOLATED
  [18/576] r01_reset_backward_barrier       directive off       p=0.493  VIOLATED
  [19/576] r01_reset_backward_barrier       retimed   off       p=1.312  MET
  [20/576] r01_reset_backward_barrier       retimed   off       p=1.089  MET
  [21/576] r01_reset_backward_barrier       retimed   off       p=0.9    MET
  [22/576] r01_reset_backward_barrier       retimed   off       p=0.739  MET
  [23/576] r01_reset_backward_barrier       retimed   off       p=0.602  VIOLATED
  [24/576] r01_reset_backward_barrier       retimed   off       p=0.493  VIOLATED
  [25/576] r02_reset_no_valid_init          orig      off       p=1.406  MET
  [26/576] r02_reset_no_valid_init          orig      off       p=1.167  MET
  [27/576] r02_reset_no_valid_init          orig      off       p=0.964  VIOLATED
  [28/576] r02_reset_no_valid_init          orig      off       p=0.792  VIOLATED
  [29/576] r02_reset_no_valid_init          orig      off       p=0.645  VIOLATED
  [30/576] r02_reset_no_valid_init          orig      off       p=0.528  VIOLATED
  [31/576] r02_reset_no_valid_init          orig      on        p=1.406  MET
  [32/576] r02_reset_no_valid_init          orig      on        p=1.167  MET
  [33/576] r02_reset_no_valid_init          orig      on        p=0.964  MET
  [34/576] r02_reset_no_valid_init          orig      on        p=0.792  MET
  [35/576] r02_reset_no_valid_init          orig      on        p=0.645  MET
  [36/576] r02_reset_no_valid_init          orig      on        p=0.528  VIOLATED
  [37/576] r02_reset_no_valid_init          directive off       p=1.406  MET
  [38/576] r02_reset_no_valid_init          directive off       p=1.167  MET
  [39/576] r02_reset_no_valid_init          directive off       p=0.964  MET
  [40/576] r02_reset_no_valid_init          directive off       p=0.792  MET
  [41/576] r02_reset_no_valid_init          directive off       p=0.645  MET
  [42/576] r02_reset_no_valid_init          directive off       p=0.528  VIOLATED
  [43/576] r02_reset_no_valid_init          retimed   off       p=1.406  MET
  [44/576] r02_reset_no_valid_init          retimed   off       p=1.167  MET
  [45/576] r02_reset_no_valid_init          retimed   off       p=0.964  MET
  [46/576] r02_reset_no_valid_init          retimed   off       p=0.792  MET
  [47/576] r02_reset_no_valid_init          retimed   off       p=0.645  VIOLATED
  [48/576] r02_reset_no_valid_init          retimed   off       p=0.528  VIOLATED
  [49/576] r03_async_reset_blocker          orig      off       p=1.191  MET
  [50/576] r03_async_reset_blocker          orig      off       p=0.988  VIOLATED
  [51/576] r03_async_reset_blocker          orig      off       p=0.816  VIOLATED
  [52/576] r03_async_reset_blocker          orig      off       p=0.671  VIOLATED
  [53/576] r03_async_reset_blocker          orig      off       p=0.546  VIOLATED
  [54/576] r03_async_reset_blocker          orig      off       p=0.447  VIOLATED
  [55/576] r03_async_reset_blocker          orig      on        p=1.191  MET
  [56/576] r03_async_reset_blocker          orig      on        p=0.988  MET
  [57/576] r03_async_reset_blocker          orig      on        p=0.816  MET
  [58/576] r03_async_reset_blocker          orig      on        p=0.671  MET
  [59/576] r03_async_reset_blocker          orig      on        p=0.546  VIOLATED
  [60/576] r03_async_reset_blocker          orig      on        p=0.447  VIOLATED
  [61/576] r03_async_reset_blocker          directive off       p=1.191  MET
  [62/576] r03_async_reset_blocker          directive off       p=0.988  MET
  [63/576] r03_async_reset_blocker          directive off       p=0.816  MET
  [64/576] r03_async_reset_blocker          directive off       p=0.671  MET
  [65/576] r03_async_reset_blocker          directive off       p=0.546  VIOLATED
  [66/576] r03_async_reset_blocker          directive off       p=0.447  VIOLATED
  [67/576] r03_async_reset_blocker          retimed   off       p=1.191  MET
  [68/576] r03_async_reset_blocker          retimed   off       p=0.988  MET
  [69/576] r03_async_reset_blocker          retimed   off       p=0.816  MET
  [70/576] r03_async_reset_blocker          retimed   off       p=0.671  VIOLATED
  [71/576] r03_async_reset_blocker          retimed   off       p=0.546  VIOLATED
  [72/576] r03_async_reset_blocker          retimed   off       p=0.447  VIOLATED
  [73/576] r04_init_only_no_reset           orig      off       p=1.335  MET
  [74/576] r04_init_only_no_reset           orig      off       p=1.108  MET
  [75/576] r04_init_only_no_reset           orig      off       p=0.915  VIOLATED
  [76/576] r04_init_only_no_reset           orig      off       p=0.752  VIOLATED
  [77/576] r04_init_only_no_reset           orig      off       p=0.612  VIOLATED
  [78/576] r04_init_only_no_reset           orig      off       p=0.501  VIOLATED
  [79/576] r04_init_only_no_reset           orig      on        p=1.335  MET
  [80/576] r04_init_only_no_reset           orig      on        p=1.108  MET
  [81/576] r04_init_only_no_reset           orig      on        p=0.915  MET
  [82/576] r04_init_only_no_reset           orig      on        p=0.752  MET
  [83/576] r04_init_only_no_reset           orig      on        p=0.612  VIOLATED
  [84/576] r04_init_only_no_reset           orig      on        p=0.501  VIOLATED
  [85/576] r04_init_only_no_reset           directive off       p=1.335  MET
  [86/576] r04_init_only_no_reset           directive off       p=1.108  MET
  [87/576] r04_init_only_no_reset           directive off       p=0.915  MET
  [88/576] r04_init_only_no_reset           directive off       p=0.752  MET
  [89/576] r04_init_only_no_reset           directive off       p=0.612  VIOLATED
  [90/576] r04_init_only_no_reset           directive off       p=0.501  VIOLATED
  [91/576] r04_init_only_no_reset           retimed   off       p=1.335  MET
  [92/576] r04_init_only_no_reset           retimed   off       p=1.108  MET
  [93/576] r04_init_only_no_reset           retimed   off       p=0.915  MET
  [94/576] r04_init_only_no_reset           retimed   off       p=0.752  MET
  [95/576] r04_init_only_no_reset           retimed   off       p=0.612  VIOLATED
  [96/576] r04_init_only_no_reset           retimed   off       p=0.501  VIOLATED
  [97/576] r05_fsm_high_fanout              orig      off       p=0.266  VIOLATED
  [98/576] r05_fsm_high_fanout              orig      off       p=0.22   VIOLATED
  [99/576] r05_fsm_high_fanout              orig      off       p=0.182  VIOLATED
  [100/576] r05_fsm_high_fanout              orig      off       p=0.15   VIOLATED
  [101/576] r05_fsm_high_fanout              orig      off       p=0.122  VIOLATED
  [102/576] r05_fsm_high_fanout              orig      off       p=0.1    VIOLATED
  [103/576] r05_fsm_high_fanout              orig      on        p=0.266  VIOLATED
  [104/576] r05_fsm_high_fanout              orig      on        p=0.22   VIOLATED
  [105/576] r05_fsm_high_fanout              orig      on        p=0.182  VIOLATED
  [106/576] r05_fsm_high_fanout              orig      on        p=0.15   VIOLATED
  [107/576] r05_fsm_high_fanout              orig      on        p=0.122  VIOLATED
  [108/576] r05_fsm_high_fanout              orig      on        p=0.1    VIOLATED
  [109/576] r05_fsm_high_fanout              directive off       p=0.266  VIOLATED
  [110/576] r05_fsm_high_fanout              directive off       p=0.22   VIOLATED
  [111/576] r05_fsm_high_fanout              directive off       p=0.182  VIOLATED
  [112/576] r05_fsm_high_fanout              directive off       p=0.15   VIOLATED
  [113/576] r05_fsm_high_fanout              directive off       p=0.122  VIOLATED
  [114/576] r05_fsm_high_fanout              directive off       p=0.1    VIOLATED
  [115/576] r05_fsm_high_fanout              retimed   off       p=0.266  VIOLATED
  [116/576] r05_fsm_high_fanout              retimed   off       p=0.22   VIOLATED
  [117/576] r05_fsm_high_fanout              retimed   off       p=0.182  VIOLATED
  [118/576] r05_fsm_high_fanout              retimed   off       p=0.15   VIOLATED
  [119/576] r05_fsm_high_fanout              retimed   off       p=0.122  VIOLATED
  [120/576] r05_fsm_high_fanout              retimed   off       p=0.1    VIOLATED
  [121/576] r06_fsm_high_fanin               orig      off       p=1.866  MET
  [122/576] r06_fsm_high_fanin               orig      off       p=1.548  MET
  [123/576] r06_fsm_high_fanin               orig      off       p=1.28   MET
  [124/576] r06_fsm_high_fanin               orig      off       p=1.051  MET
  [125/576] r06_fsm_high_fanin               orig      off       p=0.856  VIOLATED
  [126/576] r06_fsm_high_fanin               orig      off       p=0.701  VIOLATED
  [127/576] r06_fsm_high_fanin               orig      on        p=1.866  MET
  [128/576] r06_fsm_high_fanin               orig      on        p=1.548  MET
  [129/576] r06_fsm_high_fanin               orig      on        p=1.28   MET
  [130/576] r06_fsm_high_fanin               orig      on        p=1.051  MET
  [131/576] r06_fsm_high_fanin               orig      on        p=0.856  MET
  [132/576] r06_fsm_high_fanin               orig      on        p=0.701  VIOLATED
  [133/576] r06_fsm_high_fanin               directive off       p=1.866  MET
  [134/576] r06_fsm_high_fanin               directive off       p=1.548  MET
  [135/576] r06_fsm_high_fanin               directive off       p=1.28   MET
  [136/576] r06_fsm_high_fanin               directive off       p=1.051  MET
  [137/576] r06_fsm_high_fanin               directive off       p=0.856  MET
  [138/576] r06_fsm_high_fanin               directive off       p=0.701  VIOLATED
  [139/576] r06_fsm_high_fanin               retimed   off       p=1.866  MET
  [140/576] r06_fsm_high_fanin               retimed   off       p=1.548  MET
  [141/576] r06_fsm_high_fanin               retimed   off       p=1.28   MET
  [142/576] r06_fsm_high_fanin               retimed   off       p=1.051  MET
  [143/576] r06_fsm_high_fanin               retimed   off       p=0.856  VIOLATED
  [144/576] r06_fsm_high_fanin               retimed   off       p=0.701  VIOLATED
  [145/576] r08_fsm_output_decode            orig      off       p=1.711  MET
  [146/576] r08_fsm_output_decode            orig      off       p=1.419  MET
  [147/576] r08_fsm_output_decode            orig      off       p=1.173  MET
  [148/576] r08_fsm_output_decode            orig      off       p=0.964  MET
  [149/576] r08_fsm_output_decode            orig      off       p=0.784  VIOLATED
  [150/576] r08_fsm_output_decode            orig      off       p=0.642  VIOLATED
  [151/576] r08_fsm_output_decode            orig      on        p=1.711  MET
  [152/576] r08_fsm_output_decode            orig      on        p=1.419  MET
  [153/576] r08_fsm_output_decode            orig      on        p=1.173  MET
  [154/576] r08_fsm_output_decode            orig      on        p=0.964  MET
  [155/576] r08_fsm_output_decode            orig      on        p=0.784  MET
  [156/576] r08_fsm_output_decode            orig      on        p=0.642  VIOLATED
  [157/576] r08_fsm_output_decode            directive off       p=1.711  MET
  [158/576] r08_fsm_output_decode            directive off       p=1.419  MET
  [159/576] r08_fsm_output_decode            directive off       p=1.173  MET
  [160/576] r08_fsm_output_decode            directive off       p=0.964  MET
  [161/576] r08_fsm_output_decode            directive off       p=0.784  MET
  [162/576] r08_fsm_output_decode            directive off       p=0.642  VIOLATED
  [163/576] r08_fsm_output_decode            retimed   off       p=1.711  MET
  [164/576] r08_fsm_output_decode            retimed   off       p=1.419  MET
  [165/576] r08_fsm_output_decode            retimed   off       p=1.173  MET
  [166/576] r08_fsm_output_decode            retimed   off       p=0.964  MET
  [167/576] r08_fsm_output_decode            retimed   off       p=0.784  VIOLATED
  [168/576] r08_fsm_output_decode            retimed   off       p=0.642  VIOLATED
  [169/576] r09_unbalanced_mult_pipe         orig      off       p=1.319  MET
  [170/576] r09_unbalanced_mult_pipe         orig      off       p=1.094  MET
  [171/576] r09_unbalanced_mult_pipe         orig      off       p=0.904  VIOLATED
  [172/576] r09_unbalanced_mult_pipe         orig      off       p=0.743  VIOLATED
  [173/576] r09_unbalanced_mult_pipe         orig      off       p=0.605  VIOLATED
  [174/576] r09_unbalanced_mult_pipe         orig      off       p=0.495  VIOLATED
  [175/576] r09_unbalanced_mult_pipe         orig      on        p=1.319  MET
  [176/576] r09_unbalanced_mult_pipe         orig      on        p=1.094  MET
  [177/576] r09_unbalanced_mult_pipe         orig      on        p=0.904  MET
  [178/576] r09_unbalanced_mult_pipe         orig      on        p=0.743  MET
  [179/576] r09_unbalanced_mult_pipe         orig      on        p=0.605  MET
  [180/576] r09_unbalanced_mult_pipe         orig      on        p=0.495  VIOLATED
  [181/576] r09_unbalanced_mult_pipe         directive off       p=1.319  MET
  [182/576] r09_unbalanced_mult_pipe         directive off       p=1.094  MET
  [183/576] r09_unbalanced_mult_pipe         directive off       p=0.904  MET
  [184/576] r09_unbalanced_mult_pipe         directive off       p=0.743  MET
  [185/576] r09_unbalanced_mult_pipe         directive off       p=0.605  MET
  [186/576] r09_unbalanced_mult_pipe         directive off       p=0.495  VIOLATED
  [187/576] r09_unbalanced_mult_pipe         retimed   off       p=1.319  MET
  [188/576] r09_unbalanced_mult_pipe         retimed   off       p=1.094  MET
  [189/576] r09_unbalanced_mult_pipe         retimed   off       p=0.904  MET
  [190/576] r09_unbalanced_mult_pipe         retimed   off       p=0.743  VIOLATED
  [191/576] r09_unbalanced_mult_pipe         retimed   off       p=0.605  VIOLATED
  [192/576] r09_unbalanced_mult_pipe         retimed   off       p=0.495  VIOLATED
  [193/576] r10_long_carry_chain             orig      off       p=0.93   MET
  [194/576] r10_long_carry_chain             orig      off       p=0.771  VIOLATED
  [195/576] r10_long_carry_chain             orig      off       p=0.637  VIOLATED
  [196/576] r10_long_carry_chain             orig      off       p=0.524  VIOLATED
  [197/576] r10_long_carry_chain             orig      off       p=0.426  VIOLATED
  [198/576] r10_long_carry_chain             orig      off       p=0.349  VIOLATED
  [199/576] r10_long_carry_chain             orig      on        p=0.93   MET
  [200/576] r10_long_carry_chain             orig      on        p=0.771  MET
  [201/576] r10_long_carry_chain             orig      on        p=0.637  MET
  [202/576] r10_long_carry_chain             orig      on        p=0.524  VIOLATED
  [203/576] r10_long_carry_chain             orig      on        p=0.426  VIOLATED
  [204/576] r10_long_carry_chain             orig      on        p=0.349  VIOLATED
  [205/576] r10_long_carry_chain             directive off       p=0.93   MET
  [206/576] r10_long_carry_chain             directive off       p=0.771  MET
  [207/576] r10_long_carry_chain             directive off       p=0.637  MET
  [208/576] r10_long_carry_chain             directive off       p=0.524  VIOLATED
  [209/576] r10_long_carry_chain             directive off       p=0.426  VIOLATED
  [210/576] r10_long_carry_chain             directive off       p=0.349  VIOLATED
  [211/576] r10_long_carry_chain             retimed   off       p=0.93   MET
  [212/576] r10_long_carry_chain             retimed   off       p=0.771  VIOLATED
  [213/576] r10_long_carry_chain             retimed   off       p=0.637  VIOLATED
  [214/576] r10_long_carry_chain             retimed   off       p=0.524  VIOLATED
  [215/576] r10_long_carry_chain             retimed   off       p=0.426  VIOLATED
  [216/576] r10_long_carry_chain             retimed   off       p=0.349  VIOLATED
  [217/576] r11_deep_retime_distance         orig      off       p=7.896  MET
  [218/576] r11_deep_retime_distance         orig      off       p=6.551  MET
  [219/576] r11_deep_retime_distance         orig      off       p=5.413  MET
