matrix: 23 benchmark(s), 460 runs, 6 concurrent, tool=yosys
  [1/460] r01_reset_backward_barrier       orig      off       p=10.4   VIOLATED
  [2/460] r01_reset_backward_barrier       orig      off       p=8.0    VIOLATED
  [3/460] r01_reset_backward_barrier       orig      off       p=6.4    VIOLATED
  [4/460] r01_reset_backward_barrier       orig      off       p=4.8    VIOLATED
  [5/460] r01_reset_backward_barrier       orig      off       p=3.6    VIOLATED
  [6/460] r01_reset_backward_barrier       orig      on        p=10.4   MET
  [7/460] r01_reset_backward_barrier       orig      on        p=8.0    MET
  [8/460] r01_reset_backward_barrier       orig      on        p=6.4    VIOLATED
  [9/460] r01_reset_backward_barrier       orig      on        p=4.8    VIOLATED
  [10/460] r01_reset_backward_barrier       orig      on        p=3.6    VIOLATED
  [11/460] r01_reset_backward_barrier       directive on        p=10.4   MET
  [12/460] r01_reset_backward_barrier       directive on        p=8.0    MET
  [13/460] r01_reset_backward_barrier       directive on        p=6.4    VIOLATED
  [14/460] r01_reset_backward_barrier       directive on        p=4.8    VIOLATED
  [15/460] r01_reset_backward_barrier       directive on        p=3.6    VIOLATED
  [16/460] r01_reset_backward_barrier       retimed   off       p=10.4   MET
  [17/460] r01_reset_backward_barrier       retimed   off       p=8.0    MET
  [18/460] r01_reset_backward_barrier       retimed   off       p=6.4    VIOLATED
  [19/460] r01_reset_backward_barrier       retimed   off       p=4.8    VIOLATED
  [20/460] r01_reset_backward_barrier       retimed   off       p=3.6    VIOLATED
  [21/460] r02_reset_no_valid_init          orig      off       p=6.5    VIOLATED
  [22/460] r02_reset_no_valid_init          orig      off       p=5.0    VIOLATED
  [23/460] r02_reset_no_valid_init          orig      off       p=4.0    VIOLATED
  [24/460] r02_reset_no_valid_init          orig      off       p=3.0    VIOLATED
  [25/460] r02_reset_no_valid_init          orig      off       p=2.25   VIOLATED
  [26/460] r02_reset_no_valid_init          orig      on        p=6.5    VIOLATED
  [27/460] r02_reset_no_valid_init          orig      on        p=5.0    VIOLATED
  [28/460] r02_reset_no_valid_init          orig      on        p=4.0    VIOLATED
  [29/460] r02_reset_no_valid_init          orig      on        p=3.0    VIOLATED
  [30/460] r02_reset_no_valid_init          orig      on        p=2.25   VIOLATED
  [31/460] r02_reset_no_valid_init          directive on        p=6.5    VIOLATED
  [32/460] r02_reset_no_valid_init          directive on        p=5.0    VIOLATED
  [33/460] r02_reset_no_valid_init          directive on        p=4.0    VIOLATED
  [34/460] r02_reset_no_valid_init          directive on        p=3.0    VIOLATED
  [35/460] r02_reset_no_valid_init          directive on        p=2.25   VIOLATED
  [36/460] r02_reset_no_valid_init          retimed   off       p=6.5    VIOLATED
  [37/460] r02_reset_no_valid_init          retimed   off       p=5.0    VIOLATED
  [38/460] r02_reset_no_valid_init          retimed   off       p=4.0    VIOLATED
  [39/460] r02_reset_no_valid_init          retimed   off       p=3.0    VIOLATED
  [40/460] r02_reset_no_valid_init          retimed   off       p=2.25   VIOLATED
  [41/460] r03_async_reset_blocker          orig      off       p=6.5    VIOLATED
  [42/460] r03_async_reset_blocker          orig      off       p=5.0    VIOLATED
  [43/460] r03_async_reset_blocker          orig      off       p=4.0    VIOLATED
  [44/460] r03_async_reset_blocker          orig      off       p=3.0    VIOLATED
  [45/460] r03_async_reset_blocker          orig      off       p=2.25   VIOLATED
  [46/460] r03_async_reset_blocker          orig      on        p=6.5    VIOLATED
  [47/460] r03_async_reset_blocker          orig      on        p=5.0    VIOLATED
  [48/460] r03_async_reset_blocker          orig      on        p=4.0    VIOLATED
  [49/460] r03_async_reset_blocker          orig      on        p=3.0    VIOLATED
  [50/460] r03_async_reset_blocker          orig      on        p=2.25   VIOLATED
  [51/460] r03_async_reset_blocker          directive on        p=6.5    VIOLATED
  [52/460] r03_async_reset_blocker          directive on        p=5.0    VIOLATED
  [53/460] r03_async_reset_blocker          directive on        p=4.0    VIOLATED
  [54/460] r03_async_reset_blocker          directive on        p=3.0    VIOLATED
  [55/460] r03_async_reset_blocker          directive on        p=2.25   VIOLATED
  [56/460] r03_async_reset_blocker          retimed   off       p=6.5    VIOLATED
  [57/460] r03_async_reset_blocker          retimed   off       p=5.0    VIOLATED
  [58/460] r03_async_reset_blocker          retimed   off       p=4.0    VIOLATED
  [59/460] r03_async_reset_blocker          retimed   off       p=3.0    VIOLATED
  [60/460] r03_async_reset_blocker          retimed   off       p=2.25   VIOLATED
  [61/460] r04_init_only_no_reset           orig      off       p=6.5    VIOLATED
  [62/460] r04_init_only_no_reset           orig      off       p=5.0    VIOLATED
  [63/460] r04_init_only_no_reset           orig      off       p=4.0    VIOLATED
  [64/460] r04_init_only_no_reset           orig      off       p=3.0    VIOLATED
  [65/460] r04_init_only_no_reset           orig      off       p=2.25   VIOLATED
  [66/460] r04_init_only_no_reset           orig      on        p=6.5    VIOLATED
  [67/460] r04_init_only_no_reset           orig      on        p=5.0    VIOLATED
  [68/460] r04_init_only_no_reset           orig      on        p=4.0    VIOLATED
  [69/460] r04_init_only_no_reset           orig      on        p=3.0    VIOLATED
  [70/460] r04_init_only_no_reset           orig      on        p=2.25   VIOLATED
  [71/460] r04_init_only_no_reset           directive on        p=6.5    VIOLATED
  [72/460] r04_init_only_no_reset           directive on        p=5.0    VIOLATED
  [73/460] r04_init_only_no_reset           directive on        p=4.0    VIOLATED
  [74/460] r04_init_only_no_reset           directive on        p=3.0    VIOLATED
  [75/460] r04_init_only_no_reset           directive on        p=2.25   VIOLATED
  [76/460] r04_init_only_no_reset           retimed   off       p=6.5    VIOLATED
  [77/460] r04_init_only_no_reset           retimed   off       p=5.0    VIOLATED
  [78/460] r04_init_only_no_reset           retimed   off       p=4.0    VIOLATED
  [79/460] r04_init_only_no_reset           retimed   off       p=3.0    VIOLATED
  [80/460] r04_init_only_no_reset           retimed   off       p=2.25   VIOLATED
  [81/460] r05_fsm_high_fanout              orig      off       p=9.1    MET
  [82/460] r05_fsm_high_fanout              orig      off       p=7.0    MET
  [83/460] r05_fsm_high_fanout              orig      off       p=5.6    VIOLATED
  [84/460] r05_fsm_high_fanout              orig      off       p=4.2    VIOLATED
  [85/460] r05_fsm_high_fanout              orig      off       p=3.15   VIOLATED
  [86/460] r05_fsm_high_fanout              orig      on        p=9.1    MET
  [87/460] r05_fsm_high_fanout              orig      on        p=7.0    MET
  [88/460] r05_fsm_high_fanout              orig      on        p=5.6    MET
  [89/460] r05_fsm_high_fanout              orig      on        p=4.2    VIOLATED
  [90/460] r05_fsm_high_fanout              orig      on        p=3.15   VIOLATED
  [91/460] r05_fsm_high_fanout              directive on        p=9.1    MET
  [92/460] r05_fsm_high_fanout              directive on        p=7.0    MET
  [93/460] r05_fsm_high_fanout              directive on        p=5.6    MET
  [94/460] r05_fsm_high_fanout              directive on        p=4.2    VIOLATED
  [95/460] r05_fsm_high_fanout              directive on        p=3.15   VIOLATED
  [96/460] r05_fsm_high_fanout              retimed   off       p=9.1    MET
  [97/460] r05_fsm_high_fanout              retimed   off       p=7.0    MET
  [98/460] r05_fsm_high_fanout              retimed   off       p=5.6    VIOLATED
  [99/460] r05_fsm_high_fanout              retimed   off       p=4.2    VIOLATED
  [100/460] r05_fsm_high_fanout              retimed   off       p=3.15   VIOLATED
  [101/460] r06_fsm_high_fanin               orig      off       p=7.8    VIOLATED
  [102/460] r06_fsm_high_fanin               orig      off       p=6.0    VIOLATED
  [103/460] r06_fsm_high_fanin               orig      off       p=4.8    VIOLATED
  [104/460] r06_fsm_high_fanin               orig      off       p=3.6    VIOLATED
  [105/460] r06_fsm_high_fanin               orig      off       p=2.7    VIOLATED
  [106/460] r06_fsm_high_fanin               orig      on        p=7.8    VIOLATED
  [107/460] r06_fsm_high_fanin               orig      on        p=6.0    VIOLATED
  [108/460] r06_fsm_high_fanin               orig      on        p=4.8    VIOLATED
  [109/460] r06_fsm_high_fanin               orig      on        p=3.6    VIOLATED
  [110/460] r06_fsm_high_fanin               orig      on        p=2.7    VIOLATED
  [111/460] r06_fsm_high_fanin               directive on        p=7.8    VIOLATED
  [112/460] r06_fsm_high_fanin               directive on        p=6.0    VIOLATED
  [113/460] r06_fsm_high_fanin               directive on        p=4.8    VIOLATED
  [114/460] r06_fsm_high_fanin               directive on        p=3.6    VIOLATED
  [115/460] r06_fsm_high_fanin               directive on        p=2.7    VIOLATED
  [116/460] r06_fsm_high_fanin               retimed   off       p=7.8    VIOLATED
  [117/460] r06_fsm_high_fanin               retimed   off       p=6.0    VIOLATED
  [118/460] r06_fsm_high_fanin               retimed   off       p=4.8    VIOLATED
  [119/460] r06_fsm_high_fanin               retimed   off       p=3.6    VIOLATED
  [120/460] r06_fsm_high_fanin               retimed   off       p=2.7    VIOLATED
  [121/460] r08_fsm_output_decode            orig      off       p=7.8    VIOLATED
  [122/460] r08_fsm_output_decode            orig      off       p=6.0    VIOLATED
  [123/460] r08_fsm_output_decode            orig      off       p=4.8    VIOLATED
  [124/460] r08_fsm_output_decode            orig      off       p=3.6    VIOLATED
  [125/460] r08_fsm_output_decode            orig      off       p=2.7    VIOLATED
  [126/460] r08_fsm_output_decode            orig      on        p=7.8    MET
  [127/460] r08_fsm_output_decode            orig      on        p=6.0    VIOLATED
  [128/460] r08_fsm_output_decode            orig      on        p=4.8    VIOLATED
  [129/460] r08_fsm_output_decode            orig      on        p=3.6    VIOLATED
  [130/460] r08_fsm_output_decode            orig      on        p=2.7    VIOLATED
  [131/460] r08_fsm_output_decode            directive on        p=7.8    MET
  [132/460] r08_fsm_output_decode            directive on        p=6.0    VIOLATED
  [133/460] r08_fsm_output_decode            directive on        p=4.8    VIOLATED
  [134/460] r08_fsm_output_decode            directive on        p=3.6    VIOLATED
  [135/460] r08_fsm_output_decode            directive on        p=2.7    VIOLATED
  [136/460] r08_fsm_output_decode            retimed   off       p=7.8    MET
  [137/460] r08_fsm_output_decode            retimed   off       p=6.0    VIOLATED
  [138/460] r08_fsm_output_decode            retimed   off       p=4.8    VIOLATED
  [139/460] r08_fsm_output_decode            retimed   off       p=3.6    VIOLATED
  [140/460] r08_fsm_output_decode            retimed   off       p=2.7    VIOLATED
  [141/460] r09_unbalanced_mult_pipe         orig      off       p=7.8    VIOLATED
  [142/460] r09_unbalanced_mult_pipe         orig      off       p=6.0    VIOLATED
  [143/460] r09_unbalanced_mult_pipe         orig      off       p=4.8    VIOLATED
  [144/460] r09_unbalanced_mult_pipe         orig      off       p=3.6    VIOLATED
  [145/460] r09_unbalanced_mult_pipe         orig      off       p=2.7    VIOLATED
  [146/460] r09_unbalanced_mult_pipe         orig      on        p=7.8    MET
  [147/460] r09_unbalanced_mult_pipe         orig      on        p=6.0    VIOLATED
  [148/460] r09_unbalanced_mult_pipe         orig      on        p=4.8    VIOLATED
  [149/460] r09_unbalanced_mult_pipe         orig      on        p=3.6    VIOLATED
  [150/460] r09_unbalanced_mult_pipe         orig      on        p=2.7    VIOLATED
  [151/460] r09_unbalanced_mult_pipe         directive on        p=7.8    MET
  [152/460] r09_unbalanced_mult_pipe         directive on        p=6.0    VIOLATED
  [153/460] r09_unbalanced_mult_pipe         directive on        p=4.8    VIOLATED
  [154/460] r09_unbalanced_mult_pipe         directive on        p=3.6    VIOLATED
  [155/460] r09_unbalanced_mult_pipe         directive on        p=2.7    VIOLATED
  [156/460] r09_unbalanced_mult_pipe         retimed   off       p=7.8    VIOLATED
  [157/460] r09_unbalanced_mult_pipe         retimed   off       p=6.0    VIOLATED
  [158/460] r09_unbalanced_mult_pipe         retimed   off       p=4.8    VIOLATED
  [159/460] r09_unbalanced_mult_pipe         retimed   off       p=3.6    VIOLATED
  [160/460] r09_unbalanced_mult_pipe         retimed   off       p=2.7    VIOLATED
  [161/460] r10_long_carry_chain             orig      off       p=7.8    VIOLATED
  [162/460] r10_long_carry_chain             orig      off       p=6.0    VIOLATED
  [163/460] r10_long_carry_chain             orig      off       p=4.8    VIOLATED
  [164/460] r10_long_carry_chain             orig      off       p=3.6    VIOLATED
  [165/460] r10_long_carry_chain             orig      off       p=2.7    VIOLATED
  [166/460] r10_long_carry_chain             orig      on        p=7.8    MET
  [167/460] r10_long_carry_chain             orig      on        p=6.0    MET
  [168/460] r10_long_carry_chain             orig      on        p=4.8    VIOLATED
  [169/460] r10_long_carry_chain             orig      on        p=3.6    VIOLATED
  [170/460] r10_long_carry_chain             orig      on        p=2.7    VIOLATED
  [171/460] r10_long_carry_chain             directive on        p=7.8    MET
  [172/460] r10_long_carry_chain             directive on        p=6.0    MET
  [173/460] r10_long_carry_chain             directive on        p=4.8    VIOLATED
  [174/460] r10_long_carry_chain             directive on        p=3.6    VIOLATED
  [175/460] r10_long_carry_chain             directive on        p=2.7    VIOLATED
  [176/460] r10_long_carry_chain             retimed   off       p=7.8    VIOLATED
  [177/460] r10_long_carry_chain             retimed   off       p=6.0    VIOLATED
  [178/460] r10_long_carry_chain             retimed   off       p=4.8    VIOLATED
  [179/460] r10_long_carry_chain             retimed   off       p=3.6    VIOLATED
  [180/460] r10_long_carry_chain             retimed   off       p=2.7    VIOLATED
  [181/460] r11_deep_retime_distance         orig      off       p=6.5    VIOLATED
  [182/460] r11_deep_retime_distance         orig      off       p=5.0    VIOLATED
  [183/460] r11_deep_retime_distance         orig      off       p=4.0    VIOLATED
  [184/460] r11_deep_retime_distance         orig      off       p=3.0    VIOLATED
  [185/460] r11_deep_retime_distance         orig      off       p=2.25   VIOLATED
  [186/460] r11_deep_retime_distance         orig      on        p=6.5    VIOLATED
  [187/460] r11_deep_retime_distance         orig      on        p=5.0    VIOLATED
  [188/460] r11_deep_retime_distance         orig      on        p=4.0    VIOLATED
  [189/460] r11_deep_retime_distance         orig      on        p=3.0    VIOLATED
  [190/460] r11_deep_retime_distance         orig      on        p=2.25   VIOLATED
  [191/460] r11_deep_retime_distance         directive on        p=6.5    VIOLATED
  [192/460] r11_deep_retime_distance         directive on        p=5.0    VIOLATED
  [193/460] r11_deep_retime_distance         directive on        p=4.0    VIOLATED
  [194/460] r11_deep_retime_distance         directive on        p=3.0    VIOLATED
  [195/460] r11_deep_retime_distance         directive on        p=2.25   VIOLATED
  [196/460] r11_deep_retime_distance         retimed   off       p=6.5    VIOLATED
  [197/460] r11_deep_retime_distance         retimed   off       p=5.0    VIOLATED
  [198/460] r11_deep_retime_distance         retimed   off       p=4.0    VIOLATED
  [199/460] r11_deep_retime_distance         retimed   off       p=3.0    VIOLATED
  [200/460] r11_deep_retime_distance         retimed   off       p=2.25   VIOLATED
  [201/460] r12_wide_reduction_tree          orig      off       p=7.8    MET
  [202/460] r12_wide_reduction_tree          orig      off       p=6.0    MET
  [203/460] r12_wide_reduction_tree          orig      off       p=4.8    MET
  [204/460] r12_wide_reduction_tree          orig      off       p=3.6    MET
  [205/460] r12_wide_reduction_tree          orig      off       p=2.7    MET
  [206/460] r12_wide_reduction_tree          orig      on        p=7.8    MET
  [207/460] r12_wide_reduction_tree          orig      on        p=6.0    MET
  [208/460] r12_wide_reduction_tree          orig      on        p=4.8    MET
  [209/460] r12_wide_reduction_tree          orig      on        p=3.6    MET
  [210/460] r12_wide_reduction_tree          orig      on        p=2.7    MET
  [211/460] r12_wide_reduction_tree          directive on        p=7.8    MET
  [212/460] r12_wide_reduction_tree          directive on        p=6.0    MET
  [213/460] r12_wide_reduction_tree          directive on        p=4.8    MET
  [214/460] r12_wide_reduction_tree          directive on        p=3.6    MET
  [215/460] r12_wide_reduction_tree          directive on        p=2.7    MET
  [216/460] r12_wide_reduction_tree          retimed   off       p=7.8    MET
  [217/460] r12_wide_reduction_tree          retimed   off       p=6.0    MET
  [218/460] r12_wide_reduction_tree          retimed   off       p=4.8    VIOLATED
  [219/460] r12_wide_reduction_tree          retimed   off       p=3.6    VIOLATED
  [220/460] r12_wide_reduction_tree          retimed   off       p=2.7    VIOLATED
  [221/460] r13_retime_around_sram           orig      off       p=7.8    VIOLATED
  [222/460] r13_retime_around_sram           orig      off       p=6.0    VIOLATED
  [223/460] r13_retime_around_sram           orig      off       p=4.8    VIOLATED
  [224/460] r13_retime_around_sram           orig      off       p=3.6    VIOLATED
  [225/460] r13_retime_around_sram           orig      off       p=2.7    VIOLATED
  [226/460] r13_retime_around_sram           orig      on        p=7.8    VIOLATED
  [227/460] r13_retime_around_sram           orig      on        p=6.0    VIOLATED
  [228/460] r13_retime_around_sram           orig      on        p=4.8    VIOLATED
  [229/460] r13_retime_around_sram           orig      on        p=3.6    VIOLATED
  [230/460] r13_retime_around_sram           orig      on        p=2.7    VIOLATED
  [231/460] r13_retime_around_sram           directive on        p=7.8    VIOLATED
  [232/460] r13_retime_around_sram           directive on        p=6.0    VIOLATED
  [233/460] r13_retime_around_sram           directive on        p=4.8    VIOLATED
  [234/460] r13_retime_around_sram           directive on        p=3.6    VIOLATED
  [235/460] r13_retime_around_sram           directive on        p=2.7    VIOLATED
  [236/460] r13_retime_around_sram           retimed   off       p=7.8    VIOLATED
  [237/460] r13_retime_around_sram           retimed   off       p=6.0    VIOLATED
  [238/460] r13_retime_around_sram           retimed   off       p=4.8    VIOLATED
  [239/460] r13_retime_around_sram           retimed   off       p=3.6    VIOLATED
  [240/460] r13_retime_around_sram           retimed   off       p=2.7    VIOLATED
  [241/460] r15_hier_boundary_block          orig      off       p=6.5    VIOLATED
  [242/460] r15_hier_boundary_block          orig      off       p=5.0    VIOLATED
  [243/460] r15_hier_boundary_block          orig      off       p=4.0    VIOLATED
  [244/460] r15_hier_boundary_block          orig      off       p=3.0    VIOLATED
  [245/460] r15_hier_boundary_block          orig      off       p=2.25   VIOLATED
  [246/460] r15_hier_boundary_block          orig      on        p=6.5    VIOLATED
  [247/460] r15_hier_boundary_block          orig      on        p=5.0    VIOLATED
  [248/460] r15_hier_boundary_block          orig      on        p=4.0    VIOLATED
  [249/460] r15_hier_boundary_block          orig      on        p=3.0    VIOLATED
  [250/460] r15_hier_boundary_block          orig      on        p=2.25   VIOLATED
  [251/460] r15_hier_boundary_block          directive on        p=6.5    VIOLATED
  [252/460] r15_hier_boundary_block          directive on        p=5.0    VIOLATED
  [253/460] r15_hier_boundary_block          directive on        p=4.0    VIOLATED
  [254/460] r15_hier_boundary_block          directive on        p=3.0    VIOLATED
  [255/460] r15_hier_boundary_block          directive on        p=2.25   VIOLATED
  [256/460] r15_hier_boundary_block          retimed   off       p=6.5    VIOLATED
  [257/460] r15_hier_boundary_block          retimed   off       p=5.0    VIOLATED
  [258/460] r15_hier_boundary_block          retimed   off       p=4.0    VIOLATED
  [259/460] r15_hier_boundary_block          retimed   off       p=3.0    VIOLATED
  [260/460] r15_hier_boundary_block          retimed   off       p=2.25   VIOLATED
  [261/460] r16_dont_touch_conflict          orig      off       p=6.5    VIOLATED
  [262/460] r16_dont_touch_conflict          orig      off       p=5.0    VIOLATED
  [263/460] r16_dont_touch_conflict          orig      off       p=4.0    VIOLATED
  [264/460] r16_dont_touch_conflict          orig      off       p=3.0    VIOLATED
  [265/460] r16_dont_touch_conflict          orig      off       p=2.25   VIOLATED
  [266/460] r16_dont_touch_conflict          orig      on        p=6.5    VIOLATED
  [267/460] r16_dont_touch_conflict          orig      on        p=5.0    VIOLATED
  [268/460] r16_dont_touch_conflict          orig      on        p=4.0    VIOLATED
  [269/460] r16_dont_touch_conflict          orig      on        p=3.0    VIOLATED
  [270/460] r16_dont_touch_conflict          orig      on        p=2.25   VIOLATED
  [271/460] r16_dont_touch_conflict          directive on        p=6.5    VIOLATED
  [272/460] r16_dont_touch_conflict          directive on        p=5.0    VIOLATED
  [273/460] r16_dont_touch_conflict          directive on        p=4.0    VIOLATED
  [274/460] r16_dont_touch_conflict          directive on        p=3.0    VIOLATED
  [275/460] r16_dont_touch_conflict          directive on        p=2.25   VIOLATED
  [276/460] r16_dont_touch_conflict          retimed   off       p=6.5    VIOLATED
  [277/460] r16_dont_touch_conflict          retimed   off       p=5.0    VIOLATED
  [278/460] r16_dont_touch_conflict          retimed   off       p=4.0    VIOLATED
  [279/460] r16_dont_touch_conflict          retimed   off       p=3.0    VIOLATED
  [280/460] r16_dont_touch_conflict          retimed   off       p=2.25   VIOLATED
  [281/460] r17_clock_enable_barrier         orig      off       p=7.8    VIOLATED
  [282/460] r17_clock_enable_barrier         orig      off       p=6.0    VIOLATED
  [283/460] r17_clock_enable_barrier         orig      off       p=4.8    VIOLATED
  [284/460] r17_clock_enable_barrier         orig      off       p=3.6    VIOLATED
  [285/460] r17_clock_enable_barrier         orig      off       p=2.7    VIOLATED
  [286/460] r17_clock_enable_barrier         orig      on        p=7.8    MET
  [287/460] r17_clock_enable_barrier         orig      on        p=6.0    VIOLATED
  [288/460] r17_clock_enable_barrier         orig      on        p=4.8    VIOLATED
  [289/460] r17_clock_enable_barrier         orig      on        p=3.6    VIOLATED
  [290/460] r17_clock_enable_barrier         orig      on        p=2.7    VIOLATED
  [291/460] r17_clock_enable_barrier         directive on        p=7.8    MET
  [292/460] r17_clock_enable_barrier         directive on        p=6.0    VIOLATED
  [293/460] r17_clock_enable_barrier         directive on        p=4.8    VIOLATED
  [294/460] r17_clock_enable_barrier         directive on        p=3.6    VIOLATED
  [295/460] r17_clock_enable_barrier         directive on        p=2.7    VIOLATED
  [296/460] r17_clock_enable_barrier         retimed   off       p=7.8    VIOLATED
  [297/460] r17_clock_enable_barrier         retimed   off       p=6.0    VIOLATED
  [298/460] r17_clock_enable_barrier         retimed   off       p=4.8    VIOLATED
  [299/460] r17_clock_enable_barrier         retimed   off       p=3.6    VIOLATED
  [300/460] r17_clock_enable_barrier         retimed   off       p=2.7    VIOLATED
  [301/460] r18_clock_gated_region           orig      off       p=7.8    VIOLATED
  [302/460] r18_clock_gated_region           orig      off       p=6.0    VIOLATED
  [303/460] r18_clock_gated_region           orig      off       p=4.8    VIOLATED
  [304/460] r18_clock_gated_region           orig      off       p=3.6    VIOLATED
  [305/460] r18_clock_gated_region           orig      off       p=2.7    VIOLATED
  [306/460] r18_clock_gated_region           orig      on        p=7.8    MET
  [307/460] r18_clock_gated_region           orig      on        p=6.0    VIOLATED
  [308/460] r18_clock_gated_region           orig      on        p=4.8    VIOLATED
  [309/460] r18_clock_gated_region           orig      on        p=3.6    VIOLATED
  [310/460] r18_clock_gated_region           orig      on        p=2.7    VIOLATED
  [311/460] r18_clock_gated_region           directive on        p=7.8    MET
  [312/460] r18_clock_gated_region           directive on        p=6.0    VIOLATED
  [313/460] r18_clock_gated_region           directive on        p=4.8    VIOLATED
  [314/460] r18_clock_gated_region           directive on        p=3.6    VIOLATED
  [315/460] r18_clock_gated_region           directive on        p=2.7    VIOLATED
  [316/460] r18_clock_gated_region           retimed   off       p=7.8    VIOLATED
  [317/460] r18_clock_gated_region           retimed   off       p=6.0    VIOLATED
  [318/460] r18_clock_gated_region           retimed   off       p=4.8    VIOLATED
  [319/460] r18_clock_gated_region           retimed   off       p=3.6    VIOLATED
  [320/460] r18_clock_gated_region           retimed   off       p=2.7    VIOLATED
  [321/460] r19_power_activity_retime        orig      off       p=7.8    VIOLATED
  [322/460] r19_power_activity_retime        orig      off       p=6.0    VIOLATED
  [323/460] r19_power_activity_retime        orig      off       p=4.8    VIOLATED
  [324/460] r19_power_activity_retime        orig      off       p=3.6    VIOLATED
  [325/460] r19_power_activity_retime        orig      off       p=2.7    VIOLATED
  [326/460] r19_power_activity_retime        orig      on        p=7.8    MET
  [327/460] r19_power_activity_retime        orig      on        p=6.0    VIOLATED
  [328/460] r19_power_activity_retime        orig      on        p=4.8    VIOLATED
  [329/460] r19_power_activity_retime        orig      on        p=3.6    VIOLATED
  [330/460] r19_power_activity_retime        orig      on        p=2.7    VIOLATED
  [331/460] r19_power_activity_retime        directive on        p=7.8    MET
  [332/460] r19_power_activity_retime        directive on        p=6.0    VIOLATED
  [333/460] r19_power_activity_retime        directive on        p=4.8    VIOLATED
  [334/460] r19_power_activity_retime        directive on        p=3.6    VIOLATED
  [335/460] r19_power_activity_retime        directive on        p=2.7    VIOLATED
  [336/460] r19_power_activity_retime        retimed   off       p=7.8    VIOLATED
  [337/460] r19_power_activity_retime        retimed   off       p=6.0    VIOLATED
  [338/460] r19_power_activity_retime        retimed   off       p=4.8    VIOLATED
  [339/460] r19_power_activity_retime        retimed   off       p=3.6    VIOLATED
  [340/460] r19_power_activity_retime        retimed   off       p=2.7    VIOLATED
  [341/460] r20_glitch_absorb                orig      off       p=7.8    MET
  [342/460] r20_glitch_absorb                orig      off       p=6.0    VIOLATED
  [343/460] r20_glitch_absorb                orig      off       p=4.8    VIOLATED
  [344/460] r20_glitch_absorb                orig      off       p=3.6    VIOLATED
  [345/460] r20_glitch_absorb                orig      off       p=2.7    VIOLATED
  [346/460] r20_glitch_absorb                orig      on        p=7.8    MET
  [347/460] r20_glitch_absorb                orig      on        p=6.0    MET
  [348/460] r20_glitch_absorb                orig      on        p=4.8    MET
  [349/460] r20_glitch_absorb                orig      on        p=3.6    VIOLATED
  [350/460] r20_glitch_absorb                orig      on        p=2.7    VIOLATED
  [351/460] r20_glitch_absorb                directive on        p=7.8    MET
  [352/460] r20_glitch_absorb                directive on        p=6.0    MET
  [353/460] r20_glitch_absorb                directive on        p=4.8    MET
  [354/460] r20_glitch_absorb                directive on        p=3.6    VIOLATED
  [355/460] r20_glitch_absorb                directive on        p=2.7    VIOLATED
  [356/460] r20_glitch_absorb                retimed   off       p=7.8    MET
  [357/460] r20_glitch_absorb                retimed   off       p=6.0    MET
  [358/460] r20_glitch_absorb                retimed   off       p=4.8    MET
  [359/460] r20_glitch_absorb                retimed   off       p=3.6    VIOLATED
  [360/460] r20_glitch_absorb                retimed   off       p=2.7    VIOLATED
  [361/460] r21_wire_pipeline_cross_die      orig      off       p=6.5    VIOLATED
  [362/460] r21_wire_pipeline_cross_die      orig      off       p=5.0    VIOLATED
  [363/460] r21_wire_pipeline_cross_die      orig      off       p=4.0    VIOLATED
  [364/460] r21_wire_pipeline_cross_die      orig      off       p=3.0    VIOLATED
  [365/460] r21_wire_pipeline_cross_die      orig      off       p=2.25   VIOLATED
  [366/460] r21_wire_pipeline_cross_die      orig      on        p=6.5    MET
  [367/460] r21_wire_pipeline_cross_die      orig      on        p=5.0    MET
  [368/460] r21_wire_pipeline_cross_die      orig      on        p=4.0    VIOLATED
  [369/460] r21_wire_pipeline_cross_die      orig      on        p=3.0    VIOLATED
  [370/460] r21_wire_pipeline_cross_die      orig      on        p=2.25   VIOLATED
  [371/460] r21_wire_pipeline_cross_die      directive on        p=6.5    MET
  [372/460] r21_wire_pipeline_cross_die      directive on        p=5.0    MET
  [373/460] r21_wire_pipeline_cross_die      directive on        p=4.0    VIOLATED
  [374/460] r21_wire_pipeline_cross_die      directive on        p=3.0    VIOLATED
  [375/460] r21_wire_pipeline_cross_die      directive on        p=2.25   VIOLATED
  [376/460] r21_wire_pipeline_cross_die      retimed   off       p=6.5    VIOLATED
  [377/460] r21_wire_pipeline_cross_die      retimed   off       p=5.0    VIOLATED
  [378/460] r21_wire_pipeline_cross_die      retimed   off       p=4.0    VIOLATED
  [379/460] r21_wire_pipeline_cross_die      retimed   off       p=3.0    VIOLATED
  [380/460] r21_wire_pipeline_cross_die      retimed   off       p=2.25   VIOLATED
  [381/460] r22_fanout_wire_load             orig      off       p=10.4   VIOLATED
  [382/460] r22_fanout_wire_load             orig      off       p=8.0    VIOLATED
  [383/460] r22_fanout_wire_load             orig      off       p=6.4    VIOLATED
  [384/460] r22_fanout_wire_load             orig      off       p=4.8    VIOLATED
  [385/460] r22_fanout_wire_load             orig      off       p=3.6    VIOLATED
  [386/460] r22_fanout_wire_load             orig      on        p=10.4   VIOLATED
  [387/460] r22_fanout_wire_load             orig      on        p=8.0    VIOLATED
  [388/460] r22_fanout_wire_load             orig      on        p=6.4    VIOLATED
  [389/460] r22_fanout_wire_load             orig      on        p=4.8    VIOLATED
  [390/460] r22_fanout_wire_load             orig      on        p=3.6    VIOLATED
  [391/460] r22_fanout_wire_load             directive on        p=10.4   VIOLATED
  [392/460] r22_fanout_wire_load             directive on        p=8.0    VIOLATED
  [393/460] r22_fanout_wire_load             directive on        p=6.4    VIOLATED
  [394/460] r22_fanout_wire_load             directive on        p=4.8    VIOLATED
  [395/460] r22_fanout_wire_load             directive on        p=3.6    VIOLATED
  [396/460] r22_fanout_wire_load             retimed   off       p=10.4   VIOLATED
  [397/460] r22_fanout_wire_load             retimed   off       p=8.0    VIOLATED
  [398/460] r22_fanout_wire_load             retimed   off       p=6.4    VIOLATED
  [399/460] r22_fanout_wire_load             retimed   off       p=4.8    VIOLATED
  [400/460] r22_fanout_wire_load             retimed   off       p=3.6    VIOLATED
  [401/460] r24_loop_bound_control           orig      off       p=7.8    VIOLATED
  [402/460] r24_loop_bound_control           orig      off       p=6.0    VIOLATED
  [403/460] r24_loop_bound_control           orig      off       p=4.8    VIOLATED
  [404/460] r24_loop_bound_control           orig      off       p=3.6    VIOLATED
  [405/460] r24_loop_bound_control           orig      off       p=2.7    VIOLATED
  [406/460] r24_loop_bound_control           orig      on        p=7.8    VIOLATED
  [407/460] r24_loop_bound_control           orig      on        p=6.0    VIOLATED
  [408/460] r24_loop_bound_control           orig      on        p=4.8    VIOLATED
  [409/460] r24_loop_bound_control           orig      on        p=3.6    VIOLATED
  [410/460] r24_loop_bound_control           orig      on        p=2.7    VIOLATED
  [411/460] r24_loop_bound_control           directive on        p=7.8    VIOLATED
  [412/460] r24_loop_bound_control           directive on        p=6.0    VIOLATED
  [413/460] r24_loop_bound_control           directive on        p=4.8    VIOLATED
  [414/460] r24_loop_bound_control           directive on        p=3.6    VIOLATED
  [415/460] r24_loop_bound_control           directive on        p=2.7    VIOLATED
  [416/460] r24_loop_bound_control           retimed   off       p=7.8    VIOLATED
  [417/460] r24_loop_bound_control           retimed   off       p=6.0    VIOLATED
  [418/460] r24_loop_bound_control           retimed   off       p=4.8    VIOLATED
  [419/460] r24_loop_bound_control           retimed   off       p=3.6    VIOLATED
  [420/460] r24_loop_bound_control           retimed   off       p=2.7    VIOLATED
  [421/460] r26_sdc_exception_invalidation   orig      off       p=5.2    VIOLATED
  [422/460] r26_sdc_exception_invalidation   orig      off       p=4.0    VIOLATED
  [423/460] r26_sdc_exception_invalidation   orig      off       p=3.2    VIOLATED
  [424/460] r26_sdc_exception_invalidation   orig      off       p=2.4    VIOLATED
  [425/460] r26_sdc_exception_invalidation   orig      off       p=1.8    VIOLATED
  [426/460] r26_sdc_exception_invalidation   orig      on        p=5.2    VIOLATED
  [427/460] r26_sdc_exception_invalidation   orig      on        p=4.0    VIOLATED
  [428/460] r26_sdc_exception_invalidation   orig      on        p=3.2    VIOLATED
  [429/460] r26_sdc_exception_invalidation   orig      on        p=2.4    VIOLATED
  [430/460] r26_sdc_exception_invalidation   orig      on        p=1.8    VIOLATED
  [431/460] r26_sdc_exception_invalidation   directive on        p=5.2    VIOLATED
  [432/460] r26_sdc_exception_invalidation   directive on        p=4.0    VIOLATED
  [433/460] r26_sdc_exception_invalidation   directive on        p=3.2    VIOLATED
  [434/460] r26_sdc_exception_invalidation   directive on        p=2.4    VIOLATED
  [435/460] r26_sdc_exception_invalidation   directive on        p=1.8    VIOLATED
  [436/460] r26_sdc_exception_invalidation   retimed   off       p=5.2    VIOLATED
  [437/460] r26_sdc_exception_invalidation   retimed   off       p=4.0    VIOLATED
  [438/460] r26_sdc_exception_invalidation   retimed   off       p=3.2    VIOLATED
  [439/460] r26_sdc_exception_invalidation   retimed   off       p=2.4    VIOLATED
  [440/460] r26_sdc_exception_invalidation   retimed   off       p=1.8    VIOLATED
  [441/460] r27_exception_scope_probe        orig      off       p=5.2    VIOLATED
  [442/460] r27_exception_scope_probe        orig      off       p=4.0    VIOLATED
  [443/460] r27_exception_scope_probe        orig      off       p=3.2    VIOLATED
  [444/460] r27_exception_scope_probe        orig      off       p=2.4    VIOLATED
  [445/460] r27_exception_scope_probe        orig      off       p=1.8    VIOLATED
  [446/460] r27_exception_scope_probe        orig      on        p=5.2    VIOLATED
  [447/460] r27_exception_scope_probe        orig      on        p=4.0    VIOLATED
  [448/460] r27_exception_scope_probe        orig      on        p=3.2    VIOLATED
  [449/460] r27_exception_scope_probe        orig      on        p=2.4    VIOLATED
  [450/460] r27_exception_scope_probe        orig      on        p=1.8    VIOLATED
  [451/460] r27_exception_scope_probe        directive on        p=5.2    VIOLATED
  [452/460] r27_exception_scope_probe        directive on        p=4.0    VIOLATED
  [453/460] r27_exception_scope_probe        directive on        p=3.2    VIOLATED
  [454/460] r27_exception_scope_probe        directive on        p=2.4    VIOLATED
  [455/460] r27_exception_scope_probe        directive on        p=1.8    VIOLATED
  [456/460] r27_exception_scope_probe        retimed   off       p=5.2    VIOLATED
  [457/460] r27_exception_scope_probe        retimed   off       p=4.0    VIOLATED
  [458/460] r27_exception_scope_probe        retimed   off       p=3.2    VIOLATED
  [459/460] r27_exception_scope_probe        retimed   off       p=2.4    VIOLATED
  [460/460] r27_exception_scope_probe        retimed   off       p=1.8    VIOLATED
wrote results/matrix_yosys.json (460 rows)
