matrix: 24 benchmark(s), 576 runs, 4 concurrent, tool=yosys
  [1/576] r01_reset_backward_barrier       orig      off       p=2.407  MET
  [2/576] r01_reset_backward_barrier       orig      off       p=1.997  MET
  [3/576] r01_reset_backward_barrier       orig      off       p=1.65   VIOLATED
  [4/576] r01_reset_backward_barrier       orig      off       p=1.356  VIOLATED
  [5/576] r01_reset_backward_barrier       orig      off       p=1.104  VIOLATED
  [6/576] r01_reset_backward_barrier       orig      off       p=0.904  VIOLATED
  [7/576] r01_reset_backward_barrier       orig      on        p=2.407  MET
  [8/576] r01_reset_backward_barrier       orig      on        p=1.997  MET
  [9/576] r01_reset_backward_barrier       orig      on        p=1.65   MET
  [10/576] r01_reset_backward_barrier       orig      on        p=1.356  MET
  [11/576] r01_reset_backward_barrier       orig      on        p=1.104  MET
  [12/576] r01_reset_backward_barrier       orig      on        p=0.904  MET
  [13/576] r01_reset_backward_barrier       directive on        p=2.407  MET
  [14/576] r01_reset_backward_barrier       directive on        p=1.997  MET
  [15/576] r01_reset_backward_barrier       directive on        p=1.65   MET
  [16/576] r01_reset_backward_barrier       directive on        p=1.356  MET
  [17/576] r01_reset_backward_barrier       directive on        p=1.104  MET
  [18/576] r01_reset_backward_barrier       directive on        p=0.904  MET
  [19/576] r01_reset_backward_barrier       retimed   off       p=2.407  MET
  [20/576] r01_reset_backward_barrier       retimed   off       p=1.997  MET
  [21/576] r01_reset_backward_barrier       retimed   off       p=1.65   MET
  [22/576] r01_reset_backward_barrier       retimed   off       p=1.356  MET
  [23/576] r01_reset_backward_barrier       retimed   off       p=1.104  MET
  [24/576] r01_reset_backward_barrier       retimed   off       p=0.904  VIOLATED
  [25/576] r02_reset_no_valid_init          orig      off       p=2.443  MET
  [26/576] r02_reset_no_valid_init          orig      off       p=2.027  MET
  [27/576] r02_reset_no_valid_init          orig      off       p=1.675  VIOLATED
  [28/576] r02_reset_no_valid_init          orig      off       p=1.376  VIOLATED
  [29/576] r02_reset_no_valid_init          orig      off       p=1.12   VIOLATED
  [30/576] r02_reset_no_valid_init          orig      off       p=0.918  VIOLATED
  [31/576] r02_reset_no_valid_init          orig      on        p=2.443  MET
  [32/576] r02_reset_no_valid_init          orig      on        p=2.027  MET
  [33/576] r02_reset_no_valid_init          orig      on        p=1.675  MET
  [34/576] r02_reset_no_valid_init          orig      on        p=1.376  MET
  [35/576] r02_reset_no_valid_init          orig      on        p=1.12   MET
  [36/576] r02_reset_no_valid_init          orig      on        p=0.918  MET
  [37/576] r02_reset_no_valid_init          directive on        p=2.443  MET
  [38/576] r02_reset_no_valid_init          directive on        p=2.027  MET
  [39/576] r02_reset_no_valid_init          directive on        p=1.675  MET
  [40/576] r02_reset_no_valid_init          directive on        p=1.376  MET
  [41/576] r02_reset_no_valid_init          directive on        p=1.12   MET
  [42/576] r02_reset_no_valid_init          directive on        p=0.918  MET
  [43/576] r02_reset_no_valid_init          retimed   off       p=2.443  MET
  [44/576] r02_reset_no_valid_init          retimed   off       p=2.027  MET
  [45/576] r02_reset_no_valid_init          retimed   off       p=1.675  MET
  [46/576] r02_reset_no_valid_init          retimed   off       p=1.376  MET
  [47/576] r02_reset_no_valid_init          retimed   off       p=1.12   MET
  [48/576] r02_reset_no_valid_init          retimed   off       p=0.918  VIOLATED
  [49/576] r03_async_reset_blocker          orig      off       p=2.395  MET
  [50/576] r03_async_reset_blocker          orig      off       p=1.987  MET
  [51/576] r03_async_reset_blocker          orig      off       p=1.642  VIOLATED
  [52/576] r03_async_reset_blocker          orig      off       p=1.349  VIOLATED
  [53/576] r03_async_reset_blocker          orig      off       p=1.098  VIOLATED
  [54/576] r03_async_reset_blocker          orig      off       p=0.9    VIOLATED
  [55/576] r03_async_reset_blocker          orig      on        p=2.395  MET
  [56/576] r03_async_reset_blocker          orig      on        p=1.987  MET
  [57/576] r03_async_reset_blocker          orig      on        p=1.642  MET
  [58/576] r03_async_reset_blocker          orig      on        p=1.349  MET
  [59/576] r03_async_reset_blocker          orig      on        p=1.098  MET
  [60/576] r03_async_reset_blocker          orig      on        p=0.9    MET
  [61/576] r03_async_reset_blocker          directive on        p=2.395  MET
  [62/576] r03_async_reset_blocker          directive on        p=1.987  MET
  [63/576] r03_async_reset_blocker          directive on        p=1.642  MET
  [64/576] r03_async_reset_blocker          directive on        p=1.349  MET
  [65/576] r03_async_reset_blocker          directive on        p=1.098  MET
  [66/576] r03_async_reset_blocker          directive on        p=0.9    MET
  [67/576] r03_async_reset_blocker          retimed   off       p=2.395  MET
  [68/576] r03_async_reset_blocker          retimed   off       p=1.987  MET
  [69/576] r03_async_reset_blocker          retimed   off       p=1.642  MET
  [70/576] r03_async_reset_blocker          retimed   off       p=1.349  MET
  [71/576] r03_async_reset_blocker          retimed   off       p=1.098  MET
  [72/576] r03_async_reset_blocker          retimed   off       p=0.9    VIOLATED
  [73/576] r04_init_only_no_reset           orig      off       p=2.361  MET
  [74/576] r04_init_only_no_reset           orig      off       p=1.959  MET
  [75/576] r04_init_only_no_reset           orig      off       p=1.619  VIOLATED
  [76/576] r04_init_only_no_reset           orig      off       p=1.33   VIOLATED
  [77/576] r04_init_only_no_reset           orig      off       p=1.083  VIOLATED
  [78/576] r04_init_only_no_reset           orig      off       p=0.887  VIOLATED
  [79/576] r04_init_only_no_reset           orig      on        p=2.361  MET
  [80/576] r04_init_only_no_reset           orig      on        p=1.959  MET
  [81/576] r04_init_only_no_reset           orig      on        p=1.619  MET
  [82/576] r04_init_only_no_reset           orig      on        p=1.33   MET
  [83/576] r04_init_only_no_reset           orig      on        p=1.083  MET
  [84/576] r04_init_only_no_reset           orig      on        p=0.887  MET
  [85/576] r04_init_only_no_reset           directive on        p=2.361  MET
  [86/576] r04_init_only_no_reset           directive on        p=1.959  MET
  [87/576] r04_init_only_no_reset           directive on        p=1.619  MET
  [88/576] r04_init_only_no_reset           directive on        p=1.33   MET
  [89/576] r04_init_only_no_reset           directive on        p=1.083  MET
  [90/576] r04_init_only_no_reset           directive on        p=0.887  MET
  [91/576] r04_init_only_no_reset           retimed   off       p=2.361  MET
  [92/576] r04_init_only_no_reset           retimed   off       p=1.959  MET
  [93/576] r04_init_only_no_reset           retimed   off       p=1.619  MET
  [94/576] r04_init_only_no_reset           retimed   off       p=1.33   MET
  [95/576] r04_init_only_no_reset           retimed   off       p=1.083  MET
  [96/576] r04_init_only_no_reset           retimed   off       p=0.887  VIOLATED
  [97/576] r05_fsm_high_fanout              orig      off       p=1.296  MET
  [98/576] r05_fsm_high_fanout              orig      off       p=1.075  MET
  [99/576] r05_fsm_high_fanout              orig      off       p=0.889  MET
  [100/576] r05_fsm_high_fanout              orig      off       p=0.73   MET
  [101/576] r05_fsm_high_fanout              orig      off       p=0.594  VIOLATED
  [102/576] r05_fsm_high_fanout              orig      off       p=0.487  VIOLATED
  [103/576] r05_fsm_high_fanout              orig      on        p=1.296  MET
  [104/576] r05_fsm_high_fanout              orig      on        p=1.075  MET
  [105/576] r05_fsm_high_fanout              orig      on        p=0.889  MET
  [106/576] r05_fsm_high_fanout              orig      on        p=0.73   MET
  [107/576] r05_fsm_high_fanout              orig      on        p=0.594  MET
  [108/576] r05_fsm_high_fanout              orig      on        p=0.487  VIOLATED
  [109/576] r05_fsm_high_fanout              directive on        p=1.296  MET
  [110/576] r05_fsm_high_fanout              directive on        p=1.075  MET
  [111/576] r05_fsm_high_fanout              directive on        p=0.889  MET
  [112/576] r05_fsm_high_fanout              directive on        p=0.73   MET
  [113/576] r05_fsm_high_fanout              directive on        p=0.594  MET
  [114/576] r05_fsm_high_fanout              directive on        p=0.487  VIOLATED
  [115/576] r05_fsm_high_fanout              retimed   off       p=1.296  MET
  [116/576] r05_fsm_high_fanout              retimed   off       p=1.075  MET
  [117/576] r05_fsm_high_fanout              retimed   off       p=0.889  MET
  [118/576] r05_fsm_high_fanout              retimed   off       p=0.73   MET
  [119/576] r05_fsm_high_fanout              retimed   off       p=0.594  VIOLATED
  [120/576] r05_fsm_high_fanout              retimed   off       p=0.487  VIOLATED
  [121/576] r06_fsm_high_fanin               orig      off       p=2.169  MET
  [122/576] r06_fsm_high_fanin               orig      off       p=1.799  MET
  [123/576] r06_fsm_high_fanin               orig      off       p=1.487  VIOLATED
  [124/576] r06_fsm_high_fanin               orig      off       p=1.222  VIOLATED
  [125/576] r06_fsm_high_fanin               orig      off       p=0.994  VIOLATED
  [126/576] r06_fsm_high_fanin               orig      off       p=0.814  VIOLATED
  [127/576] r06_fsm_high_fanin               orig      on        p=2.169  MET
  [128/576] r06_fsm_high_fanin               orig      on        p=1.799  MET
  [129/576] r06_fsm_high_fanin               orig      on        p=1.487  MET
  [130/576] r06_fsm_high_fanin               orig      on        p=1.222  MET
  [131/576] r06_fsm_high_fanin               orig      on        p=0.994  VIOLATED
  [132/576] r06_fsm_high_fanin               orig      on        p=0.814  VIOLATED
  [133/576] r06_fsm_high_fanin               directive on        p=2.169  MET
  [134/576] r06_fsm_high_fanin               directive on        p=1.799  MET
  [135/576] r06_fsm_high_fanin               directive on        p=1.487  MET
  [136/576] r06_fsm_high_fanin               directive on        p=1.222  MET
  [137/576] r06_fsm_high_fanin               directive on        p=0.994  VIOLATED
  [138/576] r06_fsm_high_fanin               directive on        p=0.814  VIOLATED
  [139/576] r06_fsm_high_fanin               retimed   off       p=2.169  MET
  [140/576] r06_fsm_high_fanin               retimed   off       p=1.799  MET
  [141/576] r06_fsm_high_fanin               retimed   off       p=1.487  VIOLATED
  [142/576] r06_fsm_high_fanin               retimed   off       p=1.222  VIOLATED
  [143/576] r06_fsm_high_fanin               retimed   off       p=0.994  VIOLATED
  [144/576] r06_fsm_high_fanin               retimed   off       p=0.814  VIOLATED
  [145/576] r08_fsm_output_decode            orig      off       p=2.04   MET
  [146/576] r08_fsm_output_decode            orig      off       p=1.693  MET
  [147/576] r08_fsm_output_decode            orig      off       p=1.399  VIOLATED
  [148/576] r08_fsm_output_decode            orig      off       p=1.149  VIOLATED
  [149/576] r08_fsm_output_decode            orig      off       p=0.936  VIOLATED
  [150/576] r08_fsm_output_decode            orig      off       p=0.766  VIOLATED
  [151/576] r08_fsm_output_decode            orig      on        p=2.04   MET
  [152/576] r08_fsm_output_decode            orig      on        p=1.693  MET
  [153/576] r08_fsm_output_decode            orig      on        p=1.399  MET
  [154/576] r08_fsm_output_decode            orig      on        p=1.149  MET
  [155/576] r08_fsm_output_decode            orig      on        p=0.936  MET
  [156/576] r08_fsm_output_decode            orig      on        p=0.766  VIOLATED
  [157/576] r08_fsm_output_decode            directive on        p=2.04   MET
  [158/576] r08_fsm_output_decode            directive on        p=1.693  MET
  [159/576] r08_fsm_output_decode            directive on        p=1.399  MET
  [160/576] r08_fsm_output_decode            directive on        p=1.149  MET
  [161/576] r08_fsm_output_decode            directive on        p=0.936  MET
  [162/576] r08_fsm_output_decode            directive on        p=0.766  VIOLATED
  [163/576] r08_fsm_output_decode            retimed   off       p=2.04   MET
  [164/576] r08_fsm_output_decode            retimed   off       p=1.693  MET
  [165/576] r08_fsm_output_decode            retimed   off       p=1.399  MET
  [166/576] r08_fsm_output_decode            retimed   off       p=1.149  MET
  [167/576] r08_fsm_output_decode            retimed   off       p=0.936  VIOLATED
  [168/576] r08_fsm_output_decode            retimed   off       p=0.766  VIOLATED
  [169/576] r09_unbalanced_mult_pipe         orig      off       p=2.34   MET
  [170/576] r09_unbalanced_mult_pipe         orig      off       p=1.942  VIOLATED
  [171/576] r09_unbalanced_mult_pipe         orig      off       p=1.605  VIOLATED
  [172/576] r09_unbalanced_mult_pipe         orig      off       p=1.318  VIOLATED
  [173/576] r09_unbalanced_mult_pipe         orig      off       p=1.073  VIOLATED
  [174/576] r09_unbalanced_mult_pipe         orig      off       p=0.879  VIOLATED
  [175/576] r09_unbalanced_mult_pipe         orig      on        p=2.34   MET
  [176/576] r09_unbalanced_mult_pipe         orig      on        p=1.942  MET
  [177/576] r09_unbalanced_mult_pipe         orig      on        p=1.605  MET
  [178/576] r09_unbalanced_mult_pipe         orig      on        p=1.318  MET
  [179/576] r09_unbalanced_mult_pipe         orig      on        p=1.073  MET
  [180/576] r09_unbalanced_mult_pipe         orig      on        p=0.879  VIOLATED
  [181/576] r09_unbalanced_mult_pipe         directive on        p=2.34   MET
  [182/576] r09_unbalanced_mult_pipe         directive on        p=1.942  MET
  [183/576] r09_unbalanced_mult_pipe         directive on        p=1.605  MET
  [184/576] r09_unbalanced_mult_pipe         directive on        p=1.318  MET
  [185/576] r09_unbalanced_mult_pipe         directive on        p=1.073  MET
  [186/576] r09_unbalanced_mult_pipe         directive on        p=0.879  VIOLATED
  [187/576] r09_unbalanced_mult_pipe         retimed   off       p=2.34   MET
  [188/576] r09_unbalanced_mult_pipe         retimed   off       p=1.942  MET
  [189/576] r09_unbalanced_mult_pipe         retimed   off       p=1.605  MET
  [190/576] r09_unbalanced_mult_pipe         retimed   off       p=1.318  VIOLATED
  [191/576] r09_unbalanced_mult_pipe         retimed   off       p=1.073  VIOLATED
  [192/576] r09_unbalanced_mult_pipe         retimed   off       p=0.879  VIOLATED
  [193/576] r10_long_carry_chain             orig      off       p=1.972  MET
  [194/576] r10_long_carry_chain             orig      off       p=1.636  MET
  [195/576] r10_long_carry_chain             orig      off       p=1.352  VIOLATED
  [196/576] r10_long_carry_chain             orig      off       p=1.111  VIOLATED
  [197/576] r10_long_carry_chain             orig      off       p=0.904  VIOLATED
  [198/576] r10_long_carry_chain             orig      off       p=0.74   VIOLATED
  [199/576] r10_long_carry_chain             orig      on        p=1.972  MET
  [200/576] r10_long_carry_chain             orig      on        p=1.636  MET
  [201/576] r10_long_carry_chain             orig      on        p=1.352  MET
  [202/576] r10_long_carry_chain             orig      on        p=1.111  MET
  [203/576] r10_long_carry_chain             orig      on        p=0.904  MET
  [204/576] r10_long_carry_chain             orig      on        p=0.74   MET
  [205/576] r10_long_carry_chain             directive on        p=1.972  MET
  [206/576] r10_long_carry_chain             directive on        p=1.636  MET
  [207/576] r10_long_carry_chain             directive on        p=1.352  MET
  [208/576] r10_long_carry_chain             directive on        p=1.111  MET
  [209/576] r10_long_carry_chain             directive on        p=0.904  MET
  [210/576] r10_long_carry_chain             directive on        p=0.74   MET
  [211/576] r10_long_carry_chain             retimed   off       p=1.972  MET
  [212/576] r10_long_carry_chain             retimed   off       p=1.636  VIOLATED
  [213/576] r10_long_carry_chain             retimed   off       p=1.352  VIOLATED
  [214/576] r10_long_carry_chain             retimed   off       p=1.111  VIOLATED
  [215/576] r10_long_carry_chain             retimed   off       p=0.904  VIOLATED
  [216/576] r10_long_carry_chain             retimed   off       p=0.74   VIOLATED
  [217/576] r11_deep_retime_distance         orig      off       p=9.027  VIOLATED
  [218/576] r11_deep_retime_distance         orig      off       p=7.49   VIOLATED
  [219/576] r11_deep_retime_distance         orig      off       p=6.189  VIOLATED
  [220/576] r11_deep_retime_distance         orig      off       p=5.085  VIOLATED
  [221/576] r11_deep_retime_distance         orig      off       p=4.139  VIOLATED
  [222/576] r11_deep_retime_distance         orig      off       p=3.39   VIOLATED
  [223/576] r11_deep_retime_distance         orig      on        p=9.027  MET
  [224/576] r11_deep_retime_distance         orig      on        p=7.49   MET
  [225/576] r11_deep_retime_distance         orig      on        p=6.189  MET
  [226/576] r11_deep_retime_distance         orig      on        p=5.085  VIOLATED
  [227/576] r11_deep_retime_distance         orig      on        p=4.139  VIOLATED
  [228/576] r11_deep_retime_distance         orig      on        p=3.39   VIOLATED
  [229/576] r11_deep_retime_distance         directive on        p=9.027  MET
  [230/576] r11_deep_retime_distance         directive on        p=7.49   MET
  [231/576] r11_deep_retime_distance         directive on        p=6.189  MET
  [232/576] r11_deep_retime_distance         directive on        p=5.085  VIOLATED
  [233/576] r11_deep_retime_distance         directive on        p=4.139  VIOLATED
  [234/576] r11_deep_retime_distance         directive on        p=3.39   VIOLATED
  [235/576] r11_deep_retime_distance         retimed   off       p=9.027  MET
  [236/576] r11_deep_retime_distance         retimed   off       p=7.49   MET
  [237/576] r11_deep_retime_distance         retimed   off       p=6.189  MET
  [238/576] r11_deep_retime_distance         retimed   off       p=5.085  MET
  [239/576] r11_deep_retime_distance         retimed   off       p=4.139  MET
  [240/576] r11_deep_retime_distance         retimed   off       p=3.39   MET
  [241/576] r12_wide_reduction_tree          orig      off       p=2.098  MET
  [242/576] r12_wide_reduction_tree          orig      off       p=1.74   MET
  [243/576] r12_wide_reduction_tree          orig      off       p=1.438  MET
  [244/576] r12_wide_reduction_tree          orig      off       p=1.182  VIOLATED
  [245/576] r12_wide_reduction_tree          orig      off       p=0.962  VIOLATED
  [246/576] r12_wide_reduction_tree          orig      off       p=0.788  VIOLATED
  [247/576] r12_wide_reduction_tree          orig      on        p=2.098  MET
  [248/576] r12_wide_reduction_tree          orig      on        p=1.74   MET
  [249/576] r12_wide_reduction_tree          orig      on        p=1.438  MET
  [250/576] r12_wide_reduction_tree          orig      on        p=1.182  MET
  [251/576] r12_wide_reduction_tree          orig      on        p=0.962  MET
  [252/576] r12_wide_reduction_tree          orig      on        p=0.788  VIOLATED
  [253/576] r12_wide_reduction_tree          directive on        p=2.098  MET
  [254/576] r12_wide_reduction_tree          directive on        p=1.74   MET
  [255/576] r12_wide_reduction_tree          directive on        p=1.438  MET
  [256/576] r12_wide_reduction_tree          directive on        p=1.182  MET
  [257/576] r12_wide_reduction_tree          directive on        p=0.962  MET
  [258/576] r12_wide_reduction_tree          directive on        p=0.788  VIOLATED
  [259/576] r12_wide_reduction_tree          retimed   off       p=2.098  MET
  [260/576] r12_wide_reduction_tree          retimed   off       p=1.74   MET
  [261/576] r12_wide_reduction_tree          retimed   off       p=1.438  MET
  [262/576] r12_wide_reduction_tree          retimed   off       p=1.182  MET
  [263/576] r12_wide_reduction_tree          retimed   off       p=0.962  MET
  [264/576] r12_wide_reduction_tree          retimed   off       p=0.788  MET
  [265/576] r13_retime_around_sram           orig      off       p=2.192  VIOLATED
  [266/576] r13_retime_around_sram           orig      off       p=1.818  VIOLATED
  [267/576] r13_retime_around_sram           orig      off       p=1.502  VIOLATED
  [268/576] r13_retime_around_sram           orig      off       p=1.235  VIOLATED
  [269/576] r13_retime_around_sram           orig      off       p=1.005  VIOLATED
  [270/576] r13_retime_around_sram           orig      off       p=0.823  VIOLATED
  [271/576] r13_retime_around_sram           orig      on        p=2.192  MET
  [272/576] r13_retime_around_sram           orig      on        p=1.818  MET
  [273/576] r13_retime_around_sram           orig      on        p=1.502  MET
  [274/576] r13_retime_around_sram           orig      on        p=1.235  VIOLATED
  [275/576] r13_retime_around_sram           orig      on        p=1.005  VIOLATED
  [276/576] r13_retime_around_sram           orig      on        p=0.823  VIOLATED
  [277/576] r13_retime_around_sram           directive on        p=2.192  MET
  [278/576] r13_retime_around_sram           directive on        p=1.818  MET
  [279/576] r13_retime_around_sram           directive on        p=1.502  MET
  [280/576] r13_retime_around_sram           directive on        p=1.235  VIOLATED
  [281/576] r13_retime_around_sram           directive on        p=1.005  VIOLATED
  [282/576] r13_retime_around_sram           directive on        p=0.823  VIOLATED
  [283/576] r13_retime_around_sram           retimed   off       p=2.192  VIOLATED
  [284/576] r13_retime_around_sram           retimed   off       p=1.818  VIOLATED
  [285/576] r13_retime_around_sram           retimed   off       p=1.502  VIOLATED
  [286/576] r13_retime_around_sram           retimed   off       p=1.235  VIOLATED
  [287/576] r13_retime_around_sram           retimed   off       p=1.005  VIOLATED
  [288/576] r13_retime_around_sram           retimed   off       p=0.823  VIOLATED
  [289/576] r15_hier_boundary_block          orig      off       p=2.45   MET
  [290/576] r15_hier_boundary_block          orig      off       p=2.033  MET
  [291/576] r15_hier_boundary_block          orig      off       p=1.68   MET
  [292/576] r15_hier_boundary_block          orig      off       p=1.38   VIOLATED
  [293/576] r15_hier_boundary_block          orig      off       p=1.124  VIOLATED
  [294/576] r15_hier_boundary_block          orig      off       p=0.92   VIOLATED
  [295/576] r15_hier_boundary_block          orig      on        p=2.45   MET
  [296/576] r15_hier_boundary_block          orig      on        p=2.033  MET
  [297/576] r15_hier_boundary_block          orig      on        p=1.68   MET
  [298/576] r15_hier_boundary_block          orig      on        p=1.38   MET
  [299/576] r15_hier_boundary_block          orig      on        p=1.124  MET
  [300/576] r15_hier_boundary_block          orig      on        p=0.92   MET
  [301/576] r15_hier_boundary_block          directive on        p=2.45   MET
  [302/576] r15_hier_boundary_block          directive on        p=2.033  MET
  [303/576] r15_hier_boundary_block          directive on        p=1.68   MET
  [304/576] r15_hier_boundary_block          directive on        p=1.38   MET
  [305/576] r15_hier_boundary_block          directive on        p=1.124  MET
  [306/576] r15_hier_boundary_block          directive on        p=0.92   MET
  [307/576] r15_hier_boundary_block          retimed   off       p=2.45   MET
  [308/576] r15_hier_boundary_block          retimed   off       p=2.033  MET
  [309/576] r15_hier_boundary_block          retimed   off       p=1.68   MET
  [310/576] r15_hier_boundary_block          retimed   off       p=1.38   MET
  [311/576] r15_hier_boundary_block          retimed   off       p=1.124  MET
  [312/576] r15_hier_boundary_block          retimed   off       p=0.92   VIOLATED
  [313/576] r16_dont_touch_conflict          orig      off       p=2.034  MET
  [314/576] r16_dont_touch_conflict          orig      off       p=1.687  VIOLATED
  [315/576] r16_dont_touch_conflict          orig      off       p=1.394  VIOLATED
  [316/576] r16_dont_touch_conflict          orig      off       p=1.146  VIOLATED
  [317/576] r16_dont_touch_conflict          orig      off       p=0.932  VIOLATED
  [318/576] r16_dont_touch_conflict          orig      off       p=0.764  VIOLATED
  [319/576] r16_dont_touch_conflict          orig      on        p=2.034  MET
  [320/576] r16_dont_touch_conflict          orig      on        p=1.687  MET
  [321/576] r16_dont_touch_conflict          orig      on        p=1.394  MET
  [322/576] r16_dont_touch_conflict          orig      on        p=1.146  MET
  [323/576] r16_dont_touch_conflict          orig      on        p=0.932  VIOLATED
  [324/576] r16_dont_touch_conflict          orig      on        p=0.764  VIOLATED
  [325/576] r16_dont_touch_conflict          directive on        p=2.034  MET
  [326/576] r16_dont_touch_conflict          directive on        p=1.687  MET
  [327/576] r16_dont_touch_conflict          directive on        p=1.394  MET
  [328/576] r16_dont_touch_conflict          directive on        p=1.146  MET
  [329/576] r16_dont_touch_conflict          directive on        p=0.932  VIOLATED
  [330/576] r16_dont_touch_conflict          directive on        p=0.764  VIOLATED
  [331/576] r16_dont_touch_conflict          retimed   off       p=2.034  MET
  [332/576] r16_dont_touch_conflict          retimed   off       p=1.687  MET
  [333/576] r16_dont_touch_conflict          retimed   off       p=1.394  MET
  [334/576] r16_dont_touch_conflict          retimed   off       p=1.146  VIOLATED
  [335/576] r16_dont_touch_conflict          retimed   off       p=0.932  VIOLATED
  [336/576] r16_dont_touch_conflict          retimed   off       p=0.764  VIOLATED
  [337/576] r17_clock_enable_barrier         orig      off       p=2.441  MET
  [338/576] r17_clock_enable_barrier         orig      off       p=2.025  MET
  [339/576] r17_clock_enable_barrier         orig      off       p=1.674  VIOLATED
  [340/576] r17_clock_enable_barrier         orig      off       p=1.375  VIOLATED
  [341/576] r17_clock_enable_barrier         orig      off       p=1.119  VIOLATED
  [342/576] r17_clock_enable_barrier         orig      off       p=0.917  VIOLATED
  [343/576] r17_clock_enable_barrier         orig      on        p=2.441  MET
  [344/576] r17_clock_enable_barrier         orig      on        p=2.025  MET
  [345/576] r17_clock_enable_barrier         orig      on        p=1.674  MET
  [346/576] r17_clock_enable_barrier         orig      on        p=1.375  MET
  [347/576] r17_clock_enable_barrier         orig      on        p=1.119  MET
  [348/576] r17_clock_enable_barrier         orig      on        p=0.917  MET
  [349/576] r17_clock_enable_barrier         directive on        p=2.441  MET
  [350/576] r17_clock_enable_barrier         directive on        p=2.025  MET
  [351/576] r17_clock_enable_barrier         directive on        p=1.674  MET
  [352/576] r17_clock_enable_barrier         directive on        p=1.375  MET
  [353/576] r17_clock_enable_barrier         directive on        p=1.119  MET
  [354/576] r17_clock_enable_barrier         directive on        p=0.917  MET
  [355/576] r17_clock_enable_barrier         retimed   off       p=2.441  MET
  [356/576] r17_clock_enable_barrier         retimed   off       p=2.025  MET
  [357/576] r17_clock_enable_barrier         retimed   off       p=1.674  MET
  [358/576] r17_clock_enable_barrier         retimed   off       p=1.375  MET
  [359/576] r17_clock_enable_barrier         retimed   off       p=1.119  MET
  [360/576] r17_clock_enable_barrier         retimed   off       p=0.917  VIOLATED
  [361/576] r18_clock_gated_region           orig      off       p=2.416  MET
  [362/576] r18_clock_gated_region           orig      off       p=2.004  MET
  [363/576] r18_clock_gated_region           orig      off       p=1.656  VIOLATED
  [364/576] r18_clock_gated_region           orig      off       p=1.361  VIOLATED
  [365/576] r18_clock_gated_region           orig      off       p=1.108  VIOLATED
  [366/576] r18_clock_gated_region           orig      off       p=0.907  VIOLATED
  [367/576] r18_clock_gated_region           orig      on        p=2.416  MET
  [368/576] r18_clock_gated_region           orig      on        p=2.004  MET
  [369/576] r18_clock_gated_region           orig      on        p=1.656  MET
  [370/576] r18_clock_gated_region           orig      on        p=1.361  MET
  [371/576] r18_clock_gated_region           orig      on        p=1.108  MET
  [372/576] r18_clock_gated_region           orig      on        p=0.907  MET
  [373/576] r18_clock_gated_region           directive on        p=2.416  MET
  [374/576] r18_clock_gated_region           directive on        p=2.004  MET
  [375/576] r18_clock_gated_region           directive on        p=1.656  MET
  [376/576] r18_clock_gated_region           directive on        p=1.361  MET
  [377/576] r18_clock_gated_region           directive on        p=1.108  MET
  [378/576] r18_clock_gated_region           directive on        p=0.907  MET
  [379/576] r18_clock_gated_region           retimed   off       p=2.416  MET
  [380/576] r18_clock_gated_region           retimed   off       p=2.004  MET
  [381/576] r18_clock_gated_region           retimed   off       p=1.656  MET
  [382/576] r18_clock_gated_region           retimed   off       p=1.361  MET
  [383/576] r18_clock_gated_region           retimed   off       p=1.108  MET
  [384/576] r18_clock_gated_region           retimed   off       p=0.907  VIOLATED
  [385/576] r19_power_activity_retime        orig      off       p=1.617  MET
  [386/576] r19_power_activity_retime        orig      off       p=1.341  MET
  [387/576] r19_power_activity_retime        orig      off       p=1.108  VIOLATED
  [388/576] r19_power_activity_retime        orig      off       p=0.911  VIOLATED
  [389/576] r19_power_activity_retime        orig      off       p=0.741  VIOLATED
  [390/576] r19_power_activity_retime        orig      off       p=0.607  VIOLATED
  [391/576] r19_power_activity_retime        orig      on        p=1.617  MET
  [392/576] r19_power_activity_retime        orig      on        p=1.341  MET
  [393/576] r19_power_activity_retime        orig      on        p=1.108  MET
  [394/576] r19_power_activity_retime        orig      on        p=0.911  VIOLATED
  [395/576] r19_power_activity_retime        orig      on        p=0.741  VIOLATED
  [396/576] r19_power_activity_retime        orig      on        p=0.607  VIOLATED
  [397/576] r19_power_activity_retime        directive on        p=1.617  MET
  [398/576] r19_power_activity_retime        directive on        p=1.341  MET
  [399/576] r19_power_activity_retime        directive on        p=1.108  MET
  [400/576] r19_power_activity_retime        directive on        p=0.911  VIOLATED
  [401/576] r19_power_activity_retime        directive on        p=0.741  VIOLATED
  [402/576] r19_power_activity_retime        directive on        p=0.607  VIOLATED
  [403/576] r19_power_activity_retime        retimed   off       p=1.617  MET
  [404/576] r19_power_activity_retime        retimed   off       p=1.341  VIOLATED
  [405/576] r19_power_activity_retime        retimed   off       p=1.108  VIOLATED
  [406/576] r19_power_activity_retime        retimed   off       p=0.911  VIOLATED
  [407/576] r19_power_activity_retime        retimed   off       p=0.741  VIOLATED
  [408/576] r19_power_activity_retime        retimed   off       p=0.607  VIOLATED
  [409/576] r20_glitch_absorb                orig      off       p=1.351  MET
  [410/576] r20_glitch_absorb                orig      off       p=1.121  MET
  [411/576] r20_glitch_absorb                orig      off       p=0.926  MET
  [412/576] r20_glitch_absorb                orig      off       p=0.761  VIOLATED
  [413/576] r20_glitch_absorb                orig      off       p=0.619  VIOLATED
  [414/576] r20_glitch_absorb                orig      off       p=0.507  VIOLATED
  [415/576] r20_glitch_absorb                orig      on        p=1.351  MET
  [416/576] r20_glitch_absorb                orig      on        p=1.121  MET
  [417/576] r20_glitch_absorb                orig      on        p=0.926  MET
  [418/576] r20_glitch_absorb                orig      on        p=0.761  MET
  [419/576] r20_glitch_absorb                orig      on        p=0.619  MET
  [420/576] r20_glitch_absorb                orig      on        p=0.507  VIOLATED
  [421/576] r20_glitch_absorb                directive on        p=1.351  MET
  [422/576] r20_glitch_absorb                directive on        p=1.121  MET
  [423/576] r20_glitch_absorb                directive on        p=0.926  MET
  [424/576] r20_glitch_absorb                directive on        p=0.761  MET
  [425/576] r20_glitch_absorb                directive on        p=0.619  MET
  [426/576] r20_glitch_absorb                directive on        p=0.507  VIOLATED
  [427/576] r20_glitch_absorb                retimed   off       p=1.351  MET
  [428/576] r20_glitch_absorb                retimed   off       p=1.121  MET
  [429/576] r20_glitch_absorb                retimed   off       p=0.926  MET
  [430/576] r20_glitch_absorb                retimed   off       p=0.761  MET
  [431/576] r20_glitch_absorb                retimed   off       p=0.619  MET
  [432/576] r20_glitch_absorb                retimed   off       p=0.507  VIOLATED
  [433/576] r21_wire_pipeline_cross_die      orig      off       p=1.793  MET
  [434/576] r21_wire_pipeline_cross_die      orig      off       p=1.488  MET
  [435/576] r21_wire_pipeline_cross_die      orig      off       p=1.229  MET
  [436/576] r21_wire_pipeline_cross_die      orig      off       p=1.01   VIOLATED
  [437/576] r21_wire_pipeline_cross_die      orig      off       p=0.822  VIOLATED
  [438/576] r21_wire_pipeline_cross_die      orig      off       p=0.673  VIOLATED
  [439/576] r21_wire_pipeline_cross_die      orig      on        p=1.793  MET
  [440/576] r21_wire_pipeline_cross_die      orig      on        p=1.488  MET
  [441/576] r21_wire_pipeline_cross_die      orig      on        p=1.229  MET
  [442/576] r21_wire_pipeline_cross_die      orig      on        p=1.01   MET
  [443/576] r21_wire_pipeline_cross_die      orig      on        p=0.822  MET
  [444/576] r21_wire_pipeline_cross_die      orig      on        p=0.673  MET
  [445/576] r21_wire_pipeline_cross_die      directive on        p=1.793  MET
  [446/576] r21_wire_pipeline_cross_die      directive on        p=1.488  MET
  [447/576] r21_wire_pipeline_cross_die      directive on        p=1.229  MET
  [448/576] r21_wire_pipeline_cross_die      directive on        p=1.01   MET
  [449/576] r21_wire_pipeline_cross_die      directive on        p=0.822  MET
  [450/576] r21_wire_pipeline_cross_die      directive on        p=0.673  MET
  [451/576] r21_wire_pipeline_cross_die      retimed   off       p=1.793  MET
  [452/576] r21_wire_pipeline_cross_die      retimed   off       p=1.488  MET
  [453/576] r21_wire_pipeline_cross_die      retimed   off       p=1.229  MET
  [454/576] r21_wire_pipeline_cross_die      retimed   off       p=1.01   VIOLATED
  [455/576] r21_wire_pipeline_cross_die      retimed   off       p=0.822  VIOLATED
  [456/576] r21_wire_pipeline_cross_die      retimed   off       p=0.673  VIOLATED
  [457/576] r22_fanout_wire_load             orig      off       p=1.569  VIOLATED
  [458/576] r22_fanout_wire_load             orig      off       p=1.302  VIOLATED
  [459/576] r22_fanout_wire_load             orig      off       p=1.075  VIOLATED
  [460/576] r22_fanout_wire_load             orig      off       p=0.884  VIOLATED
  [461/576] r22_fanout_wire_load             orig      off       p=0.719  VIOLATED
  [462/576] r22_fanout_wire_load             orig      off       p=0.589  VIOLATED
  [463/576] r22_fanout_wire_load             orig      on        p=1.569  VIOLATED
  [464/576] r22_fanout_wire_load             orig      on        p=1.302  VIOLATED
  [465/576] r22_fanout_wire_load             orig      on        p=1.075  VIOLATED
  [466/576] r22_fanout_wire_load             orig      on        p=0.884  VIOLATED
  [467/576] r22_fanout_wire_load             orig      on        p=0.719  VIOLATED
  [468/576] r22_fanout_wire_load             orig      on        p=0.589  VIOLATED
  [469/576] r22_fanout_wire_load             directive on        p=1.569  VIOLATED
  [470/576] r22_fanout_wire_load             directive on        p=1.302  VIOLATED
  [471/576] r22_fanout_wire_load             directive on        p=1.075  VIOLATED
  [472/576] r22_fanout_wire_load             directive on        p=0.884  VIOLATED
  [473/576] r22_fanout_wire_load             directive on        p=0.719  VIOLATED
  [474/576] r22_fanout_wire_load             directive on        p=0.589  VIOLATED
  [475/576] r22_fanout_wire_load             retimed   off       p=1.569  VIOLATED
  [476/576] r22_fanout_wire_load             retimed   off       p=1.302  VIOLATED
  [477/576] r22_fanout_wire_load             retimed   off       p=1.075  VIOLATED
  [478/576] r22_fanout_wire_load             retimed   off       p=0.884  VIOLATED
  [479/576] r22_fanout_wire_load             retimed   off       p=0.719  VIOLATED
  [480/576] r22_fanout_wire_load             retimed   off       p=0.589  VIOLATED
  [481/576] r24_loop_bound_control           orig      off       p=2.998  MET
  [482/576] r24_loop_bound_control           orig      off       p=2.487  VIOLATED
  [483/576] r24_loop_bound_control           orig      off       p=2.055  VIOLATED
  [484/576] r24_loop_bound_control           orig      off       p=1.689  VIOLATED
  [485/576] r24_loop_bound_control           orig      off       p=1.374  VIOLATED
  [486/576] r24_loop_bound_control           orig      off       p=1.126  VIOLATED
  [487/576] r24_loop_bound_control           orig      on        p=2.998  MET
  [488/576] r24_loop_bound_control           orig      on        p=2.487  MET
  [489/576] r24_loop_bound_control           orig      on        p=2.055  MET
  [490/576] r24_loop_bound_control           orig      on        p=1.689  MET
  [491/576] r24_loop_bound_control           orig      on        p=1.374  MET
  [492/576] r24_loop_bound_control           orig      on        p=1.126  VIOLATED
  [493/576] r24_loop_bound_control           directive on        p=2.998  MET
  [494/576] r24_loop_bound_control           directive on        p=2.487  MET
  [495/576] r24_loop_bound_control           directive on        p=2.055  MET
  [496/576] r24_loop_bound_control           directive on        p=1.689  MET
  [497/576] r24_loop_bound_control           directive on        p=1.374  MET
  [498/576] r24_loop_bound_control           directive on        p=1.126  VIOLATED
  [499/576] r24_loop_bound_control           retimed   off       p=2.998  MET
  [500/576] r24_loop_bound_control           retimed   off       p=2.487  VIOLATED
  [501/576] r24_loop_bound_control           retimed   off       p=2.055  VIOLATED
  [502/576] r24_loop_bound_control           retimed   off       p=1.689  VIOLATED
  [503/576] r24_loop_bound_control           retimed   off       p=1.374  VIOLATED
  [504/576] r24_loop_bound_control           retimed   off       p=1.126  VIOLATED
  [505/576] r26_sdc_exception_invalidation   orig      off       p=1.681  VIOLATED
  [506/576] r26_sdc_exception_invalidation   orig      off       p=1.395  VIOLATED
  [507/576] r26_sdc_exception_invalidation   orig      off       p=1.152  VIOLATED
  [508/576] r26_sdc_exception_invalidation   orig      off       p=0.947  VIOLATED
  [509/576] r26_sdc_exception_invalidation   orig      off       p=0.771  VIOLATED
  [510/576] r26_sdc_exception_invalidation   orig      off       p=0.631  VIOLATED
  [511/576] r26_sdc_exception_invalidation   orig      on        p=1.681  MET
  [512/576] r26_sdc_exception_invalidation   orig      on        p=1.395  VIOLATED
  [513/576] r26_sdc_exception_invalidation   orig      on        p=1.152  VIOLATED
  [514/576] r26_sdc_exception_invalidation   orig      on        p=0.947  VIOLATED
  [515/576] r26_sdc_exception_invalidation   orig      on        p=0.771  VIOLATED
  [516/576] r26_sdc_exception_invalidation   orig      on        p=0.631  VIOLATED
  [517/576] r26_sdc_exception_invalidation   directive on        p=1.681  MET
  [518/576] r26_sdc_exception_invalidation   directive on        p=1.395  VIOLATED
  [519/576] r26_sdc_exception_invalidation   directive on        p=1.152  VIOLATED
  [520/576] r26_sdc_exception_invalidation   directive on        p=0.947  VIOLATED
  [521/576] r26_sdc_exception_invalidation   directive on        p=0.771  VIOLATED
  [522/576] r26_sdc_exception_invalidation   directive on        p=0.631  VIOLATED
  [523/576] r26_sdc_exception_invalidation   retimed   off       p=1.681  VIOLATED
  [524/576] r26_sdc_exception_invalidation   retimed   off       p=1.395  VIOLATED
  [525/576] r26_sdc_exception_invalidation   retimed   off       p=1.152  VIOLATED
  [526/576] r26_sdc_exception_invalidation   retimed   off       p=0.947  VIOLATED
  [527/576] r26_sdc_exception_invalidation   retimed   off       p=0.771  VIOLATED
  [528/576] r26_sdc_exception_invalidation   retimed   off       p=0.631  VIOLATED
  [529/576] r27_exception_scope_probe        orig      off       p=2.489  MET
  [530/576] r27_exception_scope_probe        orig      off       p=2.065  VIOLATED
  [531/576] r27_exception_scope_probe        orig      off       p=1.707  VIOLATED
  [532/576] r27_exception_scope_probe        orig      off       p=1.402  VIOLATED
  [533/576] r27_exception_scope_probe        orig      off       p=1.141  VIOLATED
  [534/576] r27_exception_scope_probe        orig      off       p=0.935  VIOLATED
  [535/576] r27_exception_scope_probe        orig      on        p=2.489  MET
  [536/576] r27_exception_scope_probe        orig      on        p=2.065  MET
  [537/576] r27_exception_scope_probe        orig      on        p=1.707  MET
  [538/576] r27_exception_scope_probe        orig      on        p=1.402  MET
  [539/576] r27_exception_scope_probe        orig      on        p=1.141  VIOLATED
  [540/576] r27_exception_scope_probe        orig      on        p=0.935  VIOLATED
  [541/576] r27_exception_scope_probe        directive on        p=2.489  MET
  [542/576] r27_exception_scope_probe        directive on        p=2.065  MET
  [543/576] r27_exception_scope_probe        directive on        p=1.707  MET
  [544/576] r27_exception_scope_probe        directive on        p=1.402  MET
  [545/576] r27_exception_scope_probe        directive on        p=1.141  VIOLATED
  [546/576] r27_exception_scope_probe        directive on        p=0.935  VIOLATED
  [547/576] r27_exception_scope_probe        retimed   off       p=2.489  MET
  [548/576] r27_exception_scope_probe        retimed   off       p=2.065  VIOLATED
  [549/576] r27_exception_scope_probe        retimed   off       p=1.707  VIOLATED
  [550/576] r27_exception_scope_probe        retimed   off       p=1.402  VIOLATED
  [551/576] r27_exception_scope_probe        retimed   off       p=1.141  VIOLATED
  [552/576] r27_exception_scope_probe        retimed   off       p=0.935  VIOLATED
  [553/576] r28_congestion_wire_split        orig      off       p=1.262  MET
  [554/576] r28_congestion_wire_split        orig      off       p=1.047  MET
  [555/576] r28_congestion_wire_split        orig      off       p=0.865  MET
  [556/576] r28_congestion_wire_split        orig      off       p=0.711  VIOLATED
  [557/576] r28_congestion_wire_split        orig      off       p=0.579  VIOLATED
  [558/576] r28_congestion_wire_split        orig      off       p=0.474  VIOLATED
  [559/576] r28_congestion_wire_split        orig      on        p=1.262  MET
  [560/576] r28_congestion_wire_split        orig      on        p=1.047  MET
  [561/576] r28_congestion_wire_split        orig      on        p=0.865  MET
  [562/576] r28_congestion_wire_split        orig      on        p=0.711  VIOLATED
  [563/576] r28_congestion_wire_split        orig      on        p=0.579  VIOLATED
  [564/576] r28_congestion_wire_split        orig      on        p=0.474  VIOLATED
  [565/576] r28_congestion_wire_split        directive on        p=1.262  MET
  [566/576] r28_congestion_wire_split        directive on        p=1.047  MET
  [567/576] r28_congestion_wire_split        directive on        p=0.865  MET
  [568/576] r28_congestion_wire_split        directive on        p=0.711  VIOLATED
  [569/576] r28_congestion_wire_split        directive on        p=0.579  VIOLATED
  [570/576] r28_congestion_wire_split        directive on        p=0.474  VIOLATED
  [571/576] r28_congestion_wire_split        retimed   off       p=1.262  MET
  [572/576] r28_congestion_wire_split        retimed   off       p=1.047  MET
  [573/576] r28_congestion_wire_split        retimed   off       p=0.865  MET
  [574/576] r28_congestion_wire_split        retimed   off       p=0.711  VIOLATED
  [575/576] r28_congestion_wire_split        retimed   off       p=0.579  VIOLATED
  [576/576] r28_congestion_wire_split        retimed   off       p=0.474  VIOLATED
wrote results/matrix_yosys_n45.json (576 rows)
matrix: 24 benchmark(s), 432 runs, 4 concurrent, tool=openroad_syn
  [1/432] r01_reset_backward_barrier       orig      none      p=2.407  no metrics
  [2/432] r01_reset_backward_barrier       orig      none      p=1.997  no metrics
  [3/432] r01_reset_backward_barrier       orig      none      p=1.65   no metrics
  [4/432] r01_reset_backward_barrier       orig      none      p=1.356  no metrics
  [5/432] r01_reset_backward_barrier       orig      none      p=1.104  no metrics
  [6/432] r01_reset_backward_barrier       orig      none      p=0.904  no metrics
  [7/432] r01_reset_backward_barrier       directive none      p=2.407  no metrics
  [8/432] r01_reset_backward_barrier       directive none      p=1.997  no metrics
  [9/432] r01_reset_backward_barrier       directive none      p=1.65   no metrics
  [10/432] r01_reset_backward_barrier       directive none      p=1.356  no metrics
  [11/432] r01_reset_backward_barrier       directive none      p=1.104  no metrics
  [12/432] r01_reset_backward_barrier       directive none      p=0.904  no metrics
  [13/432] r01_reset_backward_barrier       retimed   none      p=2.407  no metrics
  [14/432] r01_reset_backward_barrier       retimed   none      p=1.997  no metrics
  [15/432] r01_reset_backward_barrier       retimed   none      p=1.65   no metrics
  [16/432] r01_reset_backward_barrier       retimed   none      p=1.356  no metrics
  [17/432] r01_reset_backward_barrier       retimed   none      p=1.104  no metrics
  [18/432] r01_reset_backward_barrier       retimed   none      p=0.904  no metrics
  [19/432] r02_reset_no_valid_init          orig      none      p=2.443  no metrics
  [20/432] r02_reset_no_valid_init          orig      none      p=2.027  no metrics
  [21/432] r02_reset_no_valid_init          orig      none      p=1.675  no metrics
  [22/432] r02_reset_no_valid_init          orig      none      p=1.376  no metrics
  [23/432] r02_reset_no_valid_init          orig      none      p=1.12   no metrics
  [24/432] r02_reset_no_valid_init          orig      none      p=0.918  no metrics
  [25/432] r02_reset_no_valid_init          directive none      p=2.443  no metrics
  [26/432] r02_reset_no_valid_init          directive none      p=2.027  no metrics
  [27/432] r02_reset_no_valid_init          directive none      p=1.675  no metrics
  [28/432] r02_reset_no_valid_init          directive none      p=1.376  no metrics
  [29/432] r02_reset_no_valid_init          directive none      p=1.12   no metrics
  [30/432] r02_reset_no_valid_init          directive none      p=0.918  no metrics
  [31/432] r02_reset_no_valid_init          retimed   none      p=2.443  no metrics
  [32/432] r02_reset_no_valid_init          retimed   none      p=2.027  no metrics
  [33/432] r02_reset_no_valid_init          retimed   none      p=1.675  no metrics
  [34/432] r02_reset_no_valid_init          retimed   none      p=1.376  no metrics
  [35/432] r02_reset_no_valid_init          retimed   none      p=1.12   no metrics
  [36/432] r02_reset_no_valid_init          retimed   none      p=0.918  no metrics
  [37/432] r03_async_reset_blocker          orig      none      p=2.395  no metrics
  [38/432] r03_async_reset_blocker          orig      none      p=1.987  no metrics
  [39/432] r03_async_reset_blocker          orig      none      p=1.642  no metrics
  [40/432] r03_async_reset_blocker          orig      none      p=1.349  no metrics
  [41/432] r03_async_reset_blocker          orig      none      p=1.098  no metrics
  [42/432] r03_async_reset_blocker          orig      none      p=0.9    no metrics
  [43/432] r03_async_reset_blocker          directive none      p=2.395  no metrics
  [44/432] r03_async_reset_blocker          directive none      p=1.987  no metrics
  [45/432] r03_async_reset_blocker          directive none      p=1.642  no metrics
  [46/432] r03_async_reset_blocker          directive none      p=1.349  no metrics
  [47/432] r03_async_reset_blocker          directive none      p=1.098  no metrics
  [48/432] r03_async_reset_blocker          directive none      p=0.9    no metrics
  [49/432] r03_async_reset_blocker          retimed   none      p=2.395  no metrics
  [50/432] r03_async_reset_blocker          retimed   none      p=1.987  no metrics
  [51/432] r03_async_reset_blocker          retimed   none      p=1.642  no metrics
  [52/432] r03_async_reset_blocker          retimed   none      p=1.349  no metrics
  [53/432] r03_async_reset_blocker          retimed   none      p=1.098  no metrics
  [54/432] r03_async_reset_blocker          retimed   none      p=0.9    no metrics
  [55/432] r04_init_only_no_reset           orig      none      p=2.361  no metrics
  [56/432] r04_init_only_no_reset           orig      none      p=1.959  no metrics
  [57/432] r04_init_only_no_reset           orig      none      p=1.619  no metrics
  [58/432] r04_init_only_no_reset           orig      none      p=1.33   no metrics
  [59/432] r04_init_only_no_reset           orig      none      p=1.083  no metrics
  [60/432] r04_init_only_no_reset           orig      none      p=0.887  no metrics
  [61/432] r04_init_only_no_reset           directive none      p=2.361  no metrics
  [62/432] r04_init_only_no_reset           directive none      p=1.959  no metrics
  [63/432] r04_init_only_no_reset           directive none      p=1.619  no metrics
  [64/432] r04_init_only_no_reset           directive none      p=1.33   no metrics
  [65/432] r04_init_only_no_reset           directive none      p=1.083  no metrics
  [66/432] r04_init_only_no_reset           directive none      p=0.887  no metrics
  [67/432] r04_init_only_no_reset           retimed   none      p=2.361  no metrics
  [68/432] r04_init_only_no_reset           retimed   none      p=1.959  no metrics
  [69/432] r04_init_only_no_reset           retimed   none      p=1.619  no metrics
  [70/432] r04_init_only_no_reset           retimed   none      p=1.33   no metrics
  [71/432] r04_init_only_no_reset           retimed   none      p=1.083  no metrics
  [72/432] r04_init_only_no_reset           retimed   none      p=0.887  no metrics
  [73/432] r05_fsm_high_fanout              orig      none      p=1.296  no metrics
  [74/432] r05_fsm_high_fanout              orig      none      p=1.075  no metrics
  [75/432] r05_fsm_high_fanout              orig      none      p=0.889  no metrics
  [76/432] r05_fsm_high_fanout              orig      none      p=0.73   no metrics
  [77/432] r05_fsm_high_fanout              orig      none      p=0.594  no metrics
  [78/432] r05_fsm_high_fanout              orig      none      p=0.487  no metrics
  [79/432] r05_fsm_high_fanout              directive none      p=1.296  no metrics
  [80/432] r05_fsm_high_fanout              directive none      p=1.075  no metrics
  [81/432] r05_fsm_high_fanout              directive none      p=0.889  no metrics
  [82/432] r05_fsm_high_fanout              directive none      p=0.73   no metrics
  [83/432] r05_fsm_high_fanout              directive none      p=0.594  no metrics
  [84/432] r05_fsm_high_fanout              directive none      p=0.487  no metrics
  [85/432] r05_fsm_high_fanout              retimed   none      p=1.296  no metrics
  [86/432] r05_fsm_high_fanout              retimed   none      p=1.075  no metrics
  [87/432] r05_fsm_high_fanout              retimed   none      p=0.889  no metrics
  [88/432] r05_fsm_high_fanout              retimed   none      p=0.73   no metrics
  [89/432] r05_fsm_high_fanout              retimed   none      p=0.594  no metrics
  [90/432] r05_fsm_high_fanout              retimed   none      p=0.487  no metrics
  [91/432] r06_fsm_high_fanin               orig      none      p=2.169  no metrics
  [92/432] r06_fsm_high_fanin               orig      none      p=1.799  no metrics
  [93/432] r06_fsm_high_fanin               orig      none      p=1.487  no metrics
  [94/432] r06_fsm_high_fanin               orig      none      p=1.222  no metrics
  [95/432] r06_fsm_high_fanin               orig      none      p=0.994  no metrics
  [96/432] r06_fsm_high_fanin               orig      none      p=0.814  no metrics
  [97/432] r06_fsm_high_fanin               directive none      p=2.169  no metrics
  [98/432] r06_fsm_high_fanin               directive none      p=1.799  no metrics
  [99/432] r06_fsm_high_fanin               directive none      p=1.487  no metrics
  [100/432] r06_fsm_high_fanin               directive none      p=1.222  no metrics
  [101/432] r06_fsm_high_fanin               directive none      p=0.994  no metrics
  [102/432] r06_fsm_high_fanin               directive none      p=0.814  no metrics
  [103/432] r06_fsm_high_fanin               retimed   none      p=2.169  no metrics
  [104/432] r06_fsm_high_fanin               retimed   none      p=1.799  no metrics
  [105/432] r06_fsm_high_fanin               retimed   none      p=1.487  no metrics
  [106/432] r06_fsm_high_fanin               retimed   none      p=1.222  no metrics
  [107/432] r06_fsm_high_fanin               retimed   none      p=0.994  no metrics
  [108/432] r06_fsm_high_fanin               retimed   none      p=0.814  no metrics
  [109/432] r08_fsm_output_decode            orig      none      p=2.04   no metrics
  [110/432] r08_fsm_output_decode            orig      none      p=1.693  no metrics
  [111/432] r08_fsm_output_decode            orig      none      p=1.399  no metrics
  [112/432] r08_fsm_output_decode            orig      none      p=1.149  no metrics
  [113/432] r08_fsm_output_decode            orig      none      p=0.936  no metrics
  [114/432] r08_fsm_output_decode            orig      none      p=0.766  no metrics
  [115/432] r08_fsm_output_decode            directive none      p=2.04   no metrics
  [116/432] r08_fsm_output_decode            directive none      p=1.693  no metrics
  [117/432] r08_fsm_output_decode            directive none      p=1.399  no metrics
  [118/432] r08_fsm_output_decode            directive none      p=1.149  no metrics
  [119/432] r08_fsm_output_decode            directive none      p=0.936  no metrics
  [120/432] r08_fsm_output_decode            directive none      p=0.766  no metrics
  [121/432] r08_fsm_output_decode            retimed   none      p=2.04   no metrics
  [122/432] r08_fsm_output_decode            retimed   none      p=1.693  no metrics
  [123/432] r08_fsm_output_decode            retimed   none      p=1.399  no metrics
  [124/432] r08_fsm_output_decode            retimed   none      p=1.149  no metrics
  [125/432] r08_fsm_output_decode            retimed   none      p=0.936  no metrics
  [126/432] r08_fsm_output_decode            retimed   none      p=0.766  no metrics
  [127/432] r09_unbalanced_mult_pipe         orig      none      p=2.34   no metrics
  [128/432] r09_unbalanced_mult_pipe         orig      none      p=1.942  no metrics
  [129/432] r09_unbalanced_mult_pipe         orig      none      p=1.605  no metrics
  [130/432] r09_unbalanced_mult_pipe         orig      none      p=1.318  no metrics
  [131/432] r09_unbalanced_mult_pipe         orig      none      p=1.073  no metrics
  [132/432] r09_unbalanced_mult_pipe         orig      none      p=0.879  no metrics
  [133/432] r09_unbalanced_mult_pipe         directive none      p=2.34   no metrics
  [134/432] r09_unbalanced_mult_pipe         directive none      p=1.942  no metrics
  [135/432] r09_unbalanced_mult_pipe         directive none      p=1.605  no metrics
  [136/432] r09_unbalanced_mult_pipe         directive none      p=1.318  no metrics
  [137/432] r09_unbalanced_mult_pipe         directive none      p=1.073  no metrics
  [138/432] r09_unbalanced_mult_pipe         directive none      p=0.879  no metrics
  [139/432] r09_unbalanced_mult_pipe         retimed   none      p=2.34   no metrics
  [140/432] r09_unbalanced_mult_pipe         retimed   none      p=1.942  no metrics
  [141/432] r09_unbalanced_mult_pipe         retimed   none      p=1.605  no metrics
  [142/432] r09_unbalanced_mult_pipe         retimed   none      p=1.318  no metrics
  [143/432] r09_unbalanced_mult_pipe         retimed   none      p=1.073  no metrics
  [144/432] r09_unbalanced_mult_pipe         retimed   none      p=0.879  no metrics
  [145/432] r10_long_carry_chain             orig      none      p=1.972  no metrics
  [146/432] r10_long_carry_chain             orig      none      p=1.636  no metrics
  [147/432] r10_long_carry_chain             orig      none      p=1.352  no metrics
  [148/432] r10_long_carry_chain             orig      none      p=1.111  no metrics
  [149/432] r10_long_carry_chain             orig      none      p=0.904  no metrics
  [150/432] r10_long_carry_chain             orig      none      p=0.74   no metrics
  [151/432] r10_long_carry_chain             directive none      p=1.972  no metrics
  [152/432] r10_long_carry_chain             directive none      p=1.636  no metrics
  [153/432] r10_long_carry_chain             directive none      p=1.352  no metrics
  [154/432] r10_long_carry_chain             directive none      p=1.111  no metrics
  [155/432] r10_long_carry_chain             directive none      p=0.904  no metrics
  [156/432] r10_long_carry_chain             directive none      p=0.74   no metrics
  [157/432] r10_long_carry_chain             retimed   none      p=1.972  no metrics
  [158/432] r10_long_carry_chain             retimed   none      p=1.636  no metrics
  [159/432] r10_long_carry_chain             retimed   none      p=1.352  no metrics
  [160/432] r10_long_carry_chain             retimed   none      p=1.111  no metrics
  [161/432] r10_long_carry_chain             retimed   none      p=0.904  no metrics
  [162/432] r10_long_carry_chain             retimed   none      p=0.74   no metrics
  [163/432] r11_deep_retime_distance         orig      none      p=9.027  no metrics
  [164/432] r11_deep_retime_distance         orig      none      p=7.49   no metrics
  [165/432] r11_deep_retime_distance         orig      none      p=6.189  no metrics
  [166/432] r11_deep_retime_distance         orig      none      p=5.085  no metrics
  [167/432] r11_deep_retime_distance         orig      none      p=4.139  no metrics
  [168/432] r11_deep_retime_distance         orig      none      p=3.39   no metrics
  [169/432] r11_deep_retime_distance         directive none      p=9.027  no metrics
  [170/432] r11_deep_retime_distance         directive none      p=7.49   no metrics
  [171/432] r11_deep_retime_distance         directive none      p=6.189  no metrics
  [172/432] r11_deep_retime_distance         directive none      p=5.085  no metrics
  [173/432] r11_deep_retime_distance         directive none      p=4.139  no metrics
  [174/432] r11_deep_retime_distance         directive none      p=3.39   no metrics
  [175/432] r11_deep_retime_distance         retimed   none      p=9.027  no metrics
  [176/432] r11_deep_retime_distance         retimed   none      p=7.49   no metrics
  [177/432] r11_deep_retime_distance         retimed   none      p=6.189  no metrics
  [178/432] r11_deep_retime_distance         retimed   none      p=5.085  no metrics
  [179/432] r11_deep_retime_distance         retimed   none      p=4.139  no metrics
  [180/432] r11_deep_retime_distance         retimed   none      p=3.39   no metrics
  [181/432] r12_wide_reduction_tree          orig      none      p=2.098  no metrics
  [182/432] r12_wide_reduction_tree          orig      none      p=1.74   no metrics
  [183/432] r12_wide_reduction_tree          orig      none      p=1.438  no metrics
  [184/432] r12_wide_reduction_tree          orig      none      p=1.182  no metrics
  [185/432] r12_wide_reduction_tree          orig      none      p=0.962  no metrics
  [186/432] r12_wide_reduction_tree          orig      none      p=0.788  no metrics
  [187/432] r12_wide_reduction_tree          directive none      p=2.098  no metrics
  [188/432] r12_wide_reduction_tree          directive none      p=1.74   no metrics
  [189/432] r12_wide_reduction_tree          directive none      p=1.438  no metrics
  [190/432] r12_wide_reduction_tree          directive none      p=1.182  no metrics
  [191/432] r12_wide_reduction_tree          directive none      p=0.962  no metrics
  [192/432] r12_wide_reduction_tree          directive none      p=0.788  no metrics
  [193/432] r12_wide_reduction_tree          retimed   none      p=2.098  no metrics
  [194/432] r12_wide_reduction_tree          retimed   none      p=1.74   no metrics
  [195/432] r12_wide_reduction_tree          retimed   none      p=1.438  no metrics
  [196/432] r12_wide_reduction_tree          retimed   none      p=1.182  no metrics
  [197/432] r12_wide_reduction_tree          retimed   none      p=0.962  no metrics
  [198/432] r12_wide_reduction_tree          retimed   none      p=0.788  no metrics
  [199/432] r13_retime_around_sram           orig      none      p=2.192  no metrics
  [200/432] r13_retime_around_sram           orig      none      p=1.818  no metrics
  [201/432] r13_retime_around_sram           orig      none      p=1.502  no metrics
  [202/432] r13_retime_around_sram           orig      none      p=1.235  no metrics
  [203/432] r13_retime_around_sram           orig      none      p=1.005  no metrics
  [204/432] r13_retime_around_sram           orig      none      p=0.823  no metrics
  [205/432] r13_retime_around_sram           directive none      p=2.192  no metrics
  [206/432] r13_retime_around_sram           directive none      p=1.818  no metrics
  [207/432] r13_retime_around_sram           directive none      p=1.502  no metrics
  [208/432] r13_retime_around_sram           directive none      p=1.235  no metrics
  [209/432] r13_retime_around_sram           directive none      p=1.005  no metrics
  [210/432] r13_retime_around_sram           directive none      p=0.823  no metrics
  [211/432] r13_retime_around_sram           retimed   none      p=2.192  no metrics
  [212/432] r13_retime_around_sram           retimed   none      p=1.818  no metrics
  [213/432] r13_retime_around_sram           retimed   none      p=1.502  no metrics
  [214/432] r13_retime_around_sram           retimed   none      p=1.235  no metrics
  [215/432] r13_retime_around_sram           retimed   none      p=1.005  no metrics
  [216/432] r13_retime_around_sram           retimed   none      p=0.823  no metrics
  [217/432] r15_hier_boundary_block          orig      none      p=2.45   no metrics
  [218/432] r15_hier_boundary_block          orig      none      p=2.033  no metrics
  [219/432] r15_hier_boundary_block          orig      none      p=1.68   no metrics
  [220/432] r15_hier_boundary_block          orig      none      p=1.38   no metrics
  [221/432] r15_hier_boundary_block          orig      none      p=1.124  no metrics
  [222/432] r15_hier_boundary_block          orig      none      p=0.92   no metrics
  [223/432] r15_hier_boundary_block          directive none      p=2.45   no metrics
  [224/432] r15_hier_boundary_block          directive none      p=2.033  no metrics
  [225/432] r15_hier_boundary_block          directive none      p=1.68   no metrics
  [226/432] r15_hier_boundary_block          directive none      p=1.38   no metrics
  [227/432] r15_hier_boundary_block          directive none      p=1.124  no metrics
  [228/432] r15_hier_boundary_block          directive none      p=0.92   no metrics
  [229/432] r15_hier_boundary_block          retimed   none      p=2.45   no metrics
  [230/432] r15_hier_boundary_block          retimed   none      p=2.033  no metrics
  [231/432] r15_hier_boundary_block          retimed   none      p=1.68   no metrics
  [232/432] r15_hier_boundary_block          retimed   none      p=1.38   no metrics
  [233/432] r15_hier_boundary_block          retimed   none      p=1.124  no metrics
  [234/432] r15_hier_boundary_block          retimed   none      p=0.92   no metrics
  [235/432] r16_dont_touch_conflict          orig      none      p=2.034  no metrics
  [236/432] r16_dont_touch_conflict          orig      none      p=1.687  no metrics
  [237/432] r16_dont_touch_conflict          orig      none      p=1.394  no metrics
  [238/432] r16_dont_touch_conflict          orig      none      p=1.146  no metrics
  [239/432] r16_dont_touch_conflict          orig      none      p=0.932  no metrics
  [240/432] r16_dont_touch_conflict          orig      none      p=0.764  no metrics
  [241/432] r16_dont_touch_conflict          directive none      p=2.034  no metrics
  [242/432] r16_dont_touch_conflict          directive none      p=1.687  no metrics
  [243/432] r16_dont_touch_conflict          directive none      p=1.394  no metrics
  [244/432] r16_dont_touch_conflict          directive none      p=1.146  no metrics
  [245/432] r16_dont_touch_conflict          directive none      p=0.932  no metrics
  [246/432] r16_dont_touch_conflict          directive none      p=0.764  no metrics
  [247/432] r16_dont_touch_conflict          retimed   none      p=2.034  no metrics
  [248/432] r16_dont_touch_conflict          retimed   none      p=1.687  no metrics
  [249/432] r16_dont_touch_conflict          retimed   none      p=1.394  no metrics
  [250/432] r16_dont_touch_conflict          retimed   none      p=1.146  no metrics
  [251/432] r16_dont_touch_conflict          retimed   none      p=0.932  no metrics
  [252/432] r16_dont_touch_conflict          retimed   none      p=0.764  no metrics
  [253/432] r17_clock_enable_barrier         orig      none      p=2.441  no metrics
  [254/432] r17_clock_enable_barrier         orig      none      p=2.025  no metrics
  [255/432] r17_clock_enable_barrier         orig      none      p=1.674  no metrics
  [256/432] r17_clock_enable_barrier         orig      none      p=1.375  no metrics
  [257/432] r17_clock_enable_barrier         orig      none      p=1.119  no metrics
  [258/432] r17_clock_enable_barrier         orig      none      p=0.917  no metrics
  [259/432] r17_clock_enable_barrier         directive none      p=2.441  no metrics
  [260/432] r17_clock_enable_barrier         directive none      p=2.025  no metrics
  [261/432] r17_clock_enable_barrier         directive none      p=1.674  no metrics
  [262/432] r17_clock_enable_barrier         directive none      p=1.375  no metrics
  [263/432] r17_clock_enable_barrier         directive none      p=1.119  no metrics
  [264/432] r17_clock_enable_barrier         directive none      p=0.917  no metrics
  [265/432] r17_clock_enable_barrier         retimed   none      p=2.441  no metrics
  [266/432] r17_clock_enable_barrier         retimed   none      p=2.025  no metrics
  [267/432] r17_clock_enable_barrier         retimed   none      p=1.674  no metrics
  [268/432] r17_clock_enable_barrier         retimed   none      p=1.375  no metrics
  [269/432] r17_clock_enable_barrier         retimed   none      p=1.119  no metrics
  [270/432] r17_clock_enable_barrier         retimed   none      p=0.917  no metrics
  [271/432] r18_clock_gated_region           orig      none      p=2.416  no metrics
  [272/432] r18_clock_gated_region           orig      none      p=2.004  no metrics
  [273/432] r18_clock_gated_region           orig      none      p=1.656  no metrics
  [274/432] r18_clock_gated_region           orig      none      p=1.361  no metrics
  [275/432] r18_clock_gated_region           orig      none      p=1.108  no metrics
  [276/432] r18_clock_gated_region           orig      none      p=0.907  no metrics
  [277/432] r18_clock_gated_region           directive none      p=2.416  no metrics
  [278/432] r18_clock_gated_region           directive none      p=2.004  no metrics
  [279/432] r18_clock_gated_region           directive none      p=1.656  no metrics
  [280/432] r18_clock_gated_region           directive none      p=1.361  no metrics
  [281/432] r18_clock_gated_region           directive none      p=1.108  no metrics
  [282/432] r18_clock_gated_region           directive none      p=0.907  no metrics
  [283/432] r18_clock_gated_region           retimed   none      p=2.416  no metrics
  [284/432] r18_clock_gated_region           retimed   none      p=2.004  no metrics
  [285/432] r18_clock_gated_region           retimed   none      p=1.656  no metrics
  [286/432] r18_clock_gated_region           retimed   none      p=1.361  no metrics
  [287/432] r18_clock_gated_region           retimed   none      p=1.108  no metrics
  [288/432] r18_clock_gated_region           retimed   none      p=0.907  no metrics
  [289/432] r19_power_activity_retime        orig      none      p=1.617  no metrics
  [290/432] r19_power_activity_retime        orig      none      p=1.341  no metrics
  [291/432] r19_power_activity_retime        orig      none      p=1.108  no metrics
  [292/432] r19_power_activity_retime        orig      none      p=0.911  no metrics
  [293/432] r19_power_activity_retime        orig      none      p=0.741  no metrics
  [294/432] r19_power_activity_retime        orig      none      p=0.607  no metrics
  [295/432] r19_power_activity_retime        directive none      p=1.617  no metrics
  [296/432] r19_power_activity_retime        directive none      p=1.341  no metrics
  [297/432] r19_power_activity_retime        directive none      p=1.108  no metrics
  [298/432] r19_power_activity_retime        directive none      p=0.911  no metrics
  [299/432] r19_power_activity_retime        directive none      p=0.741  no metrics
  [300/432] r19_power_activity_retime        directive none      p=0.607  no metrics
  [301/432] r19_power_activity_retime        retimed   none      p=1.617  no metrics
  [302/432] r19_power_activity_retime        retimed   none      p=1.341  no metrics
  [303/432] r19_power_activity_retime        retimed   none      p=1.108  no metrics
  [304/432] r19_power_activity_retime        retimed   none      p=0.911  no metrics
  [305/432] r19_power_activity_retime        retimed   none      p=0.741  no metrics
  [306/432] r19_power_activity_retime        retimed   none      p=0.607  no metrics
  [307/432] r20_glitch_absorb                orig      none      p=1.351  no metrics
  [308/432] r20_glitch_absorb                orig      none      p=1.121  no metrics
  [309/432] r20_glitch_absorb                orig      none      p=0.926  no metrics
  [310/432] r20_glitch_absorb                orig      none      p=0.761  no metrics
  [311/432] r20_glitch_absorb                orig      none      p=0.619  no metrics
  [312/432] r20_glitch_absorb                orig      none      p=0.507  no metrics
  [313/432] r20_glitch_absorb                directive none      p=1.351  no metrics
  [314/432] r20_glitch_absorb                directive none      p=1.121  no metrics
  [315/432] r20_glitch_absorb                directive none      p=0.926  no metrics
  [316/432] r20_glitch_absorb                directive none      p=0.761  no metrics
  [317/432] r20_glitch_absorb                directive none      p=0.619  no metrics
  [318/432] r20_glitch_absorb                directive none      p=0.507  no metrics
  [319/432] r20_glitch_absorb                retimed   none      p=1.351  no metrics
  [320/432] r20_glitch_absorb                retimed   none      p=1.121  no metrics
  [321/432] r20_glitch_absorb                retimed   none      p=0.926  no metrics
  [322/432] r20_glitch_absorb                retimed   none      p=0.761  no metrics
  [323/432] r20_glitch_absorb                retimed   none      p=0.619  no metrics
  [324/432] r20_glitch_absorb                retimed   none      p=0.507  no metrics
  [325/432] r21_wire_pipeline_cross_die      orig      none      p=1.793  no metrics
  [326/432] r21_wire_pipeline_cross_die      orig      none      p=1.488  no metrics
  [327/432] r21_wire_pipeline_cross_die      orig      none      p=1.229  no metrics
  [328/432] r21_wire_pipeline_cross_die      orig      none      p=1.01   no metrics
  [329/432] r21_wire_pipeline_cross_die      orig      none      p=0.822  no metrics
  [330/432] r21_wire_pipeline_cross_die      orig      none      p=0.673  no metrics
  [331/432] r21_wire_pipeline_cross_die      directive none      p=1.793  no metrics
  [332/432] r21_wire_pipeline_cross_die      directive none      p=1.488  no metrics
  [333/432] r21_wire_pipeline_cross_die      directive none      p=1.229  no metrics
  [334/432] r21_wire_pipeline_cross_die      directive none      p=1.01   no metrics
  [335/432] r21_wire_pipeline_cross_die      directive none      p=0.822  no metrics
  [336/432] r21_wire_pipeline_cross_die      directive none      p=0.673  no metrics
  [337/432] r21_wire_pipeline_cross_die      retimed   none      p=1.793  no metrics
  [338/432] r21_wire_pipeline_cross_die      retimed   none      p=1.488  no metrics
  [339/432] r21_wire_pipeline_cross_die      retimed   none      p=1.229  no metrics
  [340/432] r21_wire_pipeline_cross_die      retimed   none      p=1.01   no metrics
  [341/432] r21_wire_pipeline_cross_die      retimed   none      p=0.822  no metrics
  [342/432] r21_wire_pipeline_cross_die      retimed   none      p=0.673  no metrics
  [343/432] r22_fanout_wire_load             orig      none      p=1.569  no metrics
  [344/432] r22_fanout_wire_load             orig      none      p=1.302  no metrics
  [345/432] r22_fanout_wire_load             orig      none      p=1.075  no metrics
  [346/432] r22_fanout_wire_load             orig      none      p=0.884  no metrics
  [347/432] r22_fanout_wire_load             orig      none      p=0.719  no metrics
  [348/432] r22_fanout_wire_load             orig      none      p=0.589  no metrics
  [349/432] r22_fanout_wire_load             directive none      p=1.569  no metrics
  [350/432] r22_fanout_wire_load             directive none      p=1.302  no metrics
  [351/432] r22_fanout_wire_load             directive none      p=1.075  no metrics
  [352/432] r22_fanout_wire_load             directive none      p=0.884  no metrics
  [353/432] r22_fanout_wire_load             directive none      p=0.719  no metrics
  [354/432] r22_fanout_wire_load             directive none      p=0.589  no metrics
  [355/432] r22_fanout_wire_load             retimed   none      p=1.569  no metrics
  [356/432] r22_fanout_wire_load             retimed   none      p=1.302  no metrics
  [357/432] r22_fanout_wire_load             retimed   none      p=1.075  no metrics
  [358/432] r22_fanout_wire_load             retimed   none      p=0.884  no metrics
  [359/432] r22_fanout_wire_load             retimed   none      p=0.719  no metrics
  [360/432] r22_fanout_wire_load             retimed   none      p=0.589  no metrics
  [361/432] r24_loop_bound_control           orig      none      p=2.998  no metrics
  [362/432] r24_loop_bound_control           orig      none      p=2.487  no metrics
  [363/432] r24_loop_bound_control           orig      none      p=2.055  no metrics
  [364/432] r24_loop_bound_control           orig      none      p=1.689  no metrics
  [365/432] r24_loop_bound_control           orig      none      p=1.374  no metrics
  [366/432] r24_loop_bound_control           orig      none      p=1.126  no metrics
  [367/432] r24_loop_bound_control           directive none      p=2.998  no metrics
  [368/432] r24_loop_bound_control           directive none      p=2.487  no metrics
  [369/432] r24_loop_bound_control           directive none      p=2.055  no metrics
  [370/432] r24_loop_bound_control           directive none      p=1.689  no metrics
  [371/432] r24_loop_bound_control           directive none      p=1.374  no metrics
  [372/432] r24_loop_bound_control           directive none      p=1.126  no metrics
  [373/432] r24_loop_bound_control           retimed   none      p=2.998  no metrics
  [374/432] r24_loop_bound_control           retimed   none      p=2.487  no metrics
  [375/432] r24_loop_bound_control           retimed   none      p=2.055  no metrics
  [376/432] r24_loop_bound_control           retimed   none      p=1.689  no metrics
  [377/432] r24_loop_bound_control           retimed   none      p=1.374  no metrics
  [378/432] r24_loop_bound_control           retimed   none      p=1.126  no metrics
  [379/432] r26_sdc_exception_invalidation   orig      none      p=1.681  no metrics
  [380/432] r26_sdc_exception_invalidation   orig      none      p=1.395  no metrics
  [381/432] r26_sdc_exception_invalidation   orig      none      p=1.152  no metrics
  [382/432] r26_sdc_exception_invalidation   orig      none      p=0.947  no metrics
  [383/432] r26_sdc_exception_invalidation   orig      none      p=0.771  no metrics
  [384/432] r26_sdc_exception_invalidation   orig      none      p=0.631  no metrics
  [385/432] r26_sdc_exception_invalidation   directive none      p=1.681  no metrics
  [386/432] r26_sdc_exception_invalidation   directive none      p=1.395  no metrics
  [387/432] r26_sdc_exception_invalidation   directive none      p=1.152  no metrics
  [388/432] r26_sdc_exception_invalidation   directive none      p=0.947  no metrics
  [389/432] r26_sdc_exception_invalidation   directive none      p=0.771  no metrics
  [390/432] r26_sdc_exception_invalidation   directive none      p=0.631  no metrics
  [391/432] r26_sdc_exception_invalidation   retimed   none      p=1.681  no metrics
  [392/432] r26_sdc_exception_invalidation   retimed   none      p=1.395  no metrics
  [393/432] r26_sdc_exception_invalidation   retimed   none      p=1.152  no metrics
  [394/432] r26_sdc_exception_invalidation   retimed   none      p=0.947  no metrics
  [395/432] r26_sdc_exception_invalidation   retimed   none      p=0.771  no metrics
  [396/432] r26_sdc_exception_invalidation   retimed   none      p=0.631  no metrics
  [397/432] r27_exception_scope_probe        orig      none      p=2.489  no metrics
  [398/432] r27_exception_scope_probe        orig      none      p=2.065  no metrics
  [399/432] r27_exception_scope_probe        orig      none      p=1.707  no metrics
  [400/432] r27_exception_scope_probe        orig      none      p=1.402  no metrics
  [401/432] r27_exception_scope_probe        orig      none      p=1.141  no metrics
  [402/432] r27_exception_scope_probe        orig      none      p=0.935  no metrics
  [403/432] r27_exception_scope_probe        directive none      p=2.489  no metrics
  [404/432] r27_exception_scope_probe        directive none      p=2.065  no metrics
  [405/432] r27_exception_scope_probe        directive none      p=1.707  no metrics
  [406/432] r27_exception_scope_probe        directive none      p=1.402  no metrics
  [407/432] r27_exception_scope_probe        directive none      p=1.141  no metrics
  [408/432] r27_exception_scope_probe        directive none      p=0.935  no metrics
  [409/432] r27_exception_scope_probe        retimed   none      p=2.489  no metrics
  [410/432] r27_exception_scope_probe        retimed   none      p=2.065  no metrics
  [411/432] r27_exception_scope_probe        retimed   none      p=1.707  no metrics
  [412/432] r27_exception_scope_probe        retimed   none      p=1.402  no metrics
  [413/432] r27_exception_scope_probe        retimed   none      p=1.141  no metrics
  [414/432] r27_exception_scope_probe        retimed   none      p=0.935  no metrics
  [415/432] r28_congestion_wire_split        orig      none      p=1.262  no metrics
  [416/432] r28_congestion_wire_split        orig      none      p=1.047  no metrics
  [417/432] r28_congestion_wire_split        orig      none      p=0.865  no metrics
  [418/432] r28_congestion_wire_split        orig      none      p=0.711  no metrics
  [419/432] r28_congestion_wire_split        orig      none      p=0.579  no metrics
  [420/432] r28_congestion_wire_split        orig      none      p=0.474  no metrics
  [421/432] r28_congestion_wire_split        directive none      p=1.262  no metrics
  [422/432] r28_congestion_wire_split        directive none      p=1.047  no metrics
  [423/432] r28_congestion_wire_split        directive none      p=0.865  no metrics
  [424/432] r28_congestion_wire_split        directive none      p=0.711  no metrics
  [425/432] r28_congestion_wire_split        directive none      p=0.579  no metrics
  [426/432] r28_congestion_wire_split        directive none      p=0.474  no metrics
  [427/432] r28_congestion_wire_split        retimed   none      p=1.262  no metrics
  [428/432] r28_congestion_wire_split        retimed   none      p=1.047  no metrics
  [429/432] r28_congestion_wire_split        retimed   none      p=0.865  no metrics
  [430/432] r28_congestion_wire_split        retimed   none      p=0.711  no metrics
  [431/432] r28_congestion_wire_split        retimed   none      p=0.579  no metrics
  [432/432] r28_congestion_wire_split        retimed   none      p=0.474  no metrics
wrote results/matrix_orsyn_n45.json (432 rows)
