  oss done: r01_reset_backward_barrier/orig
  oss done: r01_reset_backward_barrier/retimed
  oss done: r01_reset_backward_barrier/directive
  oss done: r02_reset_no_valid_init/orig
  oss done: r02_reset_no_valid_init/retimed
  oss done: r02_reset_no_valid_init/directive
  oss done: r03_async_reset_blocker/orig
  oss done: r03_async_reset_blocker/retimed
  oss done: r03_async_reset_blocker/directive
  oss done: r04_init_only_no_reset/orig
  oss done: r04_init_only_no_reset/retimed
  oss done: r04_init_only_no_reset/directive
  oss done: r05_fsm_high_fanout/orig
  oss done: r05_fsm_high_fanout/retimed
  oss done: r05_fsm_high_fanout/directive
  oss done: r06_fsm_high_fanin/orig
  oss done: r06_fsm_high_fanin/retimed
  oss done: r06_fsm_high_fanin/directive
  oss done: r08_fsm_output_decode/orig
  oss done: r08_fsm_output_decode/retimed
  oss done: r08_fsm_output_decode/directive
  oss done: r09_unbalanced_mult_pipe/orig
  oss done: r09_unbalanced_mult_pipe/retimed
  oss done: r09_unbalanced_mult_pipe/directive
  oss done: r10_long_carry_chain/orig
  oss done: r10_long_carry_chain/retimed
  oss done: r10_long_carry_chain/directive
  oss done: r11_deep_retime_distance/orig
  oss done: r11_deep_retime_distance/retimed
  oss done: r11_deep_retime_distance/directive
  oss done: r12_wide_reduction_tree/orig
  oss done: r12_wide_reduction_tree/retimed
  oss done: r12_wide_reduction_tree/directive
  oss done: r13_retime_around_sram/orig
  oss done: r13_retime_around_sram/retimed
  oss done: r13_retime_around_sram/directive
  oss done: r15_hier_boundary_block/orig
  oss done: r15_hier_boundary_block/retimed
  oss done: r15_hier_boundary_block/directive
  oss done: r16_dont_touch_conflict/orig
  oss done: r16_dont_touch_conflict/retimed
  oss done: r16_dont_touch_conflict/directive
  oss done: r17_clock_enable_barrier/orig
  oss done: r17_clock_enable_barrier/retimed
  oss done: r17_clock_enable_barrier/directive
  oss done: r18_clock_gated_region/orig
  oss done: r18_clock_gated_region/retimed
  oss done: r18_clock_gated_region/directive
  oss done: r19_power_activity_retime/orig
  oss done: r19_power_activity_retime/retimed
  oss done: r19_power_activity_retime/directive
  oss done: r20_glitch_absorb/orig
  oss done: r20_glitch_absorb/retimed
  oss done: r20_glitch_absorb/directive
  oss done: r21_wire_pipeline_cross_die/orig
  oss done: r21_wire_pipeline_cross_die/retimed
  oss done: r21_wire_pipeline_cross_die/directive
  oss done: r24_loop_bound_control/orig
  oss done: r24_loop_bound_control/retimed
  oss done: r24_loop_bound_control/directive
