
=== phase 1/6  r15 re-run (corrected top module) :: 13:19:37Z ===
matrix: 1 benchmark(s), 20 runs, 4 concurrent, tool=genus
  [1/20] r15_hier_boundary_block          orig      off       p=6.5    MET
  [2/20] r15_hier_boundary_block          orig      off       p=5.0    VIOLATED
  [3/20] r15_hier_boundary_block          orig      off       p=4.0    VIOLATED
  [4/20] r15_hier_boundary_block          orig      off       p=3.0    VIOLATED
  [5/20] r15_hier_boundary_block          orig      off       p=2.25   VIOLATED
  [6/20] r15_hier_boundary_block          orig      on        p=6.5    MET
  [7/20] r15_hier_boundary_block          orig      on        p=5.0    MET
  [8/20] r15_hier_boundary_block          orig      on        p=4.0    MET
  [9/20] r15_hier_boundary_block          orig      on        p=3.0    MET
  [10/20] r15_hier_boundary_block          orig      on        p=2.25   VIOLATED
  [11/20] r15_hier_boundary_block          directive off       p=6.5    MET
  [12/20] r15_hier_boundary_block          directive off       p=5.0    MET
  [13/20] r15_hier_boundary_block          directive off       p=4.0    MET
  [14/20] r15_hier_boundary_block          directive off       p=3.0    MET
  [15/20] r15_hier_boundary_block          directive off       p=2.25   VIOLATED
  [16/20] r15_hier_boundary_block          retimed   off       p=6.5    MET
  [17/20] r15_hier_boundary_block          retimed   off       p=5.0    MET
  [18/20] r15_hier_boundary_block          retimed   off       p=4.0    VIOLATED
  [19/20] r15_hier_boundary_block          retimed   off       p=3.0    VIOLATED
  [20/20] r15_hier_boundary_block          retimed   off       p=2.25   VIOLATED
wrote results/matrix_r15_refix.json (20 rows)

=== phase 2/6  close lower-bounded Genus Fmax figures :: 13:23:27Z ===
closing 84 probes across 21 lower-bounded configs
  r01_reset_backward_barrier       directive off       p=2.88    VIOLATED
  r01_reset_backward_barrier       directive off       p=2.3     VIOLATED
  r01_reset_backward_barrier       directive off       p=1.84    VIOLATED
  r01_reset_backward_barrier       directive off       p=1.47    VIOLATED
  r01_reset_backward_barrier       orig      on        p=2.46    VIOLATED
  r01_reset_backward_barrier       orig      on        p=1.97    VIOLATED
  r01_reset_backward_barrier       orig      on        p=1.58    VIOLATED
  r01_reset_backward_barrier       orig      on        p=1.26    VIOLATED
  r01_reset_backward_barrier       orig      on_reset  p=4.0     MET
  r01_reset_backward_barrier       orig      on_reset  p=3.2     MET
  r01_reset_backward_barrier       orig      on_reset  p=2.56    VIOLATED
  r01_reset_backward_barrier       orig      on_reset  p=2.05    VIOLATED
  r05_fsm_high_fanout              directive off       p=2.52    MET
  r05_fsm_high_fanout              directive off       p=2.02    VIOLATED
  r05_fsm_high_fanout              directive off       p=1.61    VIOLATED
  r05_fsm_high_fanout              directive off       p=1.29    VIOLATED
  r05_fsm_high_fanout              orig      off       p=2.52    VIOLATED
  r05_fsm_high_fanout              orig      off       p=2.02    VIOLATED
  r05_fsm_high_fanout              orig      off       p=1.61    VIOLATED
  r05_fsm_high_fanout              orig      off       p=1.29    VIOLATED
  r05_fsm_high_fanout              orig      on        p=2.52    MET
  r05_fsm_high_fanout              orig      on        p=2.02    VIOLATED
  r05_fsm_high_fanout              orig      on        p=1.61    VIOLATED
  r05_fsm_high_fanout              orig      on        p=1.29    VIOLATED
  r05_fsm_high_fanout              retimed   off       p=2.52    VIOLATED
  r05_fsm_high_fanout              retimed   off       p=2.02    VIOLATED
  r05_fsm_high_fanout              retimed   off       p=1.61    VIOLATED
  r05_fsm_high_fanout              retimed   off       p=1.29    VIOLATED
  r10_long_carry_chain             directive off       p=2.16    VIOLATED
  r10_long_carry_chain             directive off       p=1.73    VIOLATED
  r10_long_carry_chain             directive off       p=1.38    VIOLATED
  r10_long_carry_chain             directive off       p=1.11    VIOLATED
  r10_long_carry_chain             orig      on        p=2.16    VIOLATED
  r10_long_carry_chain             orig      on        p=1.73    VIOLATED
  r10_long_carry_chain             orig      on        p=1.38    VIOLATED
  r10_long_carry_chain             orig      on        p=1.11    VIOLATED
  r12_wide_reduction_tree          directive off       p=2.16    MET
  r12_wide_reduction_tree          directive off       p=1.73    MET
  r12_wide_reduction_tree          directive off       p=1.38    MET
  r12_wide_reduction_tree          directive off       p=1.11    VIOLATED
  r12_wide_reduction_tree          orig      off       p=2.16    MET
  r12_wide_reduction_tree          orig      off       p=1.73    MET
  r12_wide_reduction_tree          orig      off       p=1.38    MET
  r12_wide_reduction_tree          orig      off       p=1.11    VIOLATED
  r12_wide_reduction_tree          orig      on        p=2.16    MET
  r12_wide_reduction_tree          orig      on        p=1.73    MET
  r12_wide_reduction_tree          orig      on        p=1.38    MET
  r12_wide_reduction_tree          orig      on        p=1.11    VIOLATED
  r12_wide_reduction_tree          retimed   off       p=2.16    MET
  r12_wide_reduction_tree          retimed   off       p=1.73    VIOLATED
  r12_wide_reduction_tree          retimed   off       p=1.38    VIOLATED
  r12_wide_reduction_tree          retimed   off       p=1.11    VIOLATED
  r19_power_activity_retime        directive off       p=2.16    VIOLATED
  r19_power_activity_retime        directive off       p=1.73    VIOLATED
  r19_power_activity_retime        directive off       p=1.38    VIOLATED
  r19_power_activity_retime        directive off       p=1.11    VIOLATED
  r19_power_activity_retime        orig      on        p=2.16    VIOLATED
  r19_power_activity_retime        orig      on        p=1.73    VIOLATED
  r19_power_activity_retime        orig      on        p=1.38    VIOLATED
  r19_power_activity_retime        orig      on        p=1.11    VIOLATED
  r20_glitch_absorb                directive off       p=2.16    VIOLATED
  r20_glitch_absorb                directive off       p=1.73    VIOLATED
  r20_glitch_absorb                directive off       p=1.38    VIOLATED
  r20_glitch_absorb                directive off       p=1.11    VIOLATED
  r20_glitch_absorb                orig      on        p=2.16    VIOLATED
  r20_glitch_absorb                orig      on        p=1.73    VIOLATED
  r20_glitch_absorb                orig      on        p=1.38    VIOLATED
  r20_glitch_absorb                orig      on        p=1.11    VIOLATED
  r20_glitch_absorb                retimed   off       p=2.16    VIOLATED
  r20_glitch_absorb                retimed   off       p=1.73    VIOLATED
  r20_glitch_absorb                retimed   off       p=1.38    VIOLATED
  r20_glitch_absorb                retimed   off       p=1.11    VIOLATED
  r22_fanout_wire_load             orig      off       p=6.4     MET
  r22_fanout_wire_load             orig      off       p=5.12    MET
  r22_fanout_wire_load             orig      off       p=4.1     VIOLATED
  r22_fanout_wire_load             orig      off       p=3.28    VIOLATED
  r22_fanout_wire_load             retimed   off       p=6.4     MET
  r22_fanout_wire_load             retimed   off       p=5.12    MET
  r22_fanout_wire_load             retimed   off       p=4.1     VIOLATED
  r22_fanout_wire_load             retimed   off       p=3.28    VIOLATED
  r27_exception_scope_probe        orig      on        p=3.2     VIOLATED
  r27_exception_scope_probe        orig      on        p=2.56    VIOLATED
  r27_exception_scope_probe        orig      on        p=2.05    VIOLATED
  r27_exception_scope_probe        orig      on        p=1.64    VIOLATED

=== phase 3/6  OpenROAD-syn matrix (local) :: 13:47:00Z ===
matrix: 23 benchmark(s), 345 runs, 6 concurrent, tool=openroad_syn
  [1/345] r01_reset_backward_barrier       orig      none      p=10.4   no metrics
  [2/345] r01_reset_backward_barrier       orig      none      p=8.0    no metrics
  [3/345] r01_reset_backward_barrier       orig      none      p=6.4    no metrics
  [4/345] r01_reset_backward_barrier       orig      none      p=4.8    no metrics
  [5/345] r01_reset_backward_barrier       orig      none      p=3.6    no metrics
  [6/345] r01_reset_backward_barrier       directive none      p=10.4   no metrics
  [7/345] r01_reset_backward_barrier       directive none      p=8.0    no metrics
  [8/345] r01_reset_backward_barrier       directive none      p=6.4    no metrics
  [9/345] r01_reset_backward_barrier       directive none      p=4.8    no metrics
  [10/345] r01_reset_backward_barrier       directive none      p=3.6    no metrics
  [11/345] r01_reset_backward_barrier       retimed   none      p=10.4   no metrics
  [12/345] r01_reset_backward_barrier       retimed   none      p=8.0    no metrics
  [13/345] r01_reset_backward_barrier       retimed   none      p=6.4    no metrics
  [14/345] r01_reset_backward_barrier       retimed   none      p=4.8    no metrics
  [15/345] r01_reset_backward_barrier       retimed   none      p=3.6    no metrics
  [16/345] r02_reset_no_valid_init          orig      none      p=6.5    no metrics
  [17/345] r02_reset_no_valid_init          orig      none      p=5.0    no metrics
  [18/345] r02_reset_no_valid_init          orig      none      p=4.0    no metrics
  [19/345] r02_reset_no_valid_init          orig      none      p=3.0    no metrics
  [20/345] r02_reset_no_valid_init          orig      none      p=2.25   no metrics
  [21/345] r02_reset_no_valid_init          directive none      p=6.5    no metrics
  [22/345] r02_reset_no_valid_init          directive none      p=5.0    no metrics
  [23/345] r02_reset_no_valid_init          directive none      p=4.0    no metrics
  [24/345] r02_reset_no_valid_init          directive none      p=3.0    no metrics
  [25/345] r02_reset_no_valid_init          directive none      p=2.25   no metrics
  [26/345] r02_reset_no_valid_init          retimed   none      p=6.5    no metrics
  [27/345] r02_reset_no_valid_init          retimed   none      p=5.0    no metrics
  [28/345] r02_reset_no_valid_init          retimed   none      p=4.0    no metrics
  [29/345] r02_reset_no_valid_init          retimed   none      p=3.0    no metrics
  [30/345] r02_reset_no_valid_init          retimed   none      p=2.25   no metrics
  [31/345] r03_async_reset_blocker          orig      none      p=6.5    no metrics
  [32/345] r03_async_reset_blocker          orig      none      p=5.0    no metrics
  [33/345] r03_async_reset_blocker          orig      none      p=4.0    no metrics
  [34/345] r03_async_reset_blocker          orig      none      p=3.0    no metrics
  [35/345] r03_async_reset_blocker          orig      none      p=2.25   no metrics
  [36/345] r03_async_reset_blocker          directive none      p=6.5    no metrics
  [37/345] r03_async_reset_blocker          directive none      p=5.0    no metrics
  [38/345] r03_async_reset_blocker          directive none      p=4.0    no metrics
  [39/345] r03_async_reset_blocker          directive none      p=3.0    no metrics
  [40/345] r03_async_reset_blocker          directive none      p=2.25   no metrics
  [41/345] r03_async_reset_blocker          retimed   none      p=6.5    no metrics
  [42/345] r03_async_reset_blocker          retimed   none      p=5.0    no metrics
  [43/345] r03_async_reset_blocker          retimed   none      p=4.0    no metrics
  [44/345] r03_async_reset_blocker          retimed   none      p=3.0    no metrics
  [45/345] r03_async_reset_blocker          retimed   none      p=2.25   no metrics
  [46/345] r04_init_only_no_reset           orig      none      p=6.5    no metrics
  [47/345] r04_init_only_no_reset           orig      none      p=5.0    no metrics
  [48/345] r04_init_only_no_reset           orig      none      p=4.0    no metrics
  [49/345] r04_init_only_no_reset           orig      none      p=3.0    no metrics
  [50/345] r04_init_only_no_reset           orig      none      p=2.25   no metrics
  [51/345] r04_init_only_no_reset           directive none      p=6.5    no metrics
  [52/345] r04_init_only_no_reset           directive none      p=5.0    no metrics
  [53/345] r04_init_only_no_reset           directive none      p=4.0    no metrics
  [54/345] r04_init_only_no_reset           directive none      p=3.0    no metrics
  [55/345] r04_init_only_no_reset           directive none      p=2.25   no metrics
  [56/345] r04_init_only_no_reset           retimed   none      p=6.5    no metrics
  [57/345] r04_init_only_no_reset           retimed   none      p=5.0    no metrics
  [58/345] r04_init_only_no_reset           retimed   none      p=4.0    no metrics
  [59/345] r04_init_only_no_reset           retimed   none      p=3.0    no metrics
  [60/345] r04_init_only_no_reset           retimed   none      p=2.25   no metrics
  [61/345] r05_fsm_high_fanout              orig      none      p=9.1    no metrics
  [62/345] r05_fsm_high_fanout              orig      none      p=7.0    no metrics
  [63/345] r05_fsm_high_fanout              orig      none      p=5.6    no metrics
  [64/345] r05_fsm_high_fanout              orig      none      p=4.2    no metrics
  [65/345] r05_fsm_high_fanout              orig      none      p=3.15   no metrics
  [66/345] r05_fsm_high_fanout              directive none      p=9.1    no metrics
  [67/345] r05_fsm_high_fanout              directive none      p=7.0    no metrics
  [68/345] r05_fsm_high_fanout              directive none      p=5.6    no metrics
  [69/345] r05_fsm_high_fanout              directive none      p=4.2    no metrics
  [70/345] r05_fsm_high_fanout              directive none      p=3.15   no metrics
  [71/345] r05_fsm_high_fanout              retimed   none      p=9.1    no metrics
  [72/345] r05_fsm_high_fanout              retimed   none      p=7.0    no metrics
  [73/345] r05_fsm_high_fanout              retimed   none      p=5.6    no metrics
  [74/345] r05_fsm_high_fanout              retimed   none      p=4.2    no metrics
  [75/345] r05_fsm_high_fanout              retimed   none      p=3.15   no metrics
  [76/345] r06_fsm_high_fanin               orig      none      p=7.8    no metrics
  [77/345] r06_fsm_high_fanin               orig      none      p=6.0    no metrics
  [78/345] r06_fsm_high_fanin               orig      none      p=4.8    no metrics
  [79/345] r06_fsm_high_fanin               orig      none      p=3.6    no metrics
  [80/345] r06_fsm_high_fanin               orig      none      p=2.7    no metrics
  [81/345] r06_fsm_high_fanin               directive none      p=7.8    no metrics
  [82/345] r06_fsm_high_fanin               directive none      p=6.0    no metrics
  [83/345] r06_fsm_high_fanin               directive none      p=4.8    no metrics
  [84/345] r06_fsm_high_fanin               directive none      p=3.6    no metrics
  [85/345] r06_fsm_high_fanin               directive none      p=2.7    no metrics
  [86/345] r06_fsm_high_fanin               retimed   none      p=7.8    no metrics
  [87/345] r06_fsm_high_fanin               retimed   none      p=6.0    no metrics
  [88/345] r06_fsm_high_fanin               retimed   none      p=4.8    no metrics
  [89/345] r06_fsm_high_fanin               retimed   none      p=3.6    no metrics
  [90/345] r06_fsm_high_fanin               retimed   none      p=2.7    no metrics
  [91/345] r08_fsm_output_decode            orig      none      p=7.8    no metrics
  [92/345] r08_fsm_output_decode            orig      none      p=6.0    no metrics
  [93/345] r08_fsm_output_decode            orig      none      p=4.8    no metrics
  [94/345] r08_fsm_output_decode            orig      none      p=3.6    no metrics
  [95/345] r08_fsm_output_decode            orig      none      p=2.7    no metrics
  [96/345] r08_fsm_output_decode            directive none      p=7.8    no metrics
  [97/345] r08_fsm_output_decode            directive none      p=6.0    no metrics
  [98/345] r08_fsm_output_decode            directive none      p=4.8    no metrics
  [99/345] r08_fsm_output_decode            directive none      p=3.6    no metrics
  [100/345] r08_fsm_output_decode            directive none      p=2.7    no metrics
  [101/345] r08_fsm_output_decode            retimed   none      p=7.8    no metrics
  [102/345] r08_fsm_output_decode            retimed   none      p=6.0    no metrics
  [103/345] r08_fsm_output_decode            retimed   none      p=4.8    no metrics
  [104/345] r08_fsm_output_decode            retimed   none      p=3.6    no metrics
  [105/345] r08_fsm_output_decode            retimed   none      p=2.7    no metrics
  [106/345] r09_unbalanced_mult_pipe         orig      none      p=7.8    no metrics
  [107/345] r09_unbalanced_mult_pipe         orig      none      p=6.0    no metrics
  [108/345] r09_unbalanced_mult_pipe         orig      none      p=4.8    no metrics
  [109/345] r09_unbalanced_mult_pipe         orig      none      p=3.6    no metrics
  [110/345] r09_unbalanced_mult_pipe         orig      none      p=2.7    no metrics
  [111/345] r09_unbalanced_mult_pipe         directive none      p=7.8    no metrics
  [112/345] r09_unbalanced_mult_pipe         directive none      p=6.0    no metrics
  [113/345] r09_unbalanced_mult_pipe         directive none      p=4.8    no metrics
  [114/345] r09_unbalanced_mult_pipe         directive none      p=3.6    no metrics
  [115/345] r09_unbalanced_mult_pipe         directive none      p=2.7    no metrics
  [116/345] r09_unbalanced_mult_pipe         retimed   none      p=7.8    no metrics
  [117/345] r09_unbalanced_mult_pipe         retimed   none      p=6.0    no metrics
  [118/345] r09_unbalanced_mult_pipe         retimed   none      p=4.8    no metrics
  [119/345] r09_unbalanced_mult_pipe         retimed   none      p=3.6    no metrics
  [120/345] r09_unbalanced_mult_pipe         retimed   none      p=2.7    no metrics
  [121/345] r10_long_carry_chain             orig      none      p=7.8    no metrics
  [122/345] r10_long_carry_chain             orig      none      p=6.0    no metrics
  [123/345] r10_long_carry_chain             orig      none      p=4.8    no metrics
  [124/345] r10_long_carry_chain             orig      none      p=3.6    no metrics
  [125/345] r10_long_carry_chain             orig      none      p=2.7    no metrics
  [126/345] r10_long_carry_chain             directive none      p=7.8    no metrics
  [127/345] r10_long_carry_chain             directive none      p=6.0    no metrics
  [128/345] r10_long_carry_chain             directive none      p=4.8    no metrics
  [129/345] r10_long_carry_chain             directive none      p=3.6    no metrics
  [130/345] r10_long_carry_chain             directive none      p=2.7    no metrics
  [131/345] r10_long_carry_chain             retimed   none      p=7.8    no metrics
  [132/345] r10_long_carry_chain             retimed   none      p=6.0    no metrics
  [133/345] r10_long_carry_chain             retimed   none      p=4.8    no metrics
  [134/345] r10_long_carry_chain             retimed   none      p=3.6    no metrics
  [135/345] r10_long_carry_chain             retimed   none      p=2.7    no metrics
  [136/345] r11_deep_retime_distance         orig      none      p=6.5    no metrics
  [137/345] r11_deep_retime_distance         orig      none      p=5.0    no metrics
  [138/345] r11_deep_retime_distance         orig      none      p=4.0    no metrics
  [139/345] r11_deep_retime_distance         orig      none      p=3.0    no metrics
  [140/345] r11_deep_retime_distance         orig      none      p=2.25   no metrics
  [141/345] r11_deep_retime_distance         directive none      p=6.5    no metrics
  [142/345] r11_deep_retime_distance         directive none      p=5.0    no metrics
  [143/345] r11_deep_retime_distance         directive none      p=4.0    no metrics
  [144/345] r11_deep_retime_distance         directive none      p=3.0    no metrics
  [145/345] r11_deep_retime_distance         directive none      p=2.25   no metrics
  [146/345] r11_deep_retime_distance         retimed   none      p=6.5    no metrics
  [147/345] r11_deep_retime_distance         retimed   none      p=5.0    no metrics
  [148/345] r11_deep_retime_distance         retimed   none      p=4.0    no metrics
  [149/345] r11_deep_retime_distance         retimed   none      p=3.0    no metrics
  [150/345] r11_deep_retime_distance         retimed   none      p=2.25   no metrics
  [151/345] r12_wide_reduction_tree          orig      none      p=7.8    no metrics
  [152/345] r12_wide_reduction_tree          orig      none      p=6.0    no metrics
  [153/345] r12_wide_reduction_tree          orig      none      p=4.8    no metrics
  [154/345] r12_wide_reduction_tree          orig      none      p=3.6    no metrics
  [155/345] r12_wide_reduction_tree          orig      none      p=2.7    no metrics
  [156/345] r12_wide_reduction_tree          directive none      p=7.8    no metrics
  [157/345] r12_wide_reduction_tree          directive none      p=6.0    no metrics
  [158/345] r12_wide_reduction_tree          directive none      p=4.8    no metrics
  [159/345] r12_wide_reduction_tree          directive none      p=3.6    no metrics
  [160/345] r12_wide_reduction_tree          directive none      p=2.7    no metrics
  [161/345] r12_wide_reduction_tree          retimed   none      p=7.8    no metrics
  [162/345] r12_wide_reduction_tree          retimed   none      p=6.0    no metrics
  [163/345] r12_wide_reduction_tree          retimed   none      p=4.8    no metrics
  [164/345] r12_wide_reduction_tree          retimed   none      p=3.6    no metrics
  [165/345] r12_wide_reduction_tree          retimed   none      p=2.7    no metrics
  [166/345] r13_retime_around_sram           orig      none      p=7.8    no metrics
  [167/345] r13_retime_around_sram           orig      none      p=6.0    no metrics
  [168/345] r13_retime_around_sram           orig      none      p=4.8    no metrics
  [169/345] r13_retime_around_sram           orig      none      p=3.6    no metrics
  [170/345] r13_retime_around_sram           orig      none      p=2.7    no metrics
  [171/345] r13_retime_around_sram           directive none      p=7.8    no metrics
  [172/345] r13_retime_around_sram           directive none      p=6.0    no metrics
  [173/345] r13_retime_around_sram           directive none      p=4.8    no metrics
  [174/345] r13_retime_around_sram           directive none      p=3.6    no metrics
  [175/345] r13_retime_around_sram           directive none      p=2.7    no metrics
  [176/345] r13_retime_around_sram           retimed   none      p=7.8    no metrics
  [177/345] r13_retime_around_sram           retimed   none      p=6.0    no metrics
  [178/345] r13_retime_around_sram           retimed   none      p=4.8    no metrics
  [179/345] r13_retime_around_sram           retimed   none      p=3.6    no metrics
  [180/345] r13_retime_around_sram           retimed   none      p=2.7    no metrics
  [181/345] r15_hier_boundary_block          orig      none      p=6.5    no metrics
  [182/345] r15_hier_boundary_block          orig      none      p=5.0    no metrics
  [183/345] r15_hier_boundary_block          orig      none      p=4.0    no metrics
  [184/345] r15_hier_boundary_block          orig      none      p=3.0    no metrics
  [185/345] r15_hier_boundary_block          orig      none      p=2.25   no metrics
  [186/345] r15_hier_boundary_block          directive none      p=6.5    no metrics
  [187/345] r15_hier_boundary_block          directive none      p=5.0    no metrics
  [188/345] r15_hier_boundary_block          directive none      p=4.0    no metrics
  [189/345] r15_hier_boundary_block          directive none      p=3.0    no metrics
  [190/345] r15_hier_boundary_block          directive none      p=2.25   no metrics
  [191/345] r15_hier_boundary_block          retimed   none      p=6.5    no metrics
  [192/345] r15_hier_boundary_block          retimed   none      p=5.0    no metrics
  [193/345] r15_hier_boundary_block          retimed   none      p=4.0    no metrics
  [194/345] r15_hier_boundary_block          retimed   none      p=3.0    no metrics
  [195/345] r15_hier_boundary_block          retimed   none      p=2.25   no metrics
  [196/345] r16_dont_touch_conflict          orig      none      p=6.5    no metrics
  [197/345] r16_dont_touch_conflict          orig      none      p=5.0    no metrics
  [198/345] r16_dont_touch_conflict          orig      none      p=4.0    no metrics
  [199/345] r16_dont_touch_conflict          orig      none      p=3.0    no metrics
  [200/345] r16_dont_touch_conflict          orig      none      p=2.25   no metrics
  [201/345] r16_dont_touch_conflict          directive none      p=6.5    no metrics
  [202/345] r16_dont_touch_conflict          directive none      p=5.0    no metrics
  [203/345] r16_dont_touch_conflict          directive none      p=4.0    no metrics
  [204/345] r16_dont_touch_conflict          directive none      p=3.0    no metrics
  [205/345] r16_dont_touch_conflict          directive none      p=2.25   no metrics
  [206/345] r16_dont_touch_conflict          retimed   none      p=6.5    no metrics
  [207/345] r16_dont_touch_conflict          retimed   none      p=5.0    no metrics
  [208/345] r16_dont_touch_conflict          retimed   none      p=4.0    no metrics
  [209/345] r16_dont_touch_conflict          retimed   none      p=3.0    no metrics
  [210/345] r16_dont_touch_conflict          retimed   none      p=2.25   no metrics
  [211/345] r17_clock_enable_barrier         orig      none      p=7.8    no metrics
  [212/345] r17_clock_enable_barrier         orig      none      p=6.0    no metrics
  [213/345] r17_clock_enable_barrier         orig      none      p=4.8    no metrics
  [214/345] r17_clock_enable_barrier         orig      none      p=3.6    no metrics
  [215/345] r17_clock_enable_barrier         orig      none      p=2.7    no metrics
  [216/345] r17_clock_enable_barrier         directive none      p=7.8    no metrics
  [217/345] r17_clock_enable_barrier         directive none      p=6.0    no metrics
  [218/345] r17_clock_enable_barrier         directive none      p=4.8    no metrics
  [219/345] r17_clock_enable_barrier         directive none      p=3.6    no metrics
  [220/345] r17_clock_enable_barrier         directive none      p=2.7    no metrics
  [221/345] r17_clock_enable_barrier         retimed   none      p=7.8    no metrics
  [222/345] r17_clock_enable_barrier         retimed   none      p=6.0    no metrics
  [223/345] r17_clock_enable_barrier         retimed   none      p=4.8    no metrics
  [224/345] r17_clock_enable_barrier         retimed   none      p=3.6    no metrics
  [225/345] r17_clock_enable_barrier         retimed   none      p=2.7    no metrics
  [226/345] r18_clock_gated_region           orig      none      p=7.8    no metrics
  [227/345] r18_clock_gated_region           orig      none      p=6.0    no metrics
  [228/345] r18_clock_gated_region           orig      none      p=4.8    no metrics
  [229/345] r18_clock_gated_region           orig      none      p=3.6    no metrics
  [230/345] r18_clock_gated_region           orig      none      p=2.7    no metrics
  [231/345] r18_clock_gated_region           directive none      p=7.8    no metrics
  [232/345] r18_clock_gated_region           directive none      p=6.0    no metrics
  [233/345] r18_clock_gated_region           directive none      p=4.8    no metrics
  [234/345] r18_clock_gated_region           directive none      p=3.6    no metrics
  [235/345] r18_clock_gated_region           directive none      p=2.7    no metrics
  [236/345] r18_clock_gated_region           retimed   none      p=7.8    no metrics
  [237/345] r18_clock_gated_region           retimed   none      p=6.0    no metrics
  [238/345] r18_clock_gated_region           retimed   none      p=4.8    no metrics
  [239/345] r18_clock_gated_region           retimed   none      p=3.6    no metrics
  [240/345] r18_clock_gated_region           retimed   none      p=2.7    no metrics
  [241/345] r19_power_activity_retime        orig      none      p=7.8    no metrics
  [242/345] r19_power_activity_retime        orig      none      p=6.0    no metrics
  [243/345] r19_power_activity_retime        orig      none      p=4.8    no metrics
  [244/345] r19_power_activity_retime        orig      none      p=3.6    no metrics
  [245/345] r19_power_activity_retime        orig      none      p=2.7    no metrics
  [246/345] r19_power_activity_retime        directive none      p=7.8    no metrics
  [247/345] r19_power_activity_retime        directive none      p=6.0    no metrics
  [248/345] r19_power_activity_retime        directive none      p=4.8    no metrics
  [249/345] r19_power_activity_retime        directive none      p=3.6    no metrics
  [250/345] r19_power_activity_retime        directive none      p=2.7    no metrics
  [251/345] r19_power_activity_retime        retimed   none      p=7.8    no metrics
  [252/345] r19_power_activity_retime        retimed   none      p=6.0    no metrics
  [253/345] r19_power_activity_retime        retimed   none      p=4.8    no metrics
  [254/345] r19_power_activity_retime        retimed   none      p=3.6    no metrics
  [255/345] r19_power_activity_retime        retimed   none      p=2.7    no metrics
  [256/345] r20_glitch_absorb                orig      none      p=7.8    no metrics
  [257/345] r20_glitch_absorb                orig      none      p=6.0    no metrics
  [258/345] r20_glitch_absorb                orig      none      p=4.8    no metrics
  [259/345] r20_glitch_absorb                orig      none      p=3.6    no metrics
  [260/345] r20_glitch_absorb                orig      none      p=2.7    no metrics
  [261/345] r20_glitch_absorb                directive none      p=7.8    no metrics
  [262/345] r20_glitch_absorb                directive none      p=6.0    no metrics
  [263/345] r20_glitch_absorb                directive none      p=4.8    no metrics
  [264/345] r20_glitch_absorb                directive none      p=3.6    no metrics
  [265/345] r20_glitch_absorb                directive none      p=2.7    no metrics
  [266/345] r20_glitch_absorb                retimed   none      p=7.8    no metrics
  [267/345] r20_glitch_absorb                retimed   none      p=6.0    no metrics
  [268/345] r20_glitch_absorb                retimed   none      p=4.8    no metrics
  [269/345] r20_glitch_absorb                retimed   none      p=3.6    no metrics
  [270/345] r20_glitch_absorb                retimed   none      p=2.7    no metrics
  [271/345] r21_wire_pipeline_cross_die      orig      none      p=6.5    no metrics
  [272/345] r21_wire_pipeline_cross_die      orig      none      p=5.0    no metrics
  [273/345] r21_wire_pipeline_cross_die      orig      none      p=4.0    no metrics
  [274/345] r21_wire_pipeline_cross_die      orig      none      p=3.0    no metrics
  [275/345] r21_wire_pipeline_cross_die      orig      none      p=2.25   no metrics
  [276/345] r21_wire_pipeline_cross_die      directive none      p=6.5    no metrics
  [277/345] r21_wire_pipeline_cross_die      directive none      p=5.0    no metrics
  [278/345] r21_wire_pipeline_cross_die      directive none      p=4.0    no metrics
  [279/345] r21_wire_pipeline_cross_die      directive none      p=3.0    no metrics
  [280/345] r21_wire_pipeline_cross_die      directive none      p=2.25   no metrics
  [281/345] r21_wire_pipeline_cross_die      retimed   none      p=6.5    no metrics
  [282/345] r21_wire_pipeline_cross_die      retimed   none      p=5.0    no metrics
  [283/345] r21_wire_pipeline_cross_die      retimed   none      p=4.0    no metrics
  [284/345] r21_wire_pipeline_cross_die      retimed   none      p=3.0    no metrics
  [285/345] r21_wire_pipeline_cross_die      retimed   none      p=2.25   no metrics
  [286/345] r22_fanout_wire_load             orig      none      p=10.4   no metrics
  [287/345] r22_fanout_wire_load             orig      none      p=8.0    no metrics
  [288/345] r22_fanout_wire_load             orig      none      p=6.4    no metrics
  [289/345] r22_fanout_wire_load             orig      none      p=4.8    no metrics
  [290/345] r22_fanout_wire_load             orig      none      p=3.6    no metrics
  [291/345] r22_fanout_wire_load             directive none      p=10.4   no metrics
  [292/345] r22_fanout_wire_load             directive none      p=8.0    no metrics
  [293/345] r22_fanout_wire_load             directive none      p=6.4    no metrics
  [294/345] r22_fanout_wire_load             directive none      p=4.8    no metrics
  [295/345] r22_fanout_wire_load             directive none      p=3.6    no metrics
  [296/345] r22_fanout_wire_load             retimed   none      p=10.4   no metrics
  [297/345] r22_fanout_wire_load             retimed   none      p=8.0    no metrics
  [298/345] r22_fanout_wire_load             retimed   none      p=6.4    no metrics
  [299/345] r22_fanout_wire_load             retimed   none      p=4.8    no metrics
  [300/345] r22_fanout_wire_load             retimed   none      p=3.6    no metrics
  [301/345] r24_loop_bound_control           orig      none      p=7.8    no metrics
  [302/345] r24_loop_bound_control           orig      none      p=6.0    no metrics
  [303/345] r24_loop_bound_control           orig      none      p=4.8    no metrics
  [304/345] r24_loop_bound_control           orig      none      p=3.6    no metrics
  [305/345] r24_loop_bound_control           orig      none      p=2.7    no metrics
  [306/345] r24_loop_bound_control           directive none      p=7.8    no metrics
  [307/345] r24_loop_bound_control           directive none      p=6.0    no metrics
  [308/345] r24_loop_bound_control           directive none      p=4.8    no metrics
  [309/345] r24_loop_bound_control           directive none      p=3.6    no metrics
  [310/345] r24_loop_bound_control           directive none      p=2.7    no metrics
  [311/345] r24_loop_bound_control           retimed   none      p=7.8    no metrics
  [312/345] r24_loop_bound_control           retimed   none      p=6.0    no metrics
  [313/345] r24_loop_bound_control           retimed   none      p=4.8    no metrics
  [314/345] r24_loop_bound_control           retimed   none      p=3.6    no metrics
  [315/345] r24_loop_bound_control           retimed   none      p=2.7    no metrics
  [316/345] r26_sdc_exception_invalidation   orig      none      p=5.2    no metrics
  [317/345] r26_sdc_exception_invalidation   orig      none      p=4.0    no metrics
  [318/345] r26_sdc_exception_invalidation   orig      none      p=3.2    no metrics
  [319/345] r26_sdc_exception_invalidation   orig      none      p=2.4    no metrics
  [320/345] r26_sdc_exception_invalidation   orig      none      p=1.8    no metrics
  [321/345] r26_sdc_exception_invalidation   directive none      p=5.2    no metrics
  [322/345] r26_sdc_exception_invalidation   directive none      p=4.0    no metrics
  [323/345] r26_sdc_exception_invalidation   directive none      p=3.2    no metrics
  [324/345] r26_sdc_exception_invalidation   directive none      p=2.4    no metrics
  [325/345] r26_sdc_exception_invalidation   directive none      p=1.8    no metrics
  [326/345] r26_sdc_exception_invalidation   retimed   none      p=5.2    no metrics
  [327/345] r26_sdc_exception_invalidation   retimed   none      p=4.0    no metrics
  [328/345] r26_sdc_exception_invalidation   retimed   none      p=3.2    no metrics
  [329/345] r26_sdc_exception_invalidation   retimed   none      p=2.4    no metrics
  [330/345] r26_sdc_exception_invalidation   retimed   none      p=1.8    no metrics
  [331/345] r27_exception_scope_probe        orig      none      p=5.2    no metrics
  [332/345] r27_exception_scope_probe        orig      none      p=4.0    no metrics
  [333/345] r27_exception_scope_probe        orig      none      p=3.2    no metrics
  [334/345] r27_exception_scope_probe        orig      none      p=2.4    no metrics
  [335/345] r27_exception_scope_probe        orig      none      p=1.8    no metrics
  [336/345] r27_exception_scope_probe        directive none      p=5.2    no metrics
  [337/345] r27_exception_scope_probe        directive none      p=4.0    no metrics
  [338/345] r27_exception_scope_probe        directive none      p=3.2    no metrics
  [339/345] r27_exception_scope_probe        directive none      p=2.4    no metrics
  [340/345] r27_exception_scope_probe        directive none      p=1.8    no metrics
  [341/345] r27_exception_scope_probe        retimed   none      p=5.2    no metrics
  [342/345] r27_exception_scope_probe        retimed   none      p=4.0    no metrics
  [343/345] r27_exception_scope_probe        retimed   none      p=3.2    no metrics
  [344/345] r27_exception_scope_probe        retimed   none      p=2.4    no metrics
  [345/345] r27_exception_scope_probe        retimed   none      p=1.8    no metrics
wrote results/matrix_orsyn.json (345 rows)

=== phase 4/6  Vivado matrix (Artix-7) :: 13:51:23Z ===
matrix: 23 benchmark(s), 460 runs, 4 concurrent, tool=vivado
  [1/460] r01_reset_backward_barrier       orig      off       p=5.2    VIOLATED
  [2/460] r01_reset_backward_barrier       orig      off       p=4.0    VIOLATED
  [3/460] r01_reset_backward_barrier       orig      off       p=3.2    VIOLATED
  [4/460] r01_reset_backward_barrier       orig      off       p=2.4    VIOLATED
  [5/460] r01_reset_backward_barrier       orig      off       p=1.8    VIOLATED
  [6/460] r01_reset_backward_barrier       orig      on        p=5.2    VIOLATED
  [7/460] r01_reset_backward_barrier       orig      on        p=4.0    VIOLATED
  [8/460] r01_reset_backward_barrier       orig      on        p=3.2    VIOLATED
  [9/460] r01_reset_backward_barrier       orig      on        p=2.4    VIOLATED
  [10/460] r01_reset_backward_barrier       orig      on        p=1.8    VIOLATED
  [11/460] r01_reset_backward_barrier       directive on        p=5.2    VIOLATED
  [12/460] r01_reset_backward_barrier       directive on        p=4.0    VIOLATED
  [13/460] r01_reset_backward_barrier       directive on        p=3.2    VIOLATED
  [14/460] r01_reset_backward_barrier       directive on        p=2.4    VIOLATED
  [15/460] r01_reset_backward_barrier       directive on        p=1.8    VIOLATED
  [16/460] r01_reset_backward_barrier       retimed   off       p=5.2    VIOLATED
  [17/460] r01_reset_backward_barrier       retimed   off       p=4.0    VIOLATED
  [18/460] r01_reset_backward_barrier       retimed   off       p=3.2    VIOLATED
  [19/460] r01_reset_backward_barrier       retimed   off       p=2.4    VIOLATED
  [20/460] r01_reset_backward_barrier       retimed   off       p=1.8    VIOLATED
  [21/460] r02_reset_no_valid_init          orig      off       p=4.55   VIOLATED
  [22/460] r02_reset_no_valid_init          orig      off       p=3.5    VIOLATED
  [23/460] r02_reset_no_valid_init          orig      off       p=2.8    VIOLATED
  [24/460] r02_reset_no_valid_init          orig      off       p=2.1    VIOLATED
  [25/460] r02_reset_no_valid_init          orig      off       p=1.57   VIOLATED
  [26/460] r02_reset_no_valid_init          orig      on        p=4.55   VIOLATED
  [27/460] r02_reset_no_valid_init          orig      on        p=3.5    VIOLATED
  [28/460] r02_reset_no_valid_init          orig      on        p=2.8    VIOLATED
  [29/460] r02_reset_no_valid_init          orig      on        p=2.1    VIOLATED
  [30/460] r02_reset_no_valid_init          orig      on        p=1.57   VIOLATED
  [31/460] r02_reset_no_valid_init          directive on        p=4.55   VIOLATED
  [32/460] r02_reset_no_valid_init          directive on        p=3.5    VIOLATED
  [33/460] r02_reset_no_valid_init          directive on        p=2.8    VIOLATED
  [34/460] r02_reset_no_valid_init          directive on        p=2.1    VIOLATED
  [35/460] r02_reset_no_valid_init          directive on        p=1.57   VIOLATED
  [36/460] r02_reset_no_valid_init          retimed   off       p=4.55   VIOLATED
  [37/460] r02_reset_no_valid_init          retimed   off       p=3.5    VIOLATED
  [38/460] r02_reset_no_valid_init          retimed   off       p=2.8    VIOLATED
  [39/460] r02_reset_no_valid_init          retimed   off       p=2.1    VIOLATED
  [40/460] r02_reset_no_valid_init          retimed   off       p=1.57   VIOLATED
  [41/460] r03_async_reset_blocker          orig      off       p=4.55   VIOLATED
  [42/460] r03_async_reset_blocker          orig      off       p=3.5    VIOLATED
  [43/460] r03_async_reset_blocker          orig      off       p=2.8    VIOLATED
  [44/460] r03_async_reset_blocker          orig      off       p=2.1    VIOLATED
  [45/460] r03_async_reset_blocker          orig      off       p=1.57   VIOLATED
  [46/460] r03_async_reset_blocker          orig      on        p=4.55   VIOLATED
  [47/460] r03_async_reset_blocker          orig      on        p=3.5    VIOLATED
  [48/460] r03_async_reset_blocker          orig      on        p=2.8    VIOLATED
  [49/460] r03_async_reset_blocker          orig      on        p=2.1    VIOLATED
  [50/460] r03_async_reset_blocker          orig      on        p=1.57   VIOLATED
  [51/460] r03_async_reset_blocker          directive on        p=4.55   VIOLATED
  [52/460] r03_async_reset_blocker          directive on        p=3.5    VIOLATED
  [53/460] r03_async_reset_blocker          directive on        p=2.8    VIOLATED
  [54/460] r03_async_reset_blocker          directive on        p=2.1    VIOLATED
  [55/460] r03_async_reset_blocker          directive on        p=1.57   VIOLATED
  [56/460] r03_async_reset_blocker          retimed   off       p=4.55   VIOLATED
  [57/460] r03_async_reset_blocker          retimed   off       p=3.5    VIOLATED
  [58/460] r03_async_reset_blocker          retimed   off       p=2.8    VIOLATED
  [59/460] r03_async_reset_blocker          retimed   off       p=2.1    VIOLATED
  [60/460] r03_async_reset_blocker          retimed   off       p=1.57   VIOLATED
  [61/460] r04_init_only_no_reset           orig      off       p=4.55   VIOLATED
  [62/460] r04_init_only_no_reset           orig      off       p=3.5    VIOLATED
  [63/460] r04_init_only_no_reset           orig      off       p=2.8    VIOLATED
  [64/460] r04_init_only_no_reset           orig      off       p=2.1    VIOLATED
  [65/460] r04_init_only_no_reset           orig      off       p=1.57   VIOLATED
  [66/460] r04_init_only_no_reset           orig      on        p=4.55   VIOLATED
  [67/460] r04_init_only_no_reset           orig      on        p=3.5    VIOLATED
  [68/460] r04_init_only_no_reset           orig      on        p=2.8    VIOLATED
  [69/460] r04_init_only_no_reset           orig      on        p=2.1    VIOLATED
  [70/460] r04_init_only_no_reset           orig      on        p=1.57   VIOLATED
  [71/460] r04_init_only_no_reset           directive on        p=4.55   VIOLATED
  [72/460] r04_init_only_no_reset           directive on        p=3.5    VIOLATED
  [73/460] r04_init_only_no_reset           directive on        p=2.8    VIOLATED
  [74/460] r04_init_only_no_reset           directive on        p=2.1    VIOLATED
  [75/460] r04_init_only_no_reset           directive on        p=1.57   VIOLATED
  [76/460] r04_init_only_no_reset           retimed   off       p=4.55   VIOLATED
  [77/460] r04_init_only_no_reset           retimed   off       p=3.5    VIOLATED
  [78/460] r04_init_only_no_reset           retimed   off       p=2.8    VIOLATED
  [79/460] r04_init_only_no_reset           retimed   off       p=2.1    VIOLATED
  [80/460] r04_init_only_no_reset           retimed   off       p=1.57   VIOLATED
  [81/460] r05_fsm_high_fanout              orig      off       p=6.5    VIOLATED
  [82/460] r05_fsm_high_fanout              orig      off       p=5.0    VIOLATED
  [83/460] r05_fsm_high_fanout              orig      off       p=4.0    VIOLATED
  [84/460] r05_fsm_high_fanout              orig      off       p=3.0    VIOLATED
  [85/460] r05_fsm_high_fanout              orig      off       p=2.25   VIOLATED
  [86/460] r05_fsm_high_fanout              orig      on        p=6.5    VIOLATED
  [87/460] r05_fsm_high_fanout              orig      on        p=5.0    VIOLATED
  [88/460] r05_fsm_high_fanout              orig      on        p=4.0    VIOLATED
  [89/460] r05_fsm_high_fanout              orig      on        p=3.0    VIOLATED
  [90/460] r05_fsm_high_fanout              orig      on        p=2.25   VIOLATED
  [91/460] r05_fsm_high_fanout              directive on        p=6.5    VIOLATED
  [92/460] r05_fsm_high_fanout              directive on        p=5.0    VIOLATED
  [93/460] r05_fsm_high_fanout              directive on        p=4.0    VIOLATED
  [94/460] r05_fsm_high_fanout              directive on        p=3.0    VIOLATED
  [95/460] r05_fsm_high_fanout              directive on        p=2.25   VIOLATED
  [96/460] r05_fsm_high_fanout              retimed   off       p=6.5    VIOLATED
  [97/460] r05_fsm_high_fanout              retimed   off       p=5.0    VIOLATED
  [98/460] r05_fsm_high_fanout              retimed   off       p=4.0    VIOLATED
  [99/460] r05_fsm_high_fanout              retimed   off       p=3.0    VIOLATED
  [100/460] r05_fsm_high_fanout              retimed   off       p=2.25   VIOLATED
  [101/460] r06_fsm_high_fanin               orig      off       p=5.2    VIOLATED
  [102/460] r06_fsm_high_fanin               orig      off       p=4.0    VIOLATED
  [103/460] r06_fsm_high_fanin               orig      off       p=3.2    VIOLATED
  [104/460] r06_fsm_high_fanin               orig      off       p=2.4    VIOLATED
  [105/460] r06_fsm_high_fanin               orig      off       p=1.8    VIOLATED
  [106/460] r06_fsm_high_fanin               orig      on        p=5.2    VIOLATED
  [107/460] r06_fsm_high_fanin               orig      on        p=4.0    VIOLATED
  [108/460] r06_fsm_high_fanin               orig      on        p=3.2    VIOLATED
Terminated
  phase failed, continuing

=== phase 5/6  Innovus PnR on the physical and power benchmarks :: 14:10:43Z ===
  skip r05_fsm_high_fanout/orig (no MET synthesis run to route)
  skip r05_fsm_high_fanout/retimed (no MET synthesis run to route)
  skip r05_fsm_high_fanout/directive (no MET synthesis run to route)
  skip r22_fanout_wire_load/orig (no MET synthesis run to route)
  skip r22_fanout_wire_load/retimed (no MET synthesis run to route)
  skip r22_fanout_wire_load/directive (no MET synthesis run to route)
  skip r21_wire_pipeline_cross_die/orig (no MET synthesis run to route)
  skip r21_wire_pipeline_cross_die/retimed (no MET synthesis run to route)
  skip r21_wire_pipeline_cross_die/directive (no MET synthesis run to route)
  skip r19_power_activity_retime/orig (no MET synthesis run to route)
  skip r19_power_activity_retime/retimed (no MET synthesis run to route)
  skip r19_power_activity_retime/directive (no MET synthesis run to route)
  skip r20_glitch_absorb/orig (no MET synthesis run to route)
  skip r20_glitch_absorb/retimed (no MET synthesis run to route)
  skip r20_glitch_absorb/directive (no MET synthesis run to route)

=== phase 6/6  rebuild dataset, audit, score :: 14:10:44Z ===
./scripts/run_phases.sh: line 73: syntax error near unexpected token `per,'
./scripts/run_phases.sh: line 73: ` = (per, tag)'
